Archive member included to satisfy reference by file (symbol)

d:/rt-thread/rt-threadstudio/repo/extract/toolchain_support_packages/arm/gnu_tools_for_arm_embedded_processors/10.2.1/bin/../lib/gcc/arm-none-eabi/10.2.1/../../../../arm-none-eabi/lib/thumb/v8-m.main+fp/hard\libc.a(lib_a-atoi.o)
                              ./rt-thread/components/drivers/misc/adc.o (atoi)
d:/rt-thread/rt-threadstudio/repo/extract/toolchain_support_packages/arm/gnu_tools_for_arm_embedded_processors/10.2.1/bin/../lib/gcc/arm-none-eabi/10.2.1/../../../../arm-none-eabi/lib/thumb/v8-m.main+fp/hard\libc.a(lib_a-exit.o)
                              d:/rt-thread/rt-threadstudio/repo/extract/toolchain_support_packages/arm/gnu_tools_for_arm_embedded_processors/10.2.1/bin/../lib/gcc/arm-none-eabi/10.2.1/../../../../arm-none-eabi/lib/thumb/v8-m.main+fp/hard/crt0.o (exit)
d:/rt-thread/rt-threadstudio/repo/extract/toolchain_support_packages/arm/gnu_tools_for_arm_embedded_processors/10.2.1/bin/../lib/gcc/arm-none-eabi/10.2.1/../../../../arm-none-eabi/lib/thumb/v8-m.main+fp/hard\libc.a(lib_a-impure.o)
                              d:/rt-thread/rt-threadstudio/repo/extract/toolchain_support_packages/arm/gnu_tools_for_arm_embedded_processors/10.2.1/bin/../lib/gcc/arm-none-eabi/10.2.1/../../../../arm-none-eabi/lib/thumb/v8-m.main+fp/hard\libc.a(lib_a-exit.o) (_global_impure_ptr)
d:/rt-thread/rt-threadstudio/repo/extract/toolchain_support_packages/arm/gnu_tools_for_arm_embedded_processors/10.2.1/bin/../lib/gcc/arm-none-eabi/10.2.1/../../../../arm-none-eabi/lib/thumb/v8-m.main+fp/hard\libc.a(lib_a-memcmp.o)
                              ./rt-thread/components/finsh/shell.o (memcmp)
d:/rt-thread/rt-threadstudio/repo/extract/toolchain_support_packages/arm/gnu_tools_for_arm_embedded_processors/10.2.1/bin/../lib/gcc/arm-none-eabi/10.2.1/../../../../arm-none-eabi/lib/thumb/v8-m.main+fp/hard\libc.a(lib_a-memcpy.o)
                              ./ra/fsp/src/r_sci_uart/r_sci_uart.o (memcpy)
d:/rt-thread/rt-threadstudio/repo/extract/toolchain_support_packages/arm/gnu_tools_for_arm_embedded_processors/10.2.1/bin/../lib/gcc/arm-none-eabi/10.2.1/../../../../arm-none-eabi/lib/thumb/v8-m.main+fp/hard\libc.a(lib_a-memset.o)
                              d:/rt-thread/rt-threadstudio/repo/extract/toolchain_support_packages/arm/gnu_tools_for_arm_embedded_processors/10.2.1/bin/../lib/gcc/arm-none-eabi/10.2.1/../../../../arm-none-eabi/lib/thumb/v8-m.main+fp/hard/crt0.o (memset)
d:/rt-thread/rt-threadstudio/repo/extract/toolchain_support_packages/arm/gnu_tools_for_arm_embedded_processors/10.2.1/bin/../lib/gcc/arm-none-eabi/10.2.1/../../../../arm-none-eabi/lib/thumb/v8-m.main+fp/hard\libc.a(lib_a-strcmp.o)
                              ./rt-thread/components/drivers/misc/adc.o (strcmp)
d:/rt-thread/rt-threadstudio/repo/extract/toolchain_support_packages/arm/gnu_tools_for_arm_embedded_processors/10.2.1/bin/../lib/gcc/arm-none-eabi/10.2.1/../../../../arm-none-eabi/lib/thumb/v8-m.main+fp/hard\libc.a(lib_a-strcpy.o)
                              ./rt-thread/components/finsh/shell.o (strcpy)
d:/rt-thread/rt-threadstudio/repo/extract/toolchain_support_packages/arm/gnu_tools_for_arm_embedded_processors/10.2.1/bin/../lib/gcc/arm-none-eabi/10.2.1/../../../../arm-none-eabi/lib/thumb/v8-m.main+fp/hard\libc.a(lib_a-strlen-stub.o)
                              ./rt-thread/components/finsh/msh.o (strlen)
d:/rt-thread/rt-threadstudio/repo/extract/toolchain_support_packages/arm/gnu_tools_for_arm_embedded_processors/10.2.1/bin/../lib/gcc/arm-none-eabi/10.2.1/../../../../arm-none-eabi/lib/thumb/v8-m.main+fp/hard\libc.a(lib_a-strncmp.o)
                              ./rt-thread/components/finsh/msh.o (strncmp)
d:/rt-thread/rt-threadstudio/repo/extract/toolchain_support_packages/arm/gnu_tools_for_arm_embedded_processors/10.2.1/bin/../lib/gcc/arm-none-eabi/10.2.1/../../../../arm-none-eabi/lib/thumb/v8-m.main+fp/hard\libc.a(lib_a-strncpy.o)
                              ./rt-thread/components/finsh/shell.o (strncpy)
d:/rt-thread/rt-threadstudio/repo/extract/toolchain_support_packages/arm/gnu_tools_for_arm_embedded_processors/10.2.1/bin/../lib/gcc/arm-none-eabi/10.2.1/../../../../arm-none-eabi/lib/thumb/v8-m.main+fp/hard\libc.a(lib_a-strtol.o)
                              d:/rt-thread/rt-threadstudio/repo/extract/toolchain_support_packages/arm/gnu_tools_for_arm_embedded_processors/10.2.1/bin/../lib/gcc/arm-none-eabi/10.2.1/../../../../arm-none-eabi/lib/thumb/v8-m.main+fp/hard\libc.a(lib_a-atoi.o) (_strtol_r)
d:/rt-thread/rt-threadstudio/repo/extract/toolchain_support_packages/arm/gnu_tools_for_arm_embedded_processors/10.2.1/bin/../lib/gcc/arm-none-eabi/10.2.1/../../../../arm-none-eabi/lib/thumb/v8-m.main+fp/hard\libc.a(lib_a-__call_atexit.o)
[...]
Memory Configuration

Name             Origin             Length             Attributes
FLASH            0x00000000         0x00100000         xr
RAM              0x20000000         0x00040000         xrw
DATA_FLASH       0x08000000         0x00002000         xr
QSPI_FLASH       0x60000000         0x04000000         xr
OSPI_DEVICE_0    0x68000000         0x08000000         xr
OSPI_DEVICE_1    0x70000000         0x10000000         xr
OSPI_DEVICE_0_RAM 0x68000000         0x08000000         xrw
OSPI_DEVICE_1_RAM 0x70000000         0x10000000         xrw
SDRAM            0x90000000         0x00000000         xrw
OPTION_SETTING   0x0100a100         0x00000100         r
OPTION_SETTING_S 0x0100a200         0x00000100         r
ID_CODE          0x00000000         0x00000000         xr
*default*        0x00000000         0xffffffff

Linker script and memory map

LOAD d:/rt-thread/rt-threadstudio/repo/extract/toolchain_support_packages/arm/gnu_tools_for_arm_embedded_processors/10.2.1/bin/../lib/gcc/arm-none-eabi/10.2.1/thumb/v8-m.main+fp/hard/crti.o
LOAD d:/rt-thread/rt-threadstudio/repo/extract/toolchain_support_packages/arm/gnu_tools_for_arm_embedded_processors/10.2.1/bin/../lib/gcc/arm-none-eabi/10.2.1/thumb/v8-m.main+fp/hard/crtbegin.o
LOAD d:/rt-thread/rt-threadstudio/repo/extract/toolchain_support_packages/arm/gnu_tools_for_arm_embedded_processors/10.2.1/bin/../lib/gcc/arm-none-eabi/10.2.1/../../../../arm-none-eabi/lib/thumb/v8-m.main+fp/hard/crt0.o
LOAD ./src/hal_entry.o
LOAD ./src/test1.o
LOAD ./rt-thread/src/clock.o
LOAD ./rt-thread/src/components.o
LOAD ./rt-thread/src/device.o
LOAD ./rt-thread/src/idle.o
LOAD ./rt-thread/src/ipc.o
LOAD ./rt-thread/src/irq.o
LOAD ./rt-thread/src/kservice.o
LOAD ./rt-thread/src/mem.o
LOAD ./rt-thread/src/object.o
LOAD ./rt-thread/src/scheduler.o
LOAD ./rt-thread/src/thread.o
LOAD ./rt-thread/src/timer.o
LOAD ./rt-thread/libcpu/arm/cortex-m4/context_gcc.o
LOAD ./rt-thread/libcpu/arm/cortex-m4/cpuport.o
LOAD ./rt-thread/libcpu/arm/common/backtrace.o
LOAD ./rt-thread/libcpu/arm/common/div0.o
LOAD ./rt-thread/libcpu/arm/common/showmem.o
LOAD ./rt-thread/components/libc/compilers/newlib/syscalls.o
LOAD ./rt-thread/components/libc/compilers/common/stdlib.o
LOAD ./rt-thread/components/libc/compilers/common/time.o
LOAD ./rt-thread/components/finsh/cmd.o
LOAD ./rt-thread/components/finsh/msh.o
LOAD ./rt-thread/components/finsh/shell.o
LOAD ./rt-thread/components/drivers/serial/serial_v2.o
LOAD ./rt-thread/components/drivers/misc/adc.o
LOAD ./rt-thread/components/drivers/misc/pin.o
LOAD ./rt-thread/components/drivers/ipc/completion.o
LOAD ./rt-thread/components/drivers/ipc/dataqueue.o
LOAD ./rt-thread/components/drivers/ipc/pipe.o
LOAD ./rt-thread/components/drivers/ipc/ringblk_buf.o
LOAD ./rt-thread/components/drivers/ipc/ringbuffer.o
LOAD ./rt-thread/components/drivers/ipc/waitqueue.o
LOAD ./rt-thread/components/drivers/ipc/workqueue.o
LOAD ./ra_gen/common_data.o
LOAD ./ra_gen/hal_data.o
LOAD ./ra_gen/main.o
LOAD ./ra_gen/pin_data.o
LOAD ./ra_gen/vector_data.o
LOAD ./ra/fsp/src/r_sci_uart/r_sci_uart.o
LOAD ./ra/fsp/src/r_ioport/r_ioport.o
LOAD ./ra/fsp/src/r_icu/r_icu.o
LOAD ./ra/fsp/src/r_adc/r_adc.o
LOAD ./ra/fsp/src/bsp/mcu/all/bsp_clocks.o
LOAD ./ra/fsp/src/bsp/mcu/all/bsp_common.o
LOAD ./ra/fsp/src/bsp/mcu/all/bsp_delay.o
LOAD ./ra/fsp/src/bsp/mcu/all/bsp_group_irq.o
LOAD ./ra/fsp/src/bsp/mcu/all/bsp_guard.o
LOAD ./ra/fsp/src/bsp/mcu/all/bsp_io.o
LOAD ./ra/fsp/src/bsp/mcu/all/bsp_irq.o
LOAD ./ra/fsp/src/bsp/mcu/all/bsp_register_protection.o
LOAD ./ra/fsp/src/bsp/mcu/all/bsp_rom_registers.o
LOAD ./ra/fsp/src/bsp/mcu/all/bsp_sbrk.o
LOAD ./ra/fsp/src/bsp/mcu/all/bsp_security.o
LOAD ./ra/fsp/src/bsp/cmsis/Device/RENESAS/Source/startup.o
LOAD ./ra/fsp/src/bsp/cmsis/Device/RENESAS/Source/system.o
LOAD ./libraries/HAL_Drivers/drv_adc.o
LOAD ./libraries/HAL_Drivers/drv_common.o
LOAD ./libraries/HAL_Drivers/drv_gpio.o
LOAD ./libraries/HAL_Drivers/drv_usart_v2.o
LOAD ./board/ports/drv_rw007.o
LOAD d:/rt-thread/rt-threadstudio/repo/extract/toolchain_support_packages/arm/gnu_tools_for_arm_embedded_processors/10.2.1/bin/../lib/gcc/arm-none-eabi/10.2.1/../../../../arm-none-eabi/lib/thumb/v8-m.main+fp/hard\libm.a
LOAD d:/rt-thread/rt-threadstudio/repo/extract/toolchain_support_packages/arm/gnu_tools_for_arm_embedded_processors/10.2.1/bin/../lib/gcc/arm-none-eabi/10.2.1/../../../../arm-none-eabi/lib/thumb/v8-m.main+fp/hard\libc.a
START GROUP
LOAD d:/rt-thread/rt-threadstudio/repo/extract/toolchain_support_packages/arm/gnu_tools_for_arm_embedded_processors/10.2.1/bin/../lib/gcc/arm-none-eabi/10.2.1/thumb/v8-m.main+fp/hard\libgcc.a
LOAD d:/rt-thread/rt-threadstudio/repo/extract/toolchain_support_packages/arm/gnu_tools_for_arm_embedded_processors/10.2.1/bin/../lib/gcc/arm-none-eabi/10.2.1/../../../../arm-none-eabi/lib/thumb/v8-m.main+fp/hard\libc.a
END GROUP
LOAD d:/rt-thread/rt-threadstudio/repo/extract/toolchain_support_packages/arm/gnu_tools_for_arm_embedded_processors/10.2.1/bin/../lib/gcc/arm-none-eabi/10.2.1/thumb/v8-m.main+fp/hard/crtend.o
LOAD d:/rt-thread/rt-threadstudio/repo/extract/toolchain_support_packages/arm/gnu_tools_for_arm_embedded_processors/10.2.1/bin/../lib/gcc/arm-none-eabi/10.2.1/thumb/v8-m.main+fp/hard/crtn.o
                0x20000000                RAM_START = 0x20000000
                0x00040000                RAM_LENGTH = 0x40000
                0x00000000                FLASH_START = 0x0
                0x00100000                FLASH_LENGTH = 0x100000
                0x08000000                DATA_FLASH_START = 0x8000000
                0x00002000                DATA_FLASH_LENGTH = 0x2000
                0x0100a100                OPTION_SETTING_START = 0x100a100
                0x00000100                OPTION_SETTING_LENGTH = 0x100
                0x0100a200                OPTION_SETTING_S_START = 0x100a200
                0x00000100                OPTION_SETTING_S_LENGTH = 0x100
                0x00000000                ID_CODE_START = 0x0
                0x00000000                ID_CODE_LENGTH = 0x0
                0x90000000                SDRAM_START = 0x90000000
                0x00000000                SDRAM_LENGTH = 0x0
                0x60000000                QSPI_FLASH_START = 0x60000000
                0x04000000                QSPI_FLASH_LENGTH = 0x4000000
                0x68000000                OSPI_DEVICE_0_START = 0x68000000
                0x08000000                OSPI_DEVICE_0_LENGTH = 0x8000000
                0x70000000                OSPI_DEVICE_1_START = 0x70000000
                0x10000000                OSPI_DEVICE_1_LENGTH = 0x10000000
                0x04000000                QSPI_FLASH_PRV_LENGTH = DEFINED (QSPI_FLASH_SIZE)?ABSOLUTE (QSPI_FLASH_SIZE):ABSOLUTE (QSPI_FLASH_LENGTH)
                0x08000000                OSPI_DEVICE_0_PRV_LENGTH = DEFINED (OSPI_DEVICE_0_SIZE)?ABSOLUTE (OSPI_DEVICE_0_SIZE):ABSOLUTE (OSPI_DEVICE_0_LENGTH)
                0x10000000                OSPI_DEVICE_1_PRV_LENGTH = DEFINED (OSPI_DEVICE_1_SIZE)?ABSOLUTE (OSPI_DEVICE_1_SIZE):ABSOLUTE (OSPI_DEVICE_1_LENGTH)
                0x00000000                __RESERVE_NS_RAM = ((! (DEFINED (PROJECT_NONSECURE)) && DEFINED (RAM_NS_BUFFER_LENGTH)) && (OPTION_SETTING_S_LENGTH != 0x0))
                0x00000000                RAM_NS_BUFFER_BLOCK_LENGTH = DEFINED (RAM_NS_BUFFER_LENGTH)?ALIGN (RAM_NS_BUFFER_LENGTH, 0x2000):0x0
                0x00000000                RAM_NS_BUFFER_LENGTH = DEFINED (RAM_NS_BUFFER_LENGTH)?RAM_NS_BUFFER_LENGTH:0x0
                0x20040000                RAM_NS_BUFFER_START = ((RAM_START + RAM_LENGTH) - RAM_NS_BUFFER_LENGTH)
                0x20040000                RAM_NS_BUFFER_BLOCK_START = ((RAM_START + RAM_LENGTH) - RAM_NS_BUFFER_BLOCK_LENGTH)
                0x0100a180                OPTION_SETTING_START_NS = 0x100a180
                0x00000001                __bl_FSP_BOOTABLE_IMAGE = 0x1
                0x00000001                __bln_FSP_BOOTABLE_IMAGE = 0x1
                0x00000001                PROJECT_SECURE_OR_FLAT = ((! (DEFINED (PROJECT_NONSECURE)) && OPTION_SETTING_LENGTH) && ! (DEFINED (FSP_BOOTABLE_IMAGE)))
                0x00000000                USE_OPTION_SETTING_NS = (DEFINED (PROJECT_NONSECURE) && ! (DEFINED (FSP_BOOTABLE_IMAGE)))
                0x00000000                __bl_FLASH_IMAGE_START = ! (DEFINED (FLASH_BOOTLOADER_LENGTH))?0x0:(FLASH_APPLICATION_IMAGE_NUMBER == 0x1)?(FLASH_BOOTLOADER_LENGTH + FLASH_BOOTLOADER_HEADER_LENGTH):(((FLASH_BOOTLOADER_LENGTH + FLASH_BOOTLOADER_SCRATCH_LENGTH) + FLASH_APPLICATION_S_LENGTH) + FLASH_BOOTLOADER_HEADER_LENGTH)
                0x00000000                __bl_FLASH_IMAGE_LENGTH = ! (DEFINED (FLASH_BOOTLOADER_LENGTH))?0x0:(FLASH_APPLICATION_S_LENGTH - FLASH_BOOTLOADER_HEADER_LENGTH)
                0x00000000                __bl_FLASH_IMAGE_END = (__bl_FLASH_IMAGE_START + __bl_FLASH_IMAGE_LENGTH)
                0x00000000                __bl_FLASH_NS_START = ! (DEFINED (FLASH_BOOTLOADER_LENGTH))?0x0:(FLASH_APPLICATION_NS_LENGTH == 0x0)?__bl_FLASH_IMAGE_END:((__bl_FLASH_IMAGE_START - FLASH_BOOTLOADER_HEADER_LENGTH) + FLASH_APPLICATION_S_LENGTH)
                0x00000000                __bl_FLASH_NSC_START = ! (DEFINED (FLASH_BOOTLOADER_LENGTH))?0x0:(FLASH_APPLICATION_NS_LENGTH == 0x0)?__bl_FLASH_IMAGE_END:(__bl_FLASH_NS_START - FLASH_APPLICATION_NSC_LENGTH)
                0x00000000                __bl_RAM_NS_START = ! (DEFINED (FLASH_BOOTLOADER_LENGTH))?0x0:(FLASH_APPLICATION_NS_LENGTH == 0x0)?(RAM_START + RAM_LENGTH):((RAM_START + RAM_LENGTH) - RAM_APPLICATION_NS_LENGTH)
                0x00000000                __bl_RAM_NSC_START = ! (DEFINED (FLASH_BOOTLOADER_LENGTH))?0x0:(FLASH_APPLICATION_NS_LENGTH == 0x0)?(RAM_START + RAM_LENGTH):(__bl_RAM_NS_START - RAM_APPLICATION_NSC_LENGTH)
                0x00000000                __bl_FLASH_NS_IMAGE_START = ! (DEFINED (FLASH_BOOTLOADER_LENGTH))?0x0:(FLASH_APPLICATION_NS_LENGTH == 0x0)?__bl_FLASH_IMAGE_END:(__bl_FLASH_NS_START + FLASH_BOOTLOADER_HEADER_LENGTH_2)
                0x00000000                __bln_FLASH_IMAGE_START = __bl_FLASH_NS_IMAGE_START
                0x00000000                __bln_FLASH_IMAGE_LENGTH = ! (DEFINED (FLASH_BOOTLOADER_LENGTH))?0x0:(FLASH_APPLICATION_NS_LENGTH == 0x0)?__bl_FLASH_IMAGE_END:(FLASH_APPLICATION_NS_LENGTH - FLASH_BOOTLOADER_HEADER_LENGTH_2)
                0x00000000                FLASH_ORIGIN = DEFINED (FLASH_IMAGE_START)?FLASH_IMAGE_START:FLASH_START
                0x00100000                LIMITED_FLASH_LENGTH = DEFINED (FLASH_IMAGE_LENGTH)?FLASH_IMAGE_LENGTH:DEFINED (FLASH_BOOTLOADER_LENGTH)?FLASH_BOOTLOADER_LENGTH:FLASH_LENGTH
START GROUP
LOAD d:/rt-thread/rt-threadstudio/repo/extract/toolchain_support_packages/arm/gnu_tools_for_arm_embedded_processors/10.2.1/bin/../lib/gcc/arm-none-eabi/10.2.1/thumb/v8-m.main+fp/hard\libgcc.a
LOAD d:/rt-thread/rt-threadstudio/repo/extract/toolchain_support_packages/arm/gnu_tools_for_arm_embedded_processors/10.2.1/bin/../lib/gcc/arm-none-eabi/10.2.1/../../../../arm-none-eabi/lib/thumb/v8-m.main+fp/hard\libc.a
LOAD d:/rt-thread/rt-threadstudio/repo/extract/toolchain_support_packages/arm/gnu_tools_for_arm_embedded_processors/10.2.1/bin/../lib/gcc/arm-none-eabi/10.2.1/../../../../arm-none-eabi/lib/thumb/v8-m.main+fp/hard\libm.a
LOAD d:/rt-thread/rt-threadstudio/repo/extract/toolchain_support_packages/arm/gnu_tools_for_arm_embedded_processors/10.2.1/bin/../lib/gcc/arm-none-eabi/10.2.1/../../../../arm-none-eabi/lib/thumb/v8-m.main+fp/hard\libnosys.a
END GROUP

.text           0x00000000     0xf194
                0x00000000                __tz_FLASH_S = ABSOLUTE (FLASH_START)
                0x00000000                __ROM_Start = .
 *(.fixed_vectors*)
 .fixed_vectors
                0x00000000       0x40 ./ra/fsp/src/bsp/cmsis/Device/RENESAS/Source/startup.o
                0x00000000                __Vectors
 *(.application_vectors*)
 .application_vectors
                0x00000040      0x180 ./ra_gen/vector_data.o
                0x00000040                g_vector_table
                0x000001c0                __Vectors_End = .
                0x000001c0                . = (OPTION_SETTING_LENGTH > 0x0)?.:(__ROM_Start + 0x400)
 *(.rom_registers*)
                0x000001c0                . = (OPTION_SETTING_LENGTH > 0x0)?.:(__ROM_Start + 0x500)
                0x00000200                . = ALIGN (0x80)
 *fill*         0x000001c0       0x40 ff
 *(.mcuboot_sce9_key*)
 *(.text*)
 .text          0x00000200       0x40 d:/rt-thread/rt-threadstudio/repo/extract/toolchain_support_packages/arm/gnu_tools_for_arm_embedded_processors/10.2.1/bin/../lib/gcc/arm-none-eabi/10.2.1/thumb/v8-m.main+fp/hard/crtbegin.o
 .text.hal_entry
                0x00000240       0x34 ./src/hal_entry.o
                0x00000240                hal_entry
 .text.irq_callback_test
                0x00000274       0x1c ./src/hal_entry.o
                0x00000274                irq_callback_test
 .text.icu_sample
                0x00000290       0x68 ./src/hal_entry.o
                0x00000290                icu_sample
 .text.adc_vol_sample
                0x000002f8       0xcc ./src/test1.o
 .text.rt_tick_get
                0x000003c4       0x18 ./rt-thread/src/clock.o
                0x000003c4                rt_tick_get
 .text.rt_tick_increase
                0x000003dc       0x7c ./rt-thread/src/clock.o
                0x000003dc                rt_tick_increase
 .text.rt_tick_from_millisecond
                0x00000458       0x78 ./rt-thread/src/clock.o
                0x00000458                rt_tick_from_millisecond
 .text.rti_start
                0x000004d0       0x10 ./rt-thread/src/components.o
 .text.rti_board_start
                0x000004e0       0x10 ./rt-thread/src/components.o
 .text.rti_board_end
                0x000004f0       0x10 ./rt-thread/src/components.o
 .text.rti_end  0x00000500       0x10 ./rt-thread/src/components.o
 .text.rt_components_board_init
                0x00000510       0x34 ./rt-thread/src/components.o
                0x00000510                rt_components_board_init
 .text.rt_components_init
                0x00000544       0x34 ./rt-thread/src/components.o
                0x00000544                rt_components_init
 .text.entry    0x00000578        0xe ./rt-thread/src/components.o
                0x00000578                entry
 .text.main_thread_entry
                0x00000586       0x18 ./rt-thread/src/components.o
                0x00000586                main_thread_entry
 *fill*         0x0000059e        0x2 ff
 .text.rt_application_init
                0x000005a0       0x4c ./rt-thread/src/components.o
                0x000005a0                rt_application_init
 .text.rtthread_startup
                0x000005ec       0x2e ./rt-thread/src/components.o
                0x000005ec                rtthread_startup
 .text.rt_device_register
                0x0000061a       0x54 ./rt-thread/src/device.o
                0x0000061a                rt_device_register
 .text.rt_device_find
                0x0000066e       0x1a ./rt-thread/src/device.o
                0x0000066e                rt_device_find
 .text.rt_device_open
                0x00000688      0x108 ./rt-thread/src/device.o
                0x00000688                rt_device_open
 .text.rt_device_close
                0x00000790       0x9c ./rt-thread/src/device.o
                0x00000790                rt_device_close
 .text.rt_device_read
                0x0000082c       0x88 ./rt-thread/src/device.o
                0x0000082c                rt_device_read
 .text.rt_device_write
                0x000008b4       0x88 ./rt-thread/src/device.o
                0x000008b4                rt_device_write
 .text.rt_device_set_rx_indicate
                0x0000093c       0x54 ./rt-thread/src/device.o
                0x0000093c                rt_device_set_rx_indicate
 .text.rt_list_insert_after
                0x00000990       0x32 ./rt-thread/src/idle.o
 .text.rt_list_remove
                0x000009c2       0x36 ./rt-thread/src/idle.o
 .text.rt_thread_defunct_enqueue
                0x000009f8       0x20 ./rt-thread/src/idle.o
                0x000009f8                rt_thread_defunct_enqueue
 .text.rt_thread_defunct_dequeue
                0x00000a18       0x44 ./rt-thread/src/idle.o
                0x00000a18                rt_thread_defunct_dequeue
 .text.rt_defunct_execute
                0x00000a5c       0x54 ./rt-thread/src/idle.o
 .text.rt_thread_idle_entry
                0x00000ab0       0x38 ./rt-thread/src/idle.o
 .text.rt_thread_idle_init
                0x00000ae8       0x78 ./rt-thread/src/idle.o
                0x00000ae8                rt_thread_idle_init
 .text.rt_list_init
                0x00000b60       0x22 ./rt-thread/src/ipc.o
 .text.rt_list_insert_before
                0x00000b82       0x32 ./rt-thread/src/ipc.o
 .text.rt_list_isempty
                0x00000bb4       0x24 ./rt-thread/src/ipc.o
 .text._ipc_object_init
                0x00000bd8       0x1c ./rt-thread/src/ipc.o
 .text._ipc_list_suspend
                0x00000bf4       0xa4 ./rt-thread/src/ipc.o
 .text._ipc_list_resume
                0x00000c98       0x20 ./rt-thread/src/ipc.o
 .text.rt_sem_init
                0x00000cb8       0x88 ./rt-thread/src/ipc.o
                0x00000cb8                rt_sem_init
 .text.rt_sem_take
                0x00000d40      0x190 ./rt-thread/src/ipc.o
                0x00000d40                rt_sem_take
 .text.rt_sem_release
                0x00000ed0       0xbc ./rt-thread/src/ipc.o
                0x00000ed0                rt_sem_release
 .text.rt_mutex_init
                0x00000f8c       0x64 ./rt-thread/src/ipc.o
                0x00000f8c                rt_mutex_init
 .text.rt_mutex_take
                0x00000ff0      0x21c ./rt-thread/src/ipc.o
                0x00000ff0                rt_mutex_take
 .text.rt_mutex_release
                0x0000120c      0x1bc ./rt-thread/src/ipc.o
                0x0000120c                rt_mutex_release
 .text.rt_interrupt_enter
                0x000013c8       0x40 ./rt-thread/src/irq.o
                0x000013c8                rt_interrupt_enter
 .text.rt_interrupt_leave
                0x00001408       0x40 ./rt-thread/src/irq.o
                0x00001408                rt_interrupt_leave
 .text.rt_interrupt_get_nest
                0x00001448       0x28 ./rt-thread/src/irq.o
                0x00001448                rt_interrupt_get_nest
 .text.rt_set_errno
                0x00001470       0x40 ./rt-thread/src/kservice.o
                0x00001470                rt_set_errno
 .text._rt_errno
                0x000014b0       0x34 ./rt-thread/src/kservice.o
                0x000014b0                _rt_errno
 .text.rt_memset
                0x000014e4       0xb6 ./rt-thread/src/kservice.o
                0x000014e4                rt_memset
 .text.rt_memcpy
                0x0000159a       0xd2 ./rt-thread/src/kservice.o
                0x0000159a                rt_memcpy
 .text.rt_memmove
                0x0000166c       0x82 ./rt-thread/src/kservice.o
                0x0000166c                rt_memmove
 .text.rt_strncpy
                0x000016ee       0x64 ./rt-thread/src/kservice.o
                0x000016ee                rt_strncpy
 .text.rt_strncmp
                0x00001752       0x4a ./rt-thread/src/kservice.o
                0x00001752                rt_strncmp
 .text.rt_strlen
                0x0000179c       0x2e ./rt-thread/src/kservice.o
                0x0000179c                rt_strlen
 *fill*         0x000017ca        0x2 ff
 .text.rt_show_version
                0x000017cc       0x4c ./rt-thread/src/kservice.o
                0x000017cc                rt_show_version
 .text.divide   0x00001818       0x68 ./rt-thread/src/kservice.o
 .text.skip_atoi
                0x00001880       0x40 ./rt-thread/src/kservice.o
 .text.print_number
                0x000018c0      0x1dc ./rt-thread/src/kservice.o
 .text.rt_vsnprintf
                0x00001a9c      0x4ac ./rt-thread/src/kservice.o
                0x00001a9c                rt_vsnprintf
 .text.rt_vsprintf
                0x00001f48       0x24 ./rt-thread/src/kservice.o
                0x00001f48                rt_vsprintf
 .text.rt_sprintf
                0x00001f6c       0x2c ./rt-thread/src/kservice.o
                0x00001f6c                rt_sprintf
 .text.rt_console_get_device
                0x00001f98       0x18 ./rt-thread/src/kservice.o
                0x00001f98                rt_console_get_device
 .text.rt_console_set_device
                0x00001fb0       0x58 ./rt-thread/src/kservice.o
                0x00001fb0                rt_console_set_device
 .text.rt_hw_console_output
                0x00002008       0x14 ./rt-thread/src/kservice.o
                0x00002008                rt_hw_console_output
 .text.rt_kprintf
                0x0000201c       0x60 ./rt-thread/src/kservice.o
                0x0000201c                rt_kprintf
 .text._heap_lock_init
                0x0000207c       0x1c ./rt-thread/src/kservice.o
 .text._heap_lock
                0x00002098       0x28 ./rt-thread/src/kservice.o
 .text._heap_unlock
                0x000020c0       0x40 ./rt-thread/src/kservice.o
 .text._smem_info
                0x00002100       0x4c ./rt-thread/src/kservice.o
 .text.rt_system_heap_init
                0x0000214c       0x64 ./rt-thread/src/kservice.o
                0x0000214c                rt_system_heap_init
 .text.rt_malloc
                0x000021b0       0x48 ./rt-thread/src/kservice.o
                0x000021b0                rt_malloc
 .text.rt_calloc
                0x000021f8       0x3c ./rt-thread/src/kservice.o
                0x000021f8                rt_calloc
 .text.rt_free  0x00002234       0x38 ./rt-thread/src/kservice.o
                0x00002234                rt_free
 .text.rt_memory_info
                0x0000226c       0x2a ./rt-thread/src/kservice.o
                0x0000226c                rt_memory_info
 *fill*         0x00002296        0x2 ff
 .text.rt_assert_handler
                0x00002298       0x4c ./rt-thread/src/kservice.o
                0x00002298                rt_assert_handler
 .text.plug_holes
                0x000022e4       0xf8 ./rt-thread/src/mem.o
 .text.rt_smem_init
                0x000023dc      0x104 ./rt-thread/src/mem.o
                0x000023dc                rt_smem_init
 .text.rt_smem_alloc
                0x000024e0      0x268 ./rt-thread/src/mem.o
                0x000024e0                rt_smem_alloc
 .text.rt_smem_free
                0x00002748      0x140 ./rt-thread/src/mem.o
                0x00002748                rt_smem_free
 .text.rt_list_insert_after
                0x00002888       0x32 ./rt-thread/src/object.o
 .text.rt_list_remove
                0x000028ba       0x36 ./rt-thread/src/object.o
 .text.rt_object_get_information
                0x000028f0       0x48 ./rt-thread/src/object.o
                0x000028f0                rt_object_get_information
 .text.rt_object_init
                0x00002938       0xcc ./rt-thread/src/object.o
                0x00002938                rt_object_init
 .text.rt_object_detach
                0x00002a04       0x5c ./rt-thread/src/object.o
                0x00002a04                rt_object_detach
 .text.rt_object_allocate
                0x00002a60       0xd8 ./rt-thread/src/object.o
                0x00002a60                rt_object_allocate
 .text.rt_object_delete
                0x00002b38       0x7c ./rt-thread/src/object.o
                0x00002b38                rt_object_delete
 .text.rt_object_is_systemobject
                0x00002bb4       0x3c ./rt-thread/src/object.o
                0x00002bb4                rt_object_is_systemobject
 .text.rt_object_get_type
                0x00002bf0       0x34 ./rt-thread/src/object.o
                0x00002bf0                rt_object_get_type
 .text.rt_object_find
                0x00002c24       0xb4 ./rt-thread/src/object.o
                0x00002c24                rt_object_find
 .text.rt_list_init
                0x00002cd8       0x22 ./rt-thread/src/scheduler.o
 .text.rt_list_insert_before
                0x00002cfa       0x32 ./rt-thread/src/scheduler.o
 .text.rt_list_remove
                0x00002d2c       0x36 ./rt-thread/src/scheduler.o
 .text.rt_list_isempty
                0x00002d62       0x24 ./rt-thread/src/scheduler.o
 *fill*         0x00002d86        0x2 ff
 .text._rt_scheduler_stack_check
                0x00002d88       0x94 ./rt-thread/src/scheduler.o
 .text._scheduler_get_highest_priority_thread
                0x00002e1c       0x38 ./rt-thread/src/scheduler.o
 .text.rt_system_scheduler_init
                0x00002e54       0x38 ./rt-thread/src/scheduler.o
                0x00002e54                rt_system_scheduler_init
 .text.rt_system_scheduler_start
                0x00002e8c       0x38 ./rt-thread/src/scheduler.o
                0x00002e8c                rt_system_scheduler_start
 .text.rt_schedule
                0x00002ec4      0x19c ./rt-thread/src/scheduler.o
                0x00002ec4                rt_schedule
 .text.rt_schedule_insert_thread
                0x00003060       0xac ./rt-thread/src/scheduler.o
                0x00003060                rt_schedule_insert_thread
 .text.rt_schedule_remove_thread
                0x0000310c       0x70 ./rt-thread/src/scheduler.o
                0x0000310c                rt_schedule_remove_thread
 .text.rt_enter_critical
                0x0000317c       0x2c ./rt-thread/src/scheduler.o
                0x0000317c                rt_enter_critical
 .text.rt_exit_critical
                0x000031a8       0x54 ./rt-thread/src/scheduler.o
                0x000031a8                rt_exit_critical
 .text.rt_critical_level
                0x000031fc       0x1c ./rt-thread/src/scheduler.o
                0x000031fc                rt_critical_level
 .text.rt_list_init
                0x00003218       0x22 ./rt-thread/src/thread.o
 .text.rt_list_remove
                0x0000323a       0x36 ./rt-thread/src/thread.o
 .text._thread_exit
                0x00003270       0x42 ./rt-thread/src/thread.o
 *fill*         0x000032b2        0x2 ff
 .text._thread_timeout
                0x000032b4       0x8c ./rt-thread/src/thread.o
 .text._thread_init
                0x00003340       0xfc ./rt-thread/src/thread.o
 .text.rt_thread_init
                0x0000343c       0x70 ./rt-thread/src/thread.o
                0x0000343c                rt_thread_init
 .text.rt_thread_self
                0x000034ac       0x18 ./rt-thread/src/thread.o
                0x000034ac                rt_thread_self
 .text.rt_thread_startup
                0x000034c4       0x94 ./rt-thread/src/thread.o
                0x000034c4                rt_thread_startup
 .text.rt_thread_detach
                0x00003558       0xb0 ./rt-thread/src/thread.o
                0x00003558                rt_thread_detach
 .text.rt_thread_create
                0x00003608       0x62 ./rt-thread/src/thread.o
                0x00003608                rt_thread_create
 *fill*         0x0000366a        0x2 ff
 .text.rt_thread_delete
                0x0000366c       0xb0 ./rt-thread/src/thread.o
                0x0000366c                rt_thread_delete
 .text.rt_thread_sleep
                0x0000371c       0x94 ./rt-thread/src/thread.o
                0x0000371c                rt_thread_sleep
 .text.rt_thread_delay
                0x000037b0       0x18 ./rt-thread/src/thread.o
                0x000037b0                rt_thread_delay
 .text.rt_thread_mdelay
                0x000037c8       0x20 ./rt-thread/src/thread.o
                0x000037c8                rt_thread_mdelay
 .text.rt_thread_control
                0x000037e8       0xfc ./rt-thread/src/thread.o
                0x000037e8                rt_thread_control
 .text.rt_thread_suspend
                0x000038e4       0xc8 ./rt-thread/src/thread.o
                0x000038e4                rt_thread_suspend
 .text.rt_thread_resume
                0x000039ac       0x98 ./rt-thread/src/thread.o
                0x000039ac                rt_thread_resume
 .text.rt_list_init
                0x00003a44       0x22 ./rt-thread/src/timer.o
 .text.rt_list_insert_after
                0x00003a66       0x32 ./rt-thread/src/timer.o
 .text.rt_list_remove
                0x00003a98       0x36 ./rt-thread/src/timer.o
 .text.rt_list_isempty
                0x00003ace       0x24 ./rt-thread/src/timer.o
 .text._timer_init
                0x00003af2       0x6a ./rt-thread/src/timer.o
 .text._timer_list_next_timeout
                0x00003b5c       0x48 ./rt-thread/src/timer.o
 .text._timer_remove
                0x00003ba4       0x36 ./rt-thread/src/timer.o
 *fill*         0x00003bda        0x2 ff
 .text.rt_timer_init
                0x00003bdc       0x7c ./rt-thread/src/timer.o
                0x00003bdc                rt_timer_init
 .text.rt_timer_detach
                0x00003c58       0x90 ./rt-thread/src/timer.o
                0x00003c58                rt_timer_detach
 .text.rt_timer_start
                0x00003ce8      0x224 ./rt-thread/src/timer.o
                0x00003ce8                rt_timer_start
 .text.rt_timer_stop
                0x00003f0c       0x94 ./rt-thread/src/timer.o
                0x00003f0c                rt_timer_stop
 .text.rt_timer_control
                0x00003fa0       0xf8 ./rt-thread/src/timer.o
                0x00003fa0                rt_timer_control
 .text.rt_timer_check
                0x00004098      0x108 ./rt-thread/src/timer.o
                0x00004098                rt_timer_check
 .text.rt_soft_timer_check
                0x000041a0      0x11c ./rt-thread/src/timer.o
                0x000041a0                rt_soft_timer_check
 .text._timer_thread_entry
                0x000042bc       0x5c ./rt-thread/src/timer.o
 .text.rt_system_timer_init
                0x00004318       0x34 ./rt-thread/src/timer.o
                0x00004318                rt_system_timer_init
 .text.rt_system_timer_thread_init
                0x0000434c       0x68 ./rt-thread/src/timer.o
                0x0000434c                rt_system_timer_thread_init
 .text          0x000043b4      0x13c ./rt-thread/libcpu/arm/cortex-m4/context_gcc.o
                0x000043b4                rt_hw_interrupt_disable
                0x000043bc                rt_hw_interrupt_enable
                0x000043c2                rt_hw_context_switch_interrupt
                0x000043c2                rt_hw_context_switch
                0x000043e2                PendSV_Handler
                0x0000444e                rt_hw_context_switch_to
                0x00004494                rt_hw_interrupt_thread_switch
                0x00004498                HardFault_Handler
 .text.rt_hw_stack_init
                0x000044f0       0x90 ./rt-thread/libcpu/arm/cortex-m4/cpuport.o
                0x000044f0                rt_hw_stack_init
 .text.usage_fault_track
                0x00004580       0xc4 ./rt-thread/libcpu/arm/cortex-m4/cpuport.o
 .text.bus_fault_track
                0x00004644       0xcc ./rt-thread/libcpu/arm/cortex-m4/cpuport.o
 .text.mem_manage_fault_track
                0x00004710       0xb4 ./rt-thread/libcpu/arm/cortex-m4/cpuport.o
 .text.hard_fault_track
                0x000047c4       0x78 ./rt-thread/libcpu/arm/cortex-m4/cpuport.o
 .text.rt_hw_hard_fault_exception
                0x0000483c      0x184 ./rt-thread/libcpu/arm/cortex-m4/cpuport.o
                0x0000483c                rt_hw_hard_fault_exception
 .text.__rt_ffs
                0x000049c0       0x2a ./rt-thread/libcpu/arm/cortex-m4/cpuport.o
                0x000049c0                __rt_ffs
 .text.__errno  0x000049ea        0xe ./rt-thread/components/libc/compilers/newlib/syscalls.o
                0x000049ea                __errno
 .text.rt_list_isempty
                0x000049f8       0x24 ./rt-thread/components/finsh/cmd.o
 .text.rt_list_len
                0x00004a1c       0x36 ./rt-thread/components/finsh/cmd.o
 *fill*         0x00004a52        0x2 ff
 .text.clear    0x00004a54       0x14 ./rt-thread/components/finsh/cmd.o
 .text.version  0x00004a68        0xe ./rt-thread/components/finsh/cmd.o
                0x00004a68                version
 *fill*         0x00004a76        0x2 ff
 .text.object_split
                0x00004a78       0x28 ./rt-thread/components/finsh/cmd.o
 .text.list_find_init
                0x00004aa0       0x46 ./rt-thread/components/finsh/cmd.o
 .text.list_get_next
                0x00004ae6       0xc6 ./rt-thread/components/finsh/cmd.o
 .text.list_thread
                0x00004bac      0x208 ./rt-thread/components/finsh/cmd.o
                0x00004bac                list_thread
 .text.show_wait_queue
                0x00004db4       0x54 ./rt-thread/components/finsh/cmd.o
 .text.list_sem
                0x00004e08      0x12c ./rt-thread/components/finsh/cmd.o
                0x00004e08                list_sem
 .text.list_event
                0x00004f34      0x118 ./rt-thread/components/finsh/cmd.o
                0x00004f34                list_event
 .text.list_mutex
                0x0000504c       0xe8 ./rt-thread/components/finsh/cmd.o
                0x0000504c                list_mutex
 .text.list_mailbox
                0x00005134      0x13c ./rt-thread/components/finsh/cmd.o
                0x00005134                list_mailbox
 .text.list_msgqueue
                0x00005270      0x12c ./rt-thread/components/finsh/cmd.o
                0x00005270                list_msgqueue
 .text.list_timer
                0x0000539c      0x128 ./rt-thread/components/finsh/cmd.o
                0x0000539c                list_timer
 .text.list_device
                0x000054c4       0xf0 ./rt-thread/components/finsh/cmd.o
                0x000054c4                list_device
 .text.msh_help
                0x000055b4       0x5c ./rt-thread/components/finsh/msh.o
                0x000055b4                msh_help
 .text.cmd_ps   0x00005610       0x18 ./rt-thread/components/finsh/msh.o
                0x00005610                cmd_ps
 .text.cmd_free
                0x00005628       0x5c ./rt-thread/components/finsh/msh.o
                0x00005628                cmd_free
 .text.msh_split
                0x00005684      0x170 ./rt-thread/components/finsh/msh.o
 .text.msh_get_cmd
                0x000057f4       0x64 ./rt-thread/components/finsh/msh.o
 .text._msh_exec_cmd
                0x00005858       0xd4 ./rt-thread/components/finsh/msh.o
 .text.msh_exec
                0x0000592c       0x8c ./rt-thread/components/finsh/msh.o
                0x0000592c                msh_exec
 .text.str_common
                0x000059b8       0x4a ./rt-thread/components/finsh/msh.o
 *fill*         0x00005a02        0x2 ff
 .text.msh_auto_complete
                0x00005a04       0xb0 ./rt-thread/components/finsh/msh.o
                0x00005a04                msh_auto_complete
 .text.finsh_get_prompt
                0x00005ab4       0x7c ./rt-thread/components/finsh/shell.o
                0x00005ab4                finsh_get_prompt
 .text.finsh_set_prompt_mode
                0x00005b30       0x48 ./rt-thread/components/finsh/shell.o
                0x00005b30                finsh_set_prompt_mode
 .text.finsh_getchar
                0x00005b78       0x90 ./rt-thread/components/finsh/shell.o
                0x00005b78                finsh_getchar
 .text.finsh_rx_ind
                0x00005c08       0x3c ./rt-thread/components/finsh/shell.o
 .text.finsh_set_device
                0x00005c44       0xd8 ./rt-thread/components/finsh/shell.o
                0x00005c44                finsh_set_device
 .text.shell_auto_complete
                0x00005d1c       0x34 ./rt-thread/components/finsh/shell.o
 .text.shell_handle_history
                0x00005d50       0x34 ./rt-thread/components/finsh/shell.o
 .text.shell_push_history
                0x00005d84      0x15e ./rt-thread/components/finsh/shell.o
 *fill*         0x00005ee2        0x2 ff
 .text.finsh_thread_entry
                0x00005ee4      0x5cc ./rt-thread/components/finsh/shell.o
                0x00005ee4                finsh_thread_entry
 .text.finsh_system_function_init
                0x000064b0       0x2c ./rt-thread/components/finsh/shell.o
                0x000064b0                finsh_system_function_init
 .text.finsh_system_init
                0x000064dc       0x9c ./rt-thread/components/finsh/shell.o
                0x000064dc                finsh_system_init
 .text.rt_serial_get_linear_buffer
                0x00006578       0x8c ./rt-thread/components/drivers/serial/serial_v2.o
 .text.rt_serial_update_read_index
                0x00006604       0xcc ./rt-thread/components/drivers/serial/serial_v2.o
 .text.rt_serial_update_write_index
                0x000066d0       0xe8 ./rt-thread/components/drivers/serial/serial_v2.o
 .text._serial_poll_rx
                0x000067b8       0xa4 ./rt-thread/components/drivers/serial/serial_v2.o
                0x000067b8                _serial_poll_rx
 .text._serial_poll_tx
                0x0000685c       0x9c ./rt-thread/components/drivers/serial/serial_v2.o
                0x0000685c                _serial_poll_tx
 .text._serial_fifo_rx
                0x000068f8       0xf4 ./rt-thread/components/drivers/serial/serial_v2.o
 .text._serial_fifo_tx_blocking_nbuf
                0x000069ec       0xb0 ./rt-thread/components/drivers/serial/serial_v2.o
 .text._serial_fifo_tx_blocking_buf
                0x00006a9c      0x118 ./rt-thread/components/drivers/serial/serial_v2.o
 .text._serial_fifo_tx_nonblocking
                0x00006bb4       0xd4 ./rt-thread/components/drivers/serial/serial_v2.o
 .text.rt_serial_tx_enable
                0x00006c88      0x1e8 ./rt-thread/components/drivers/serial/serial_v2.o
 .text.rt_serial_rx_enable
                0x00006e70      0x15c ./rt-thread/components/drivers/serial/serial_v2.o
 .text.rt_serial_rx_disable
                0x00006fcc       0xb4 ./rt-thread/components/drivers/serial/serial_v2.o
 .text.rt_serial_tx_disable
                0x00007080       0xc0 ./rt-thread/components/drivers/serial/serial_v2.o
 .text.rt_serial_init
                0x00007140       0x5c ./rt-thread/components/drivers/serial/serial_v2.o
 .text.rt_serial_open
                0x0000719c       0xf4 ./rt-thread/components/drivers/serial/serial_v2.o
 .text.rt_serial_close
                0x00007290       0x90 ./rt-thread/components/drivers/serial/serial_v2.o
 .text.rt_serial_control
                0x00007320       0xb8 ./rt-thread/components/drivers/serial/serial_v2.o
 .text.rt_hw_serial_register
                0x000073d8       0x94 ./rt-thread/components/drivers/serial/serial_v2.o
                0x000073d8                rt_hw_serial_register
 .text.rt_hw_serial_isr
                0x0000746c      0x210 ./rt-thread/components/drivers/serial/serial_v2.o
                0x0000746c                rt_hw_serial_isr
 .text._adc_read
                0x0000767c       0x5c ./rt-thread/components/drivers/misc/adc.o
 .text._adc_control
                0x000076d8       0x5c ./rt-thread/components/drivers/misc/adc.o
 .text.rt_hw_adc_register
                0x00007734       0x94 ./rt-thread/components/drivers/misc/adc.o
                0x00007734                rt_hw_adc_register
 .text.rt_adc_read
                0x000077c8       0x3c ./rt-thread/components/drivers/misc/adc.o
                0x000077c8                rt_adc_read
 .text.rt_adc_enable
                0x00007804       0x54 ./rt-thread/components/drivers/misc/adc.o
                0x00007804                rt_adc_enable
 .text.rt_adc_disable
                0x00007858       0x54 ./rt-thread/components/drivers/misc/adc.o
                0x00007858                rt_adc_disable
 .text.adc      0x000078ac      0x23c ./rt-thread/components/drivers/misc/adc.o
 .text._pin_read
                0x00007ae8       0x60 ./rt-thread/components/drivers/misc/pin.o
 .text._pin_write
                0x00007b48       0x5c ./rt-thread/components/drivers/misc/pin.o
 .text._pin_control
                0x00007ba4       0x58 ./rt-thread/components/drivers/misc/pin.o
 .text.rt_device_pin_register
                0x00007bfc       0x74 ./rt-thread/components/drivers/misc/pin.o
                0x00007bfc                rt_device_pin_register
 .text.rt_pin_attach_irq
                0x00007c70       0x5c ./rt-thread/components/drivers/misc/pin.o
                0x00007c70                rt_pin_attach_irq
 .text.rt_pin_irq_enable
                0x00007ccc       0x50 ./rt-thread/components/drivers/misc/pin.o
                0x00007ccc                rt_pin_irq_enable
 .text.rt_pin_write
                0x00007d1c       0x40 ./rt-thread/components/drivers/misc/pin.o
                0x00007d1c                rt_pin_write
 .text.rt_pin_get
                0x00007d5c       0x60 ./rt-thread/components/drivers/misc/pin.o
                0x00007d5c                rt_pin_get
 .text.rt_list_init
                0x00007dbc       0x22 ./rt-thread/components/drivers/ipc/completion.o
 .text.rt_list_insert_before
                0x00007dde       0x32 ./rt-thread/components/drivers/ipc/completion.o
 .text.rt_list_isempty
                0x00007e10       0x24 ./rt-thread/components/drivers/ipc/completion.o
 .text.rt_completion_init
                0x00007e34       0x44 ./rt-thread/components/drivers/ipc/completion.o
                0x00007e34                rt_completion_init
 .text.rt_completion_wait
                0x00007e78      0x15c ./rt-thread/components/drivers/ipc/completion.o
                0x00007e78                rt_completion_wait
 .text.rt_completion_done
                0x00007fd4       0x70 ./rt-thread/components/drivers/ipc/completion.o
                0x00007fd4                rt_completion_done
 .text.rt_ringbuffer_status
                0x00008044       0x4e ./rt-thread/components/drivers/ipc/ringbuffer.o
 *fill*         0x00008092        0x2 ff
 .text.rt_ringbuffer_init
                0x00008094       0xa0 ./rt-thread/components/drivers/ipc/ringbuffer.o
                0x00008094                rt_ringbuffer_init
 .text.rt_ringbuffer_put
                0x00008134      0x16c ./rt-thread/components/drivers/ipc/ringbuffer.o
                0x00008134                rt_ringbuffer_put
 .text.rt_ringbuffer_get
                0x000082a0      0x15c ./rt-thread/components/drivers/ipc/ringbuffer.o
                0x000082a0                rt_ringbuffer_get
 .text.rt_ringbuffer_putchar
                0x000083fc       0xbc ./rt-thread/components/drivers/ipc/ringbuffer.o
                0x000083fc                rt_ringbuffer_putchar
 .text.rt_ringbuffer_data_len
                0x000084b8       0x66 ./rt-thread/components/drivers/ipc/ringbuffer.o
                0x000084b8                rt_ringbuffer_data_len
 .text.main     0x0000851e        0xe ./ra_gen/main.o
                0x0000851e                main
 .text.R_FSP_CurrentIrqGet
                0x0000852c       0x2c ./ra/fsp/src/r_sci_uart/r_sci_uart.o
 .text.R_FSP_IsrContextSet
                0x00008558       0x28 ./ra/fsp/src/r_sci_uart/r_sci_uart.o
 .text.R_BSP_IrqStatusClear
                0x00008580       0x30 ./ra/fsp/src/r_sci_uart/r_sci_uart.o
 .text.R_BSP_IrqClearPending
                0x000085b0       0x40 ./ra/fsp/src/r_sci_uart/r_sci_uart.o
 .text.R_BSP_IrqCfg
                0x000085f0       0x3c ./ra/fsp/src/r_sci_uart/r_sci_uart.o
 .text.R_BSP_IrqEnableNoClear
                0x0000862c       0x38 ./ra/fsp/src/r_sci_uart/r_sci_uart.o
 .text.R_BSP_IrqEnable
                0x00008664       0x26 ./ra/fsp/src/r_sci_uart/r_sci_uart.o
 *fill*         0x0000868a        0x2 ff
 .text.R_BSP_IrqDisable
                0x0000868c       0x48 ./ra/fsp/src/r_sci_uart/r_sci_uart.o
 .text.R_FSP_IsrContextGet
                0x000086d4       0x24 ./ra/fsp/src/r_sci_uart/r_sci_uart.o
 .text.R_SCI_UART_Open
                0x000086f8      0x1ac ./ra/fsp/src/r_sci_uart/r_sci_uart.o
                0x000086f8                R_SCI_UART_Open
 .text.r_sci_uart_config_set
                0x000088a4      0x120 ./ra/fsp/src/r_sci_uart/r_sci_uart.o
 .text.r_sci_irq_cfg
                0x000089c4       0x3a ./ra/fsp/src/r_sci_uart/r_sci_uart.o
 .text.r_sci_irqs_cfg
                0x000089fe       0x5a ./ra/fsp/src/r_sci_uart/r_sci_uart.o
 .text.r_sci_uart_baud_set
                0x00008a58       0x58 ./ra/fsp/src/r_sci_uart/r_sci_uart.o
 .text.r_sci_uart_call_callback
                0x00008ab0       0x76 ./ra/fsp/src/r_sci_uart/r_sci_uart.o
 .text.sci_uart_txi_isr
                0x00008b26       0xd0 ./ra/fsp/src/r_sci_uart/r_sci_uart.o
                0x00008b26                sci_uart_txi_isr
 .text.sci_uart_rxi_isr
                0x00008bf6       0xbc ./ra/fsp/src/r_sci_uart/r_sci_uart.o
                0x00008bf6                sci_uart_rxi_isr
 .text.sci_uart_tei_isr
                0x00008cb2       0x4a ./ra/fsp/src/r_sci_uart/r_sci_uart.o
                0x00008cb2                sci_uart_tei_isr
 .text.sci_uart_eri_isr
                0x00008cfc       0xa8 ./ra/fsp/src/r_sci_uart/r_sci_uart.o
                0x00008cfc                sci_uart_eri_isr
 .text.R_BSP_PinRead
                0x00008da4       0x38 ./ra/fsp/src/r_ioport/r_ioport.o
 .text.R_BSP_PinAccessEnable
                0x00008ddc       0x60 ./ra/fsp/src/r_ioport/r_ioport.o
 .text.R_BSP_PinAccessDisable
                0x00008e3c       0x68 ./ra/fsp/src/r_ioport/r_ioport.o
 .text.R_IOPORT_Open
                0x00008ea4       0x28 ./ra/fsp/src/r_ioport/r_ioport.o
                0x00008ea4                R_IOPORT_Open
 .text.R_IOPORT_Close
                0x00008ecc       0x20 ./ra/fsp/src/r_ioport/r_ioport.o
                0x00008ecc                R_IOPORT_Close
 .text.R_IOPORT_PinsCfg
                0x00008eec       0x1a ./ra/fsp/src/r_ioport/r_ioport.o
                0x00008eec                R_IOPORT_PinsCfg
 .text.R_IOPORT_PinCfg
                0x00008f06       0x46 ./ra/fsp/src/r_ioport/r_ioport.o
                0x00008f06                R_IOPORT_PinCfg
 .text.R_IOPORT_PinRead
                0x00008f4c       0x28 ./ra/fsp/src/r_ioport/r_ioport.o
                0x00008f4c                R_IOPORT_PinRead
 .text.R_IOPORT_PortRead
                0x00008f74       0x3a ./ra/fsp/src/r_ioport/r_ioport.o
                0x00008f74                R_IOPORT_PortRead
 .text.R_IOPORT_PortWrite
                0x00008fae       0x62 ./ra/fsp/src/r_ioport/r_ioport.o
                0x00008fae                R_IOPORT_PortWrite
 .text.R_IOPORT_PinWrite
                0x00009010       0x6e ./ra/fsp/src/r_ioport/r_ioport.o
                0x00009010                R_IOPORT_PinWrite
 .text.R_IOPORT_PortDirectionSet
                0x0000907e       0x72 ./ra/fsp/src/r_ioport/r_ioport.o
                0x0000907e                R_IOPORT_PortDirectionSet
 .text.R_IOPORT_PortEventInputRead
                0x000090f0       0x3e ./ra/fsp/src/r_ioport/r_ioport.o
                0x000090f0                R_IOPORT_PortEventInputRead
 .text.R_IOPORT_PinEventInputRead
                0x0000912e       0x62 ./ra/fsp/src/r_ioport/r_ioport.o
                0x0000912e                R_IOPORT_PinEventInputRead
 .text.R_IOPORT_PortEventOutputWrite
                0x00009190       0x62 ./ra/fsp/src/r_ioport/r_ioport.o
                0x00009190                R_IOPORT_PortEventOutputWrite
 .text.R_IOPORT_PinEventOutputWrite
                0x000091f2       0x5e ./ra/fsp/src/r_ioport/r_ioport.o
                0x000091f2                R_IOPORT_PinEventOutputWrite
 .text.R_IOPORT_EthernetModeCfg
                0x00009250       0x28 ./ra/fsp/src/r_ioport/r_ioport.o
                0x00009250                R_IOPORT_EthernetModeCfg
 .text.r_ioport_pins_config
                0x00009278       0x56 ./ra/fsp/src/r_ioport/r_ioport.o
 .text.r_ioport_hw_pin_event_output_data_write
                0x000092ce       0x88 ./ra/fsp/src/r_ioport/r_ioport.o
 *fill*         0x00009356        0x2 ff
 .text.r_ioport_pfs_write
                0x00009358       0x78 ./ra/fsp/src/r_ioport/r_ioport.o
 .text.bsp_vbatt_init
                0x000093d0       0xd8 ./ra/fsp/src/r_ioport/r_ioport.o
 .text.R_FSP_CurrentIrqGet
                0x000094a8       0x2c ./ra/fsp/src/r_icu/r_icu.o
 .text.R_FSP_IsrContextSet
                0x000094d4       0x28 ./ra/fsp/src/r_icu/r_icu.o
 .text.R_BSP_IrqStatusClear
                0x000094fc       0x30 ./ra/fsp/src/r_icu/r_icu.o
 .text.R_BSP_IrqClearPending
                0x0000952c       0x40 ./ra/fsp/src/r_icu/r_icu.o
 .text.R_BSP_IrqCfg
                0x0000956c       0x3c ./ra/fsp/src/r_icu/r_icu.o
 .text.R_BSP_IrqEnableNoClear
                0x000095a8       0x38 ./ra/fsp/src/r_icu/r_icu.o
 .text.R_BSP_IrqEnable
                0x000095e0       0x26 ./ra/fsp/src/r_icu/r_icu.o
 *fill*         0x00009606        0x2 ff
 .text.R_BSP_IrqDisable
                0x00009608       0x48 ./ra/fsp/src/r_icu/r_icu.o
 .text.R_FSP_IsrContextGet
                0x00009650       0x24 ./ra/fsp/src/r_icu/r_icu.o
 .text.R_ICU_ExternalIrqOpen
                0x00009674       0xcc ./ra/fsp/src/r_icu/r_icu.o
                0x00009674                R_ICU_ExternalIrqOpen
 .text.R_ICU_ExternalIrqEnable
                0x00009740       0x22 ./ra/fsp/src/r_icu/r_icu.o
                0x00009740                R_ICU_ExternalIrqEnable
 .text.R_ICU_ExternalIrqDisable
                0x00009762       0x22 ./ra/fsp/src/r_icu/r_icu.o
                0x00009762                R_ICU_ExternalIrqDisable
 .text.R_ICU_ExternalIrqClose
                0x00009784       0x40 ./ra/fsp/src/r_icu/r_icu.o
                0x00009784                R_ICU_ExternalIrqClose
 .text.r_icu_isr
                0x000097c4       0x80 ./ra/fsp/src/r_icu/r_icu.o
                0x000097c4                r_icu_isr
 .text.R_FSP_SystemClockHzGet
                0x00009844       0x4c ./ra/fsp/src/r_adc/r_adc.o
 .text.R_FSP_IsrContextSet
                0x00009890       0x28 ./ra/fsp/src/r_adc/r_adc.o
 .text.R_BSP_IrqStatusClear
                0x000098b8       0x30 ./ra/fsp/src/r_adc/r_adc.o
 .text.R_BSP_IrqClearPending
                0x000098e8       0x40 ./ra/fsp/src/r_adc/r_adc.o
 .text.R_BSP_IrqCfg
                0x00009928       0x3c ./ra/fsp/src/r_adc/r_adc.o
 .text.R_BSP_IrqEnableNoClear
                0x00009964       0x38 ./ra/fsp/src/r_adc/r_adc.o
 .text.R_BSP_IrqEnable
                0x0000999c       0x26 ./ra/fsp/src/r_adc/r_adc.o
 .text.R_BSP_IrqCfgEnable
                0x000099c2       0x2e ./ra/fsp/src/r_adc/r_adc.o
 .text.R_ADC_Open
                0x000099f0      0x120 ./ra/fsp/src/r_adc/r_adc.o
                0x000099f0                R_ADC_Open
 .text.R_ADC_ScanCfg
                0x00009b10       0x6c ./ra/fsp/src/r_adc/r_adc.o
                0x00009b10                R_ADC_ScanCfg
 .text.R_ADC_ScanStart
                0x00009b7c       0x74 ./ra/fsp/src/r_adc/r_adc.o
                0x00009b7c                R_ADC_ScanStart
 .text.R_ADC_ScanStop
                0x00009bf0       0x4c ./ra/fsp/src/r_adc/r_adc.o
                0x00009bf0                R_ADC_ScanStop
 .text.R_ADC_Read
                0x00009c3c       0xe8 ./ra/fsp/src/r_adc/r_adc.o
                0x00009c3c                R_ADC_Read
 .text.R_ADC_Read32
                0x00009d24       0x64 ./ra/fsp/src/r_adc/r_adc.o
                0x00009d24                R_ADC_Read32
 .text.r_adc_open_cfg_check
                0x00009d88       0xac ./ra/fsp/src/r_adc/r_adc.o
 .text.r_adc_open_cfg_resolution_check
                0x00009e34       0x32 ./ra/fsp/src/r_adc/r_adc.o
 .text.r_adc_scan_cfg_check_sample_hold
                0x00009e66       0x24 ./ra/fsp/src/r_adc/r_adc.o
 .text.r_adc_scan_cfg_check_window_compare
                0x00009e8a       0x90 ./ra/fsp/src/r_adc/r_adc.o
 .text.r_adc_scan_cfg_check_sensors
                0x00009f1a       0x38 ./ra/fsp/src/r_adc/r_adc.o
 *fill*         0x00009f52        0x2 ff
 .text.r_adc_open_sub
                0x00009f54      0x148 ./ra/fsp/src/r_adc/r_adc.o
 .text.r_adc_sensor_cfg
                0x0000a09c      0x110 ./ra/fsp/src/r_adc/r_adc.o
 .text.r_adc_sensor_sample_state_calculation
                0x0000a1ac       0x50 ./ra/fsp/src/r_adc/r_adc.o
 .text.r_adc_scan_cfg_check
                0x0000a1fc      0x100 ./ra/fsp/src/r_adc/r_adc.o
 .text.r_adc_scan_cfg
                0x0000a2fc      0x1e4 ./ra/fsp/src/r_adc/r_adc.o
 .text.r_adc_irq_enable
                0x0000a4e0       0x2e ./ra/fsp/src/r_adc/r_adc.o
 *fill*         0x0000a50e        0x2 ff
 .text.R_BSP_FlashCacheEnable
                0x0000a510       0x40 ./ra/fsp/src/bsp/mcu/all/bsp_clocks.o
 .text.SystemCoreClockUpdate
                0x0000a550       0x40 ./ra/fsp/src/bsp/mcu/all/bsp_clocks.o
                0x0000a550                SystemCoreClockUpdate
 .text.bsp_prv_clock_set_hard_reset
                0x0000a590       0x30 ./ra/fsp/src/bsp/mcu/all/bsp_clocks.o
 .text.bsp_clock_freq_var_init
                0x0000a5c0       0x48 ./ra/fsp/src/bsp/mcu/all/bsp_clocks.o
 .text.bsp_clock_init
                0x0000a608       0xa4 ./ra/fsp/src/bsp/mcu/all/bsp_clocks.o
                0x0000a608                bsp_clock_init
 .text.bsp_init_internal
                0x0000a6ac       0x14 ./ra/fsp/src/bsp/mcu/all/bsp_common.o
                0x0000a6ac                bsp_init_internal
                0x0000a6ac                bsp_init
 .text.bsp_group_irq_call
                0x0000a6c0       0x30 ./ra/fsp/src/bsp/mcu/all/bsp_group_irq.o
 .text.NMI_Handler
                0x0000a6f0       0x4c ./ra/fsp/src/bsp/mcu/all/bsp_group_irq.o
                0x0000a6f0                NMI_Handler
 .text.bsp_irq_cfg
                0x0000a73c      0x104 ./ra/fsp/src/bsp/mcu/all/bsp_irq.o
                0x0000a73c                bsp_irq_cfg
 .text.R_BSP_RegisterProtectEnable
                0x0000a840       0xa0 ./ra/fsp/src/bsp/mcu/all/bsp_register_protection.o
                0x0000a840                R_BSP_RegisterProtectEnable
 .text.R_BSP_RegisterProtectDisable
                0x0000a8e0       0x90 ./ra/fsp/src/bsp/mcu/all/bsp_register_protection.o
                0x0000a8e0                R_BSP_RegisterProtectDisable
 .text.Reset_Handler
                0x0000a970        0xe ./ra/fsp/src/bsp/cmsis/Device/RENESAS/Source/startup.o
                0x0000a970                Reset_Handler
 .text.Default_Handler
                0x0000a97e       0x10 ./ra/fsp/src/bsp/cmsis/Device/RENESAS/Source/startup.o
                0x0000a97e                UsageFault_Handler
                0x0000a97e                SecureFault_Handler
                0x0000a97e                Default_Handler
                0x0000a97e                MemManage_Handler
                0x0000a97e                SVC_Handler
                0x0000a97e                BusFault_Handler
                0x0000a97e                DebugMon_Handler
 *fill*         0x0000a98e        0x2 ff
 .text.SystemInit
                0x0000a990       0xf0 ./ra/fsp/src/bsp/cmsis/Device/RENESAS/Source/system.o
                0x0000a990                SystemInit
 .text.ra_adc_enabled
                0x0000aa80       0xa8 ./libraries/HAL_Drivers/drv_adc.o
 .text.ra_get_adc_value
                0x0000ab28       0x70 ./libraries/HAL_Drivers/drv_adc.o
 .text.ra_adc_init
                0x0000ab98       0x78 ./libraries/HAL_Drivers/drv_adc.o
 .text.__NVIC_SetPriority
                0x0000ac10       0x54 ./libraries/HAL_Drivers/drv_common.o
 .text.__NVIC_SystemReset
                0x0000ac64       0x2c ./libraries/HAL_Drivers/drv_common.o
 .text.SysTick_Config
                0x0000ac90       0x44 ./libraries/HAL_Drivers/drv_common.o
 .text.reboot   0x0000acd4       0x10 ./libraries/HAL_Drivers/drv_common.o
 .text.rt_hw_systick_init
                0x0000ace4       0x2c ./libraries/HAL_Drivers/drv_common.o
                0x0000ace4                rt_hw_systick_init
 .text.SysTick_Handler
                0x0000ad10       0x14 ./libraries/HAL_Drivers/drv_common.o
                0x0000ad10                SysTick_Handler
 .text.rt_hw_us_delay
                0x0000ad24       0x84 ./libraries/HAL_Drivers/drv_common.o
                0x0000ad24                rt_hw_us_delay
 .text.rt_hw_board_init
                0x0000ada8       0x34 ./libraries/HAL_Drivers/drv_common.o
                0x0000ada8                rt_hw_board_init
 .text.R_BSP_WarmStart
                0x0000addc       0x2c ./libraries/HAL_Drivers/drv_common.o
                0x0000addc                R_BSP_WarmStart
 .text.R_BSP_PinRead
                0x0000ae08       0x38 ./libraries/HAL_Drivers/drv_gpio.o
 .text.R_BSP_PinWrite
                0x0000ae40       0x68 ./libraries/HAL_Drivers/drv_gpio.o
 .text.R_BSP_PinAccessEnable
                0x0000aea8       0x60 ./libraries/HAL_Drivers/drv_gpio.o
 .text.R_BSP_PinAccessDisable
                0x0000af08       0x68 ./libraries/HAL_Drivers/drv_gpio.o
 .text.ra_pin_get_irqx
                0x0000af70      0x280 ./libraries/HAL_Drivers/drv_gpio.o
 .text.ra_irq_tab_init
                0x0000b1f0       0x7c ./libraries/HAL_Drivers/drv_gpio.o
 .text.ra_pin_map_init
                0x0000b26c       0x28 ./libraries/HAL_Drivers/drv_gpio.o
 .text.ra_pin_mode
                0x0000b294       0xf8 ./libraries/HAL_Drivers/drv_gpio.o
 .text.ra_pin_write
                0x0000b38c       0x3a ./libraries/HAL_Drivers/drv_gpio.o
 *fill*         0x0000b3c6        0x2 ff
 .text.ra_pin_read
                0x0000b3c8       0x50 ./libraries/HAL_Drivers/drv_gpio.o
 .text.ra_pin_irq_enable
                0x0000b418      0x120 ./libraries/HAL_Drivers/drv_gpio.o
 .text.ra_pin_attach_irq
                0x0000b538      0x12c ./libraries/HAL_Drivers/drv_gpio.o
 .text.ra_pin_dettach_irq
                0x0000b664       0xb4 ./libraries/HAL_Drivers/drv_gpio.o
 .text.ra_pin_get
                0x0000b718       0xce ./libraries/HAL_Drivers/drv_gpio.o
 *fill*         0x0000b7e6        0x2 ff
 .text.rt_hw_pin_init
                0x0000b7e8       0x24 ./libraries/HAL_Drivers/drv_gpio.o
                0x0000b7e8                rt_hw_pin_init
 .text.irq0_callback
                0x0000b80c       0x34 ./libraries/HAL_Drivers/drv_gpio.o
                0x0000b80c                irq0_callback
 .text.ra_uart_get_config
                0x0000b840       0x50 ./libraries/HAL_Drivers/drv_usart_v2.o
 .text.ra_uart_configure
                0x0000b890       0x7c ./libraries/HAL_Drivers/drv_usart_v2.o
 .text.ra_uart_control
                0x0000b90c       0x1a ./libraries/HAL_Drivers/drv_usart_v2.o
 *fill*         0x0000b926        0x2 ff
 .text.ra_uart_putc
                0x0000b928       0x68 ./libraries/HAL_Drivers/drv_usart_v2.o
 .text.ra_uart_getc
                0x0000b990       0x16 ./libraries/HAL_Drivers/drv_usart_v2.o
 *fill*         0x0000b9a6        0x2 ff
 .text.user_uart7_callback
                0x0000b9a8       0x78 ./libraries/HAL_Drivers/drv_usart_v2.o
                0x0000b9a8                user_uart7_callback
 .text.rt_hw_usart_init
                0x0000ba20       0xb8 ./libraries/HAL_Drivers/drv_usart_v2.o
                0x0000ba20                rt_hw_usart_init
 .text.atoi     0x0000bad8        0x8 d:/rt-thread/rt-threadstudio/repo/extract/toolchain_support_packages/arm/gnu_tools_for_arm_embedded_processors/10.2.1/bin/../lib/gcc/arm-none-eabi/10.2.1/../../../../arm-none-eabi/lib/thumb/v8-m.main+fp/hard\libc.a(lib_a-atoi.o)
                0x0000bad8                atoi
 .text.memcmp   0x0000bae0       0x60 d:/rt-thread/rt-threadstudio/repo/extract/toolchain_support_packages/arm/gnu_tools_for_arm_embedded_processors/10.2.1/bin/../lib/gcc/arm-none-eabi/10.2.1/../../../../arm-none-eabi/lib/thumb/v8-m.main+fp/hard\libc.a(lib_a-memcmp.o)
                0x0000bae0                memcmp
 .text          0x0000bb40       0xec d:/rt-thread/rt-threadstudio/repo/extract/toolchain_support_packages/arm/gnu_tools_for_arm_embedded_processors/10.2.1/bin/../lib/gcc/arm-none-eabi/10.2.1/../../../../arm-none-eabi/lib/thumb/v8-m.main+fp/hard\libc.a(lib_a-memcpy.o)
                0x0000bb40                memcpy
 .text.memset   0x0000bc2c       0xa4 d:/rt-thread/rt-threadstudio/repo/extract/toolchain_support_packages/arm/gnu_tools_for_arm_embedded_processors/10.2.1/bin/../lib/gcc/arm-none-eabi/10.2.1/../../../../arm-none-eabi/lib/thumb/v8-m.main+fp/hard\libc.a(lib_a-memset.o)
                0x0000bc2c                memset
 .text          0x0000bcd0      0x1bc d:/rt-thread/rt-threadstudio/repo/extract/toolchain_support_packages/arm/gnu_tools_for_arm_embedded_processors/10.2.1/bin/../lib/gcc/arm-none-eabi/10.2.1/../../../../arm-none-eabi/lib/thumb/v8-m.main+fp/hard\libc.a(lib_a-strcmp.o)
                0x0000bcd0                strcmp
 .text.strlen   0x0000be8c       0x5c d:/rt-thread/rt-threadstudio/repo/extract/toolchain_support_packages/arm/gnu_tools_for_arm_embedded_processors/10.2.1/bin/../lib/gcc/arm-none-eabi/10.2.1/../../../../arm-none-eabi/lib/thumb/v8-m.main+fp/hard\libc.a(lib_a-strlen-stub.o)
                0x0000be8c                strlen
 .text.strncmp  0x0000bee8       0x78 d:/rt-thread/rt-threadstudio/repo/extract/toolchain_support_packages/arm/gnu_tools_for_arm_embedded_processors/10.2.1/bin/../lib/gcc/arm-none-eabi/10.2.1/../../../../arm-none-eabi/lib/thumb/v8-m.main+fp/hard\libc.a(lib_a-strncmp.o)
                0x0000bee8                strncmp
 .text.strncpy  0x0000bf60       0x64 d:/rt-thread/rt-threadstudio/repo/extract/toolchain_support_packages/arm/gnu_tools_for_arm_embedded_processors/10.2.1/bin/../lib/gcc/arm-none-eabi/10.2.1/../../../../arm-none-eabi/lib/thumb/v8-m.main+fp/hard\libc.a(lib_a-strncpy.o)
                0x0000bf60                strncpy
 .text._strtol_l.part.0
                0x0000bfc4      0x104 d:/rt-thread/rt-threadstudio/repo/extract/toolchain_support_packages/arm/gnu_tools_for_arm_embedded_processors/10.2.1/bin/../lib/gcc/arm-none-eabi/10.2.1/../../../../arm-none-eabi/lib/thumb/v8-m.main+fp/hard\libc.a(lib_a-strtol.o)
 .text.strtol   0x0000c0c8       0x2c d:/rt-thread/rt-threadstudio/repo/extract/toolchain_support_packages/arm/gnu_tools_for_arm_embedded_processors/10.2.1/bin/../lib/gcc/arm-none-eabi/10.2.1/../../../../arm-none-eabi/lib/thumb/v8-m.main+fp/hard\libc.a(lib_a-strtol.o)
                0x0000c0c8                strtol
 .text.startup.register_fini
                0x0000c0f4       0x14 d:/rt-thread/rt-threadstudio/repo/extract/toolchain_support_packages/arm/gnu_tools_for_arm_embedded_processors/10.2.1/bin/../lib/gcc/arm-none-eabi/10.2.1/../../../../arm-none-eabi/lib/thumb/v8-m.main+fp/hard\libc.a(lib_a-__call_atexit.o)
 .text.atexit   0x0000c108        0xc d:/rt-thread/rt-threadstudio/repo/extract/toolchain_support_packages/arm/gnu_tools_for_arm_embedded_processors/10.2.1/bin/../lib/gcc/arm-none-eabi/10.2.1/../../../../arm-none-eabi/lib/thumb/v8-m.main+fp/hard\libc.a(lib_a-atexit.o)
                0x0000c108                atexit
 .text.__libc_fini_array
                0x0000c114       0x2c d:/rt-thread/rt-threadstudio/repo/extract/toolchain_support_packages/arm/gnu_tools_for_arm_embedded_processors/10.2.1/bin/../lib/gcc/arm-none-eabi/10.2.1/../../../../arm-none-eabi/lib/thumb/v8-m.main+fp/hard\libc.a(lib_a-fini.o)
                0x0000c114                __libc_fini_array
 .text.__retarget_lock_acquire_recursive
                0x0000c140        0x4 d:/rt-thread/rt-threadstudio/repo/extract/toolchain_support_packages/arm/gnu_tools_for_arm_embedded_processors/10.2.1/bin/../lib/gcc/arm-none-eabi/10.2.1/../../../../arm-none-eabi/lib/thumb/v8-m.main+fp/hard\libc.a(lib_a-lock.o)
                0x0000c140                __retarget_lock_acquire_recursive
 .text.__retarget_lock_release_recursive
                0x0000c144        0x4 d:/rt-thread/rt-threadstudio/repo/extract/toolchain_support_packages/arm/gnu_tools_for_arm_embedded_processors/10.2.1/bin/../lib/gcc/arm-none-eabi/10.2.1/../../../../arm-none-eabi/lib/thumb/v8-m.main+fp/hard\libc.a(lib_a-lock.o)
                0x0000c144                __retarget_lock_release_recursive
 .text.__register_exitproc
                0x0000c148       0x90 d:/rt-thread/rt-threadstudio/repo/extract/toolchain_support_packages/arm/gnu_tools_for_arm_embedded_processors/10.2.1/bin/../lib/gcc/arm-none-eabi/10.2.1/../../../../arm-none-eabi/lib/thumb/v8-m.main+fp/hard\libc.a(lib_a-__atexit.o)
                0x0000c148                __register_exitproc
 *(.version)
 .version       0x0000c1d8       0x50 ./ra/fsp/src/bsp/mcu/all/bsp_common.o
 *(.init)
 .init          0x0000c228        0x4 d:/rt-thread/rt-threadstudio/repo/extract/toolchain_support_packages/arm/gnu_tools_for_arm_embedded_processors/10.2.1/bin/../lib/gcc/arm-none-eabi/10.2.1/thumb/v8-m.main+fp/hard/crti.o
                0x0000c228                _init
 .init          0x0000c22c        0x8 d:/rt-thread/rt-threadstudio/repo/extract/toolchain_support_packages/arm/gnu_tools_for_arm_embedded_processors/10.2.1/bin/../lib/gcc/arm-none-eabi/10.2.1/thumb/v8-m.main+fp/hard/crtn.o
 *(.fini)
 .fini          0x0000c234        0x4 d:/rt-thread/rt-threadstudio/repo/extract/toolchain_support_packages/arm/gnu_tools_for_arm_embedded_processors/10.2.1/bin/../lib/gcc/arm-none-eabi/10.2.1/thumb/v8-m.main+fp/hard/crti.o
                0x0000c234                _fini
 .fini          0x0000c238        0x8 d:/rt-thread/rt-threadstudio/repo/extract/toolchain_support_packages/arm/gnu_tools_for_arm_embedded_processors/10.2.1/bin/../lib/gcc/arm-none-eabi/10.2.1/thumb/v8-m.main+fp/hard/crtn.o
                0x0000c240                . = ALIGN (0x4)
                0x0000c240                __fsymtab_start = .
 *(FSymTab)
 FSymTab        0x0000c240        0xc ./src/hal_entry.o
                0x0000c240                __fsym_icu_sample
 FSymTab        0x0000c24c        0xc ./src/test1.o
                0x0000c24c                __fsym_adc_vol_sample
 FSymTab        0x0000c258       0x78 ./rt-thread/components/finsh/cmd.o
                0x0000c258                __fsym_clear
                0x0000c264                __fsym_version
                0x0000c270                __fsym_list_thread
                0x0000c27c                __fsym_list_sem
                0x0000c288                __fsym_list_event
                0x0000c294                __fsym_list_mutex
                0x0000c2a0                __fsym_list_mailbox
                0x0000c2ac                __fsym_list_msgqueue
                0x0000c2b8                __fsym_list_timer
                0x0000c2c4                __fsym_list_device
 FSymTab        0x0000c2d0       0x24 ./rt-thread/components/finsh/msh.o
                0x0000c2d0                __fsym_help
                0x0000c2dc                __fsym_ps
                0x0000c2e8                __fsym_free
 FSymTab        0x0000c2f4        0xc ./rt-thread/components/drivers/misc/adc.o
                0x0000c2f4                __fsym_adc
 FSymTab        0x0000c300        0xc ./libraries/HAL_Drivers/drv_common.o
                0x0000c300                __fsym_reboot
                0x0000c30c                __fsymtab_end = .
                0x0000c30c                . = ALIGN (0x4)
                0x0000c30c                __vsymtab_start = .
 *(VSymTab)
                0x0000c30c                __vsymtab_end = .
                0x0000c30c                . = ALIGN (0x4)
                0x0000c30c                __rt_init_start = .
 *(SORT_BY_NAME(.rti_fn*))
 .rti_fn.0      0x0000c30c        0x4 ./rt-thread/src/components.o
                0x0000c30c                __rt_init_rti_start
 .rti_fn.0.end  0x0000c310        0x4 ./rt-thread/src/components.o
                0x0000c310                __rt_init_rti_board_start
 .rti_fn.1      0x0000c314        0x4 ./libraries/HAL_Drivers/drv_adc.o
                0x0000c314                __rt_init_ra_adc_init
 .rti_fn.1.end  0x0000c318        0x4 ./rt-thread/src/components.o
                0x0000c318                __rt_init_rti_board_end
 .rti_fn.6      0x0000c31c        0x4 ./rt-thread/components/finsh/shell.o
                0x0000c31c                __rt_init_finsh_system_init
 .rti_fn.6.end  0x0000c320        0x4 ./rt-thread/src/components.o
                0x0000c320                __rt_init_rti_end
                0x0000c324                __rt_init_end = .
                0x0000c324                . = ALIGN (0x4)
 *(FalPartTable)
 *crtbegin.o(.ctors)
 *crtbegin?.o(.ctors)
 *(EXCLUDE_FILE(*crtend.o *crtend?.o) .ctors)
 *(SORT_BY_NAME(.ctors.*))
 *(.ctors)
 *crtbegin.o(.dtors)
 *crtbegin?.o(.dtors)
 *(EXCLUDE_FILE(*crtend.o *crtend?.o) .dtors)
 *(SORT_BY_NAME(.dtors.*))
 *(.dtors)
 *(.rodata*)
 .rodata        0x0000c324       0x77 ./src/hal_entry.o
 *fill*         0x0000c39b        0x1 ff
 .rodata.name   0x0000c39c       0x17 ./src/hal_entry.o
                0x0000c39c                __fsym_icu_sample_name
                0x0000c3a8                __fsym_icu_sample_desc
 *fill*         0x0000c3b3        0x1 ff
 .rodata        0x0000c3b4       0x66 ./src/test1.o
 *fill*         0x0000c41a        0x2 ff
 .rodata.name   0x0000c41c       0x2b ./src/test1.o
                0x0000c41c                __fsym_adc_vol_sample_name
                0x0000c42c                __fsym_adc_vol_sample_desc
 *fill*         0x0000c447        0x1 ff
 .rodata        0x0000c448       0x17 ./rt-thread/src/components.o
 *fill*         0x0000c45f        0x1 ff
 .rodata.__FUNCTION__.0
                0x0000c460       0x14 ./rt-thread/src/components.o
 .rodata        0x0000c474       0xbc ./rt-thread/src/device.o
 .rodata.__FUNCTION__.6
                0x0000c530        0xf ./rt-thread/src/device.o
 *fill*         0x0000c53f        0x1 ff
 .rodata.__FUNCTION__.5
                0x0000c540       0x10 ./rt-thread/src/device.o
 .rodata.__FUNCTION__.4
                0x0000c550        0xf ./rt-thread/src/device.o
 *fill*         0x0000c55f        0x1 ff
 .rodata.__FUNCTION__.3
                0x0000c560       0x10 ./rt-thread/src/device.o
 .rodata.__FUNCTION__.1
                0x0000c570       0x1a ./rt-thread/src/device.o
 *fill*         0x0000c58a        0x2 ff
 .rodata        0x0000c58c        0x8 ./rt-thread/src/idle.o
 .rodata        0x0000c594      0x4de ./rt-thread/src/ipc.o
 *fill*         0x0000ca72        0x2 ff
 .rodata.__FUNCTION__.37
                0x0000ca74        0xc ./rt-thread/src/ipc.o
 .rodata.__FUNCTION__.33
                0x0000ca80        0xc ./rt-thread/src/ipc.o
 .rodata.__FUNCTION__.32
                0x0000ca8c       0x12 ./rt-thread/src/ipc.o
 *fill*         0x0000ca9e        0x2 ff
 .rodata.__FUNCTION__.31
                0x0000caa0        0xf ./rt-thread/src/ipc.o
 *fill*         0x0000caaf        0x1 ff
 .rodata.__FUNCTION__.29
                0x0000cab0        0xe ./rt-thread/src/ipc.o
 *fill*         0x0000cabe        0x2 ff
 .rodata.__FUNCTION__.25
                0x0000cac0        0xe ./rt-thread/src/ipc.o
 *fill*         0x0000cace        0x2 ff
 .rodata.__FUNCTION__.24
                0x0000cad0       0x11 ./rt-thread/src/ipc.o
 *fill*         0x0000cae1        0x3 ff
 .rodata        0x0000cae4      0x107 ./rt-thread/src/kservice.o
 *fill*         0x0000cbeb        0x1 ff
 .rodata.large_digits.4
                0x0000cbec       0x11 ./rt-thread/src/kservice.o
 *fill*         0x0000cbfd        0x3 ff
 .rodata.small_digits.3
                0x0000cc00       0x11 ./rt-thread/src/kservice.o
 *fill*         0x0000cc11        0x3 ff
 .rodata.__FUNCTION__.1
                0x0000cc14       0x14 ./rt-thread/src/kservice.o
 .rodata.__FUNCTION__.0
                0x0000cc28        0xd ./rt-thread/src/kservice.o
 *fill*         0x0000cc35        0x3 ff
 .rodata        0x0000cc38      0x41b ./rt-thread/src/mem.o
 *fill*         0x0000d053        0x1 ff
 .rodata.__FUNCTION__.4
                0x0000d054        0xb ./rt-thread/src/mem.o
 *fill*         0x0000d05f        0x1 ff
 .rodata.__FUNCTION__.2
                0x0000d060        0xe ./rt-thread/src/mem.o
 *fill*         0x0000d06e        0x2 ff
 .rodata.__FUNCTION__.0
                0x0000d070        0xd ./rt-thread/src/mem.o
 *fill*         0x0000d07d        0x3 ff
 .rodata        0x0000d080       0x91 ./rt-thread/src/object.o
 *fill*         0x0000d111        0x3 ff
 .rodata.__FUNCTION__.6
                0x0000d114        0xf ./rt-thread/src/object.o
 *fill*         0x0000d123        0x1 ff
 .rodata.__FUNCTION__.5
                0x0000d124       0x11 ./rt-thread/src/object.o
 *fill*         0x0000d135        0x3 ff
 .rodata.__FUNCTION__.4
                0x0000d138       0x13 ./rt-thread/src/object.o
 *fill*         0x0000d14b        0x1 ff
 .rodata.__FUNCTION__.3
                0x0000d14c       0x11 ./rt-thread/src/object.o
 *fill*         0x0000d15d        0x3 ff
 .rodata.__FUNCTION__.2
                0x0000d160       0x1a ./rt-thread/src/object.o
 *fill*         0x0000d17a        0x2 ff
 .rodata.__FUNCTION__.1
                0x0000d17c       0x13 ./rt-thread/src/object.o
 *fill*         0x0000d18f        0x1 ff
 .rodata.__FUNCTION__.0
                0x0000d190        0xf ./rt-thread/src/object.o
 *fill*         0x0000d19f        0x1 ff
 .rodata        0x0000d1a0       0x65 ./rt-thread/src/scheduler.o
 *fill*         0x0000d205        0x3 ff
 .rodata.__FUNCTION__.2
                0x0000d208       0x1a ./rt-thread/src/scheduler.o
 *fill*         0x0000d222        0x2 ff
 .rodata.__FUNCTION__.1
                0x0000d224       0x1a ./rt-thread/src/scheduler.o
 *fill*         0x0000d23e        0x2 ff
 .rodata.__FUNCTION__.0
                0x0000d240       0x1a ./rt-thread/src/scheduler.o
 *fill*         0x0000d25a        0x2 ff
 .rodata        0x0000d25c      0x19f ./rt-thread/src/thread.o
 *fill*         0x0000d3fb        0x1 ff
 .rodata.__FUNCTION__.10
                0x0000d3fc       0x10 ./rt-thread/src/thread.o
 .rodata.__FUNCTION__.9
                0x0000d40c        0xd ./rt-thread/src/thread.o
 *fill*         0x0000d419        0x3 ff
 .rodata.__FUNCTION__.8
                0x0000d41c        0xf ./rt-thread/src/thread.o
 *fill*         0x0000d42b        0x1 ff
 .rodata.__FUNCTION__.7
                0x0000d42c       0x12 ./rt-thread/src/thread.o
 *fill*         0x0000d43e        0x2 ff
 .rodata.__FUNCTION__.6
                0x0000d440       0x11 ./rt-thread/src/thread.o
 *fill*         0x0000d451        0x3 ff
 .rodata.__FUNCTION__.5
                0x0000d454       0x11 ./rt-thread/src/thread.o
 *fill*         0x0000d465        0x3 ff
 .rodata.__FUNCTION__.4
                0x0000d468       0x10 ./rt-thread/src/thread.o
 .rodata.__FUNCTION__.2
                0x0000d478       0x12 ./rt-thread/src/thread.o
 *fill*         0x0000d48a        0x2 ff
 .rodata.__FUNCTION__.1
                0x0000d48c       0x12 ./rt-thread/src/thread.o
 *fill*         0x0000d49e        0x2 ff
 .rodata.__FUNCTION__.0
                0x0000d4a0       0x11 ./rt-thread/src/thread.o
 *fill*         0x0000d4b1        0x3 ff
 .rodata        0x0000d4b4      0x10e ./rt-thread/src/timer.o
 *fill*         0x0000d5c2        0x2 ff
 .rodata.__FUNCTION__.7
                0x0000d5c4        0xe ./rt-thread/src/timer.o
 *fill*         0x0000d5d2        0x2 ff
 .rodata.__FUNCTION__.6
                0x0000d5d4       0x10 ./rt-thread/src/timer.o
 .rodata.__FUNCTION__.3
                0x0000d5e4        0xf ./rt-thread/src/timer.o
 *fill*         0x0000d5f3        0x1 ff
 .rodata.__FUNCTION__.1
                0x0000d5f4        0xe ./rt-thread/src/timer.o
 *fill*         0x0000d602        0x2 ff
 .rodata.__FUNCTION__.0
                0x0000d604       0x11 ./rt-thread/src/timer.o
 *fill*         0x0000d615        0x3 ff
 .rodata        0x0000d618      0x2ce ./rt-thread/libcpu/arm/cortex-m4/cpuport.o
 *fill*         0x0000d8e6        0x2 ff
 .rodata        0x0000d8e8      0x5d3 ./rt-thread/components/finsh/cmd.o
 *fill*         0x0000debb        0x1 ff
 .rodata.name   0x0000debc      0x176 ./rt-thread/components/finsh/cmd.o
                0x0000debc                __fsym_clear_name
                0x0000dec4                __fsym_clear_desc
                0x0000dee0                __fsym_version_name
                0x0000dee8                __fsym_version_desc
                0x0000df0c                __fsym_list_thread_name
                0x0000df18                __fsym_list_thread_desc
                0x0000df24                __fsym_list_sem_name
                0x0000df30                __fsym_list_sem_desc
                0x0000df4c                __fsym_list_event_name
                0x0000df58                __fsym_list_event_desc
                0x0000df70                __fsym_list_mutex_name
                0x0000df7c                __fsym_list_mutex_desc
                0x0000df94                __fsym_list_mailbox_name
                0x0000dfa4                __fsym_list_mailbox_desc
                0x0000dfbc                __fsym_list_msgqueue_name
                0x0000dfcc                __fsym_list_msgqueue_desc
                0x0000dfec                __fsym_list_timer_name
                0x0000dff8                __fsym_list_timer_desc
                0x0000e010                __fsym_list_device_name
                0x0000e01c                __fsym_list_device_desc
 *fill*         0x0000e032        0x2 ff
 .rodata.device_type_str
                0x0000e034       0x64 ./rt-thread/components/finsh/cmd.o
 .rodata        0x0000e098       0xa8 ./rt-thread/components/finsh/msh.o
 .rodata.name   0x0000e140       0x6d ./rt-thread/components/finsh/msh.o
                0x0000e140                __fsym_help_name
                0x0000e148                __fsym_help_desc
                0x0000e160                __fsym_ps_name
                0x0000e164                __fsym_ps_desc
                0x0000e180                __fsym_free_name
                0x0000e188                __fsym_free_desc
 *fill*         0x0000e1ad        0x3 ff
 .rodata.__FUNCTION__.0
                0x0000e1b0        0xe ./rt-thread/components/finsh/msh.o
 *fill*         0x0000e1be        0x2 ff
 .rodata        0x0000e1c0       0x91 ./rt-thread/components/finsh/shell.o
 *fill*         0x0000e251        0x3 ff
 .rodata.__FUNCTION__.6
                0x0000e254       0x16 ./rt-thread/components/finsh/shell.o
 *fill*         0x0000e26a        0x2 ff
 .rodata.__FUNCTION__.5
                0x0000e26c        0xe ./rt-thread/components/finsh/shell.o
 *fill*         0x0000e27a        0x2 ff
 .rodata.__FUNCTION__.4
                0x0000e27c        0xd ./rt-thread/components/finsh/shell.o
 *fill*         0x0000e289        0x3 ff
 .rodata.__FUNCTION__.3
                0x0000e28c       0x11 ./rt-thread/components/finsh/shell.o
 *fill*         0x0000e29d        0x3 ff
 .rodata        0x0000e2a0      0x18b ./rt-thread/components/drivers/serial/serial_v2.o
 *fill*         0x0000e42b        0x1 ff
 .rodata.__FUNCTION__.18
                0x0000e42c       0x1c ./rt-thread/components/drivers/serial/serial_v2.o
 .rodata.__FUNCTION__.17
                0x0000e448       0x1c ./rt-thread/components/drivers/serial/serial_v2.o
 .rodata.__FUNCTION__.16
                0x0000e464       0x1d ./rt-thread/components/drivers/serial/serial_v2.o
 *fill*         0x0000e481        0x3 ff
 .rodata.__FUNCTION__.15
                0x0000e484       0x10 ./rt-thread/components/drivers/serial/serial_v2.o
 .rodata.__FUNCTION__.14
                0x0000e494       0x10 ./rt-thread/components/drivers/serial/serial_v2.o
 .rodata.__FUNCTION__.13
                0x0000e4a4       0x10 ./rt-thread/components/drivers/serial/serial_v2.o
 .rodata.__FUNCTION__.12
                0x0000e4b4       0x1e ./rt-thread/components/drivers/serial/serial_v2.o
 *fill*         0x0000e4d2        0x2 ff
 .rodata.__FUNCTION__.11
                0x0000e4d4       0x1d ./rt-thread/components/drivers/serial/serial_v2.o
 *fill*         0x0000e4f1        0x3 ff
 .rodata.__FUNCTION__.10
                0x0000e4f4       0x1c ./rt-thread/components/drivers/serial/serial_v2.o
 .rodata.__FUNCTION__.9
                0x0000e510       0x14 ./rt-thread/components/drivers/serial/serial_v2.o
 .rodata.__FUNCTION__.8
                0x0000e524       0x14 ./rt-thread/components/drivers/serial/serial_v2.o
 .rodata.__FUNCTION__.7
                0x0000e538       0x15 ./rt-thread/components/drivers/serial/serial_v2.o
 *fill*         0x0000e54d        0x3 ff
 .rodata.__FUNCTION__.6
                0x0000e550       0x15 ./rt-thread/components/drivers/serial/serial_v2.o
 *fill*         0x0000e565        0x3 ff
 .rodata.__FUNCTION__.5
                0x0000e568        0xf ./rt-thread/components/drivers/serial/serial_v2.o
 *fill*         0x0000e577        0x1 ff
 .rodata.__FUNCTION__.4
                0x0000e578        0xf ./rt-thread/components/drivers/serial/serial_v2.o
 *fill*         0x0000e587        0x1 ff
 .rodata.__FUNCTION__.3
                0x0000e588       0x10 ./rt-thread/components/drivers/serial/serial_v2.o
 .rodata.__FUNCTION__.2
                0x0000e598       0x12 ./rt-thread/components/drivers/serial/serial_v2.o
 *fill*         0x0000e5aa        0x2 ff
 .rodata.__FUNCTION__.1
                0x0000e5ac       0x16 ./rt-thread/components/drivers/serial/serial_v2.o
 *fill*         0x0000e5c2        0x2 ff
 .rodata.__FUNCTION__.0
                0x0000e5c4       0x11 ./rt-thread/components/drivers/serial/serial_v2.o
 *fill*         0x0000e5d5        0x3 ff
 .rodata        0x0000e5d8      0x1f9 ./rt-thread/components/drivers/misc/adc.o
 *fill*         0x0000e7d1        0x3 ff
 .rodata.name   0x0000e7d4       0x11 ./rt-thread/components/drivers/misc/adc.o
                0x0000e7d4                __fsym_adc_name
                0x0000e7d8                __fsym_adc_desc
 *fill*         0x0000e7e5        0x3 ff
 .rodata.__FUNCTION__.4
                0x0000e7e8       0x13 ./rt-thread/components/drivers/misc/adc.o
 *fill*         0x0000e7fb        0x1 ff
 .rodata.__FUNCTION__.3
                0x0000e7fc        0xc ./rt-thread/components/drivers/misc/adc.o
 .rodata.__FUNCTION__.2
                0x0000e808        0xe ./rt-thread/components/drivers/misc/adc.o
 *fill*         0x0000e816        0x2 ff
 .rodata.__FUNCTION__.1
                0x0000e818        0xf ./rt-thread/components/drivers/misc/adc.o
 *fill*         0x0000e827        0x1 ff
 .rodata        0x0000e828       0x37 ./rt-thread/components/drivers/misc/pin.o
 *fill*         0x0000e85f        0x1 ff
 .rodata.__FUNCTION__.9
                0x0000e860        0xa ./rt-thread/components/drivers/misc/pin.o
 *fill*         0x0000e86a        0x2 ff
 .rodata.__FUNCTION__.8
                0x0000e86c        0xb ./rt-thread/components/drivers/misc/pin.o
 *fill*         0x0000e877        0x1 ff
 .rodata.__FUNCTION__.7
                0x0000e878        0xd ./rt-thread/components/drivers/misc/pin.o
 *fill*         0x0000e885        0x3 ff
 .rodata.__FUNCTION__.6
                0x0000e888       0x12 ./rt-thread/components/drivers/misc/pin.o
 *fill*         0x0000e89a        0x2 ff
 .rodata.__FUNCTION__.4
                0x0000e89c       0x12 ./rt-thread/components/drivers/misc/pin.o
 *fill*         0x0000e8ae        0x2 ff
 .rodata.__FUNCTION__.2
                0x0000e8b0        0xd ./rt-thread/components/drivers/misc/pin.o
 *fill*         0x0000e8bd        0x3 ff
 .rodata.__FUNCTION__.0
                0x0000e8c0        0xb ./rt-thread/components/drivers/misc/pin.o
 *fill*         0x0000e8cb        0x1 ff
 .rodata        0x0000e8cc       0xd7 ./rt-thread/components/drivers/ipc/completion.o
 *fill*         0x0000e9a3        0x1 ff
 .rodata.__FUNCTION__.2
                0x0000e9a4       0x13 ./rt-thread/components/drivers/ipc/completion.o
 *fill*         0x0000e9b7        0x1 ff
 .rodata.__FUNCTION__.1
                0x0000e9b8       0x13 ./rt-thread/components/drivers/ipc/completion.o
 *fill*         0x0000e9cb        0x1 ff
 .rodata.__FUNCTION__.0
                0x0000e9cc       0x13 ./rt-thread/components/drivers/ipc/completion.o
 *fill*         0x0000e9df        0x1 ff
 .rodata        0x0000e9e0       0x19 ./rt-thread/components/drivers/ipc/ringbuffer.o
 *fill*         0x0000e9f9        0x3 ff
 .rodata.__FUNCTION__.10
                0x0000e9fc       0x13 ./rt-thread/components/drivers/ipc/ringbuffer.o
 *fill*         0x0000ea0f        0x1 ff
 .rodata.__FUNCTION__.9
                0x0000ea10       0x12 ./rt-thread/components/drivers/ipc/ringbuffer.o
 *fill*         0x0000ea22        0x2 ff
 .rodata.__FUNCTION__.7
                0x0000ea24       0x12 ./rt-thread/components/drivers/ipc/ringbuffer.o
 *fill*         0x0000ea36        0x2 ff
 .rodata.__FUNCTION__.5
                0x0000ea38       0x16 ./rt-thread/components/drivers/ipc/ringbuffer.o
 *fill*         0x0000ea4e        0x2 ff
 .rodata.g_ioport
                0x0000ea50        0xc ./ra_gen/common_data.o
                0x0000ea50                g_ioport
 .rodata.g_adc0_cfg_extend
                0x0000ea5c        0xa ./ra_gen/hal_data.o
                0x0000ea5c                g_adc0_cfg_extend
 *fill*         0x0000ea66        0x2 ff
 .rodata.g_adc0_cfg
                0x0000ea68       0x18 ./ra_gen/hal_data.o
                0x0000ea68                g_adc0_cfg
 .rodata.g_adc0_channel_cfg
                0x0000ea80       0x14 ./ra_gen/hal_data.o
                0x0000ea80                g_adc0_channel_cfg
 .rodata.g_external_irq0_cfg
                0x0000ea94       0x14 ./ra_gen/hal_data.o
                0x0000ea94                g_external_irq0_cfg
 .rodata.g_uart7_cfg_extend
                0x0000eaa8       0x10 ./ra_gen/hal_data.o
                0x0000eaa8                g_uart7_cfg_extend
 .rodata.g_uart7_cfg
                0x0000eab8       0x20 ./ra_gen/hal_data.o
                0x0000eab8                g_uart7_cfg
 .rodata.g_bsp_pin_cfg_data
                0x0000ead8      0x140 ./ra_gen/pin_data.o
                0x0000ead8                g_bsp_pin_cfg_data
 .rodata.g_bsp_pin_cfg
                0x0000ec18        0x8 ./ra_gen/pin_data.o
                0x0000ec18                g_bsp_pin_cfg
 .rodata.g_interrupt_event_link_select
                0x0000ec20       0xc0 ./ra_gen/vector_data.o
                0x0000ec20                g_interrupt_event_link_select
 .rodata.g_ioport_on_ioport
                0x0000ece0       0x38 ./ra/fsp/src/r_ioport/r_ioport.o
                0x0000ece0                g_ioport_on_ioport
 .rodata.g_vbatt_pins_input
                0x0000ed18        0x6 ./ra/fsp/src/r_ioport/r_ioport.o
 *fill*         0x0000ed1e        0x2 ff
 .rodata.adc_elc_trigger_lut
                0x0000ed20        0xc ./ra/fsp/src/r_adc/r_adc.o
 .rodata.g_adc_valid_channels
                0x0000ed2c        0x8 ./ra/fsp/src/r_adc/r_adc.o
 .rodata.g_prcr_masks
                0x0000ed34        0x8 ./ra/fsp/src/bsp/mcu/all/bsp_register_protection.o
 .rodata        0x0000ed3c       0xa1 ./libraries/HAL_Drivers/drv_adc.o
 *fill*         0x0000eddd        0x3 ff
 .rodata.ra_adc_ops
                0x0000ede0        0x8 ./libraries/HAL_Drivers/drv_adc.o
 .rodata.__FUNCTION__.2
                0x0000ede8        0xf ./libraries/HAL_Drivers/drv_adc.o
 *fill*         0x0000edf7        0x1 ff
 .rodata.__FUNCTION__.0
                0x0000edf8       0x11 ./libraries/HAL_Drivers/drv_adc.o
 *fill*         0x0000ee09        0x3 ff
 .rodata.name   0x0000ee0c       0x16 ./libraries/HAL_Drivers/drv_common.o
                0x0000ee0c                __fsym_reboot_name
                0x0000ee14                __fsym_reboot_desc
 *fill*         0x0000ee22        0x2 ff
 .rodata        0x0000ee24        0x6 ./libraries/HAL_Drivers/drv_common.o
 *fill*         0x0000ee2a        0x2 ff
 .rodata        0x0000ee2c      0x170 ./libraries/HAL_Drivers/drv_gpio.o
 .rodata._ra_pin_ops
                0x0000ef9c       0x1c ./libraries/HAL_Drivers/drv_gpio.o
 .rodata        0x0000efb8       0x6d ./libraries/HAL_Drivers/drv_usart_v2.o
 *fill*         0x0000f025        0x3 ff
 .rodata.ra_uart_ops
                0x0000f028       0x14 ./libraries/HAL_Drivers/drv_usart_v2.o
 .rodata.__FUNCTION__.3
                0x0000f03c       0x12 ./libraries/HAL_Drivers/drv_usart_v2.o
 *fill*         0x0000f04e        0x2 ff
 .rodata.__FUNCTION__.2
                0x0000f050        0xd ./libraries/HAL_Drivers/drv_usart_v2.o
 *fill*         0x0000f05d        0x3 ff
 .rodata.__FUNCTION__.1
                0x0000f060       0x14 ./libraries/HAL_Drivers/drv_usart_v2.o
 .rodata.__FUNCTION__.0
                0x0000f074       0x11 ./libraries/HAL_Drivers/drv_usart_v2.o
 *fill*         0x0000f085        0x3 ff
 .rodata._global_impure_ptr
                0x0000f088        0x4 d:/rt-thread/rt-threadstudio/repo/extract/toolchain_support_packages/arm/gnu_tools_for_arm_embedded_processors/10.2.1/bin/../lib/gcc/arm-none-eabi/10.2.1/../../../../arm-none-eabi/lib/thumb/v8-m.main+fp/hard\libc.a(lib_a-impure.o)
                0x0000f088                _global_impure_ptr
 .rodata._ctype_
                0x0000f08c      0x101 d:/rt-thread/rt-threadstudio/repo/extract/toolchain_support_packages/arm/gnu_tools_for_arm_embedded_processors/10.2.1/bin/../lib/gcc/arm-none-eabi/10.2.1/../../../../arm-none-eabi/lib/thumb/v8-m.main+fp/hard\libc.a(lib_a-ctype_.o)
                0x0000f08c                _ctype_
                0x0000f18d                __usb_dev_descriptor_start_fs = .
 *(.usb_device_desc_fs*)
                0x0000f18d                __usb_cfg_descriptor_start_fs = .
 *(.usb_config_desc_fs*)
                0x0000f18d                __usb_interface_descriptor_start_fs = .
 *(.usb_interface_desc_fs*)
                0x0000f18d                __usb_descriptor_end_fs = .
                0x0000f18d                __usb_dev_descriptor_start_hs = .
 *(.usb_device_desc_hs*)
                0x0000f18d                __usb_cfg_descriptor_start_hs = .
 *(.usb_config_desc_hs*)
                0x0000f18d                __usb_interface_descriptor_start_hs = .
 *(.usb_interface_desc_hs*)
                0x0000f18d                __usb_descriptor_end_hs = .
 *(.eh_frame*)
 *fill*         0x0000f18d        0x3 ff
 .eh_frame      0x0000f190        0x0 d:/rt-thread/rt-threadstudio/repo/extract/toolchain_support_packages/arm/gnu_tools_for_arm_embedded_processors/10.2.1/bin/../lib/gcc/arm-none-eabi/10.2.1/thumb/v8-m.main+fp/hard/crtbegin.o
 .eh_frame      0x0000f190        0x4 d:/rt-thread/rt-threadstudio/repo/extract/toolchain_support_packages/arm/gnu_tools_for_arm_embedded_processors/10.2.1/bin/../lib/gcc/arm-none-eabi/10.2.1/thumb/v8-m.main+fp/hard/crtend.o
                0x0000f194                __ROM_End = .
                0x000001c0                __Vectors_Size = (__Vectors_End - __Vectors)

.glue_7         0x0000f194        0x0
 .glue_7        0x0000f194        0x0 linker stubs

.glue_7t        0x0000f194        0x0
 .glue_7t       0x0000f194        0x0 linker stubs

.vfp11_veneer   0x0000f194        0x0
 .vfp11_veneer  0x0000f194        0x0 linker stubs

.v4_bx          0x0000f194        0x0
 .v4_bx         0x0000f194        0x0 linker stubs

.iplt           0x0000f194        0x0
 .iplt          0x0000f194        0x0 d:/rt-thread/rt-threadstudio/repo/extract/toolchain_support_packages/arm/gnu_tools_for_arm_embedded_processors/10.2.1/bin/../lib/gcc/arm-none-eabi/10.2.1/thumb/v8-m.main+fp/hard/crtbegin.o

.ARM.extab
 *(.ARM.extab* .gnu.linkonce.armextab.*)
                0x0000f194                __exidx_start = .

.ARM.exidx
 *(.ARM.exidx* .gnu.linkonce.armexidx.*)
                0x0000f194                __exidx_end = .
                0x0000f194                __etext = .
                0x20000000                __tz_RAM_S = ORIGIN (RAM)

.fsp_dtc_vector_table
                0x20000000        0x0
                0x20000000                . = ORIGIN (RAM)
 *(.fsp_dtc_vector_table)

.data           0x20000000      0x500 load address 0x0000f194
                0x20000000                __data_start__ = .
                0x20000000                . = ALIGN (0x4)
                0x20000000                __Code_In_RAM_Start = .
 *(.code_in_ram*)
                0x20000000                __Code_In_RAM_End = .
 *(vtable)
 *(.data.*)
 .data._rt_thread_defunct
                0x20000000        0x8 ./rt-thread/src/idle.o
 .data._object_container
                0x20000008       0x90 ./rt-thread/src/object.o
 .data._soft_timer_status
                0x20000098        0x1 ./rt-thread/src/timer.o
 *fill*         0x20000099        0x3 
 .data.g_uart7_baud_setting
                0x2000009c        0x4 ./ra_gen/hal_data.o
                0x2000009c                g_uart7_baud_setting
 .data.ra_adc   0x200000a0       0x10 ./libraries/HAL_Drivers/drv_adc.o
                0x200000a0                ra_adc
 .data._ra_adc0_device
                0x200000b0        0x8 ./libraries/HAL_Drivers/drv_adc.o
                0x200000b0                _ra_adc0_device
 .data.uart_config
                0x200000b8        0xc ./libraries/HAL_Drivers/drv_usart_v2.o
 .data._impure_ptr
                0x200000c4        0x4 d:/rt-thread/rt-threadstudio/repo/extract/toolchain_support_packages/arm/gnu_tools_for_arm_embedded_processors/10.2.1/bin/../lib/gcc/arm-none-eabi/10.2.1/../../../../arm-none-eabi/lib/thumb/v8-m.main+fp/hard\libc.a(lib_a-impure.o)
                0x200000c4                _impure_ptr
 .data.impure_data
                0x200000c8      0x428 d:/rt-thread/rt-threadstudio/repo/extract/toolchain_support_packages/arm/gnu_tools_for_arm_embedded_processors/10.2.1/bin/../lib/gcc/arm-none-eabi/10.2.1/../../../../arm-none-eabi/lib/thumb/v8-m.main+fp/hard\libc.a(lib_a-impure.o)
 .data.__atexit_recursive_mutex
                0x200004f0        0x4 d:/rt-thread/rt-threadstudio/repo/extract/toolchain_support_packages/arm/gnu_tools_for_arm_embedded_processors/10.2.1/bin/../lib/gcc/arm-none-eabi/10.2.1/../../../../arm-none-eabi/lib/thumb/v8-m.main+fp/hard\libc.a(lib_a-__call_atexit.o)
                0x200004f0                __atexit_recursive_mutex
 *(.data)
                0x200004f4                . = ALIGN (0x4)
                [!provide]                PROVIDE (__preinit_array_start = .)
 *(.preinit_array)
                [!provide]                PROVIDE (__preinit_array_end = .)
                0x200004f4                . = ALIGN (0x4)
                0x200004f4                PROVIDE (__init_array_start = .)
 *(SORT_BY_NAME(.init_array.*))
 .init_array.00000
                0x200004f4        0x4 d:/rt-thread/rt-threadstudio/repo/extract/toolchain_support_packages/arm/gnu_tools_for_arm_embedded_processors/10.2.1/bin/../lib/gcc/arm-none-eabi/10.2.1/../../../../arm-none-eabi/lib/thumb/v8-m.main+fp/hard\libc.a(lib_a-__call_atexit.o)
 *(.init_array)