Archive member included to satisfy reference by file (symbol)

d:/rt-threadstudio/repo/extract/toolchain_support_packages/arm/gnu_tools_for_arm_embedded_processors/5.4.1/bin/../lib/gcc/arm-none-eabi/5.4.1/../../../../arm-none-eabi/lib/armv7e-m/fpu\libc.a(lib_a-atof.o)
                              ./applications/pid.o (atof)
d:/rt-threadstudio/repo/extract/toolchain_support_packages/arm/gnu_tools_for_arm_embedded_processors/5.4.1/bin/../lib/gcc/arm-none-eabi/5.4.1/../../../../arm-none-eabi/lib/armv7e-m/fpu\libc.a(lib_a-atoi.o)
                              ./rt-thread/components/net/netdev/src/netdev.o (atoi)
d:/rt-threadstudio/repo/extract/toolchain_support_packages/arm/gnu_tools_for_arm_embedded_processors/5.4.1/bin/../lib/gcc/arm-none-eabi/5.4.1/../../../../arm-none-eabi/lib/armv7e-m/fpu\libc.a(lib_a-exit.o)
                              d:/rt-threadstudio/repo/extract/toolchain_support_packages/arm/gnu_tools_for_arm_embedded_processors/5.4.1/bin/../lib/gcc/arm-none-eabi/5.4.1/../../../../arm-none-eabi/lib/armv7e-m/fpu/crt0.o (exit)
d:/rt-threadstudio/repo/extract/toolchain_support_packages/arm/gnu_tools_for_arm_embedded_processors/5.4.1/bin/../lib/gcc/arm-none-eabi/5.4.1/../../../../arm-none-eabi/lib/armv7e-m/fpu\libc.a(lib_a-impure.o)
                              d:/rt-threadstudio/repo/extract/toolchain_support_packages/arm/gnu_tools_for_arm_embedded_processors/5.4.1/bin/../lib/gcc/arm-none-eabi/5.4.1/../../../../arm-none-eabi/lib/armv7e-m/fpu\libc.a(lib_a-exit.o) (_global_impure_ptr)
d:/rt-threadstudio/repo/extract/toolchain_support_packages/arm/gnu_tools_for_arm_embedded_processors/5.4.1/bin/../lib/gcc/arm-none-eabi/5.4.1/../../../../arm-none-eabi/lib/armv7e-m/fpu\libc.a(lib_a-locale.o)
                              ./rt-thread/components/net/at/at_socket/at_socket.o (__locale_ctype_ptr)
d:/rt-threadstudio/repo/extract/toolchain_support_packages/arm/gnu_tools_for_arm_embedded_processors/5.4.1/bin/../lib/gcc/arm-none-eabi/5.4.1/../../../../arm-none-eabi/lib/armv7e-m/fpu\libc.a(lib_a-malloc.o)
                              ./packages/cJSON-latest/cJSON.o (malloc)
d:/rt-threadstudio/repo/extract/toolchain_support_packages/arm/gnu_tools_for_arm_embedded_processors/5.4.1/bin/../lib/gcc/arm-none-eabi/5.4.1/../../../../arm-none-eabi/lib/armv7e-m/fpu\libc.a(lib_a-mbtowc_r.o)
                              d:/rt-threadstudio/repo/extract/toolchain_support_packages/arm/gnu_tools_for_arm_embedded_processors/5.4.1/bin/../lib/gcc/arm-none-eabi/5.4.1/../../../../arm-none-eabi/lib/armv7e-m/fpu\libc.a(lib_a-locale.o) (__ascii_mbtowc)
d:/rt-threadstudio/repo/extract/toolchain_support_packages/arm/gnu_tools_for_arm_embedded_processors/5.4.1/bin/../lib/gcc/arm-none-eabi/5.4.1/../../../../arm-none-eabi/lib/armv7e-m/fpu\libc.a(lib_a-memcmp.o)
                              ./rt-thread/components/finsh/shell.o (memcmp)
d:/rt-threadstudio/repo/extract/toolchain_support_packages/arm/gnu_tools_for_arm_embedded_processors/5.4.1/bin/../lib/gcc/arm-none-eabi/5.4.1/../../../../arm-none-eabi/lib/armv7e-m/fpu\libc.a(lib_a-memcpy.o)
                              ./packages/onenet-latest/src/onenet_mqtt.o (memcpy)
d:/rt-threadstudio/repo/extract/toolchain_support_packages/arm/gnu_tools_for_arm_embedded_processors/5.4.1/bin/../lib/gcc/arm-none-eabi/5.4.1/../../../../arm-none-eabi/lib/armv7e-m/fpu\libc.a(lib_a-memset.o)
                              d:/rt-threadstudio/repo/extract/toolchain_support_packages/arm/gnu_tools_for_arm_embedded_processors/5.4.1/bin/../lib/gcc/arm-none-eabi/5.4.1/../../../../arm-none-eabi/lib/armv7e-m/fpu/crt0.o (memset)
d:/rt-threadstudio/repo/extract/toolchain_support_packages/arm/gnu_tools_for_arm_embedded_processors/5.4.1/bin/../lib/gcc/arm-none-eabi/5.4.1/../../../../arm-none-eabi/lib/armv7e-m/fpu\libc.a(lib_a-realloc.o)
                              ./packages/cJSON-latest/cJSON.o (realloc)
d:/rt-threadstudio/repo/extract/toolchain_support_packages/arm/gnu_tools_for_arm_embedded_processors/5.4.1/bin/../lib/gcc/arm-none-eabi/5.4.1/../../../../arm-none-eabi/lib/armv7e-m/fpu\libc.a(lib_a-sprintf.o)
                              ./packages/cJSON-latest/cJSON.o (sprintf)
d:/rt-threadstudio/repo/extract/toolchain_support_packages/arm/gnu_tools_for_arm_embedded_processors/5.4.1/bin/../lib/gcc/arm-none-eabi/5.4.1/../../../../arm-none-eabi/lib/armv7e-m/fpu\libc.a(lib_a-sscanf.o)
                              ./packages/cJSON-latest/cJSON.o (sscanf)
d:/rt-threadstudio/repo/extract/toolchain_support_packages/arm/gnu_tools_for_arm_embedded_processors/5.4.1/bin/../lib/gcc/arm-none-eabi/5.4.1/../../../../arm-none-eabi/lib/armv7e-m/fpu\libc.a(lib_a-stdio.o)
                              d:/rt-threadstudio/repo/extract/toolchain_support_packages/arm/gnu_tools_for_arm_embedded_processors/5.4.1/bin/../lib/gcc/arm-none-eabi/5.4.1/../../../../arm-none-eabi/lib/armv7e-m/fpu\libc.a(lib_a-sscanf.o) (__seofread)
[...]
Memory Configuration

Name             Origin             Length             Attributes
CODE             0x08000000         0x00080000         xr
DATA             0x20000000         0x00024000         rw
*default*        0x00000000         0xffffffff

Linker script and memory map

LOAD d:/rt-threadstudio/repo/extract/toolchain_support_packages/arm/gnu_tools_for_arm_embedded_processors/5.4.1/bin/../lib/gcc/arm-none-eabi/5.4.1/armv7e-m/fpu/crti.o
LOAD d:/rt-threadstudio/repo/extract/toolchain_support_packages/arm/gnu_tools_for_arm_embedded_processors/5.4.1/bin/../lib/gcc/arm-none-eabi/5.4.1/armv7e-m/fpu/crtbegin.o
LOAD d:/rt-threadstudio/repo/extract/toolchain_support_packages/arm/gnu_tools_for_arm_embedded_processors/5.4.1/bin/../lib/gcc/arm-none-eabi/5.4.1/../../../../arm-none-eabi/lib/armv7e-m/fpu/crt0.o
LOAD ./rt-thread/src/clock.o
LOAD ./rt-thread/src/components.o
LOAD ./rt-thread/src/device.o
LOAD ./rt-thread/src/idle.o
LOAD ./rt-thread/src/ipc.o
LOAD ./rt-thread/src/irq.o
LOAD ./rt-thread/src/kservice.o
LOAD ./rt-thread/src/mem.o
LOAD ./rt-thread/src/memheap.o
LOAD ./rt-thread/src/mempool.o
LOAD ./rt-thread/src/object.o
LOAD ./rt-thread/src/scheduler.o
LOAD ./rt-thread/src/thread.o
LOAD ./rt-thread/src/timer.o
LOAD ./rt-thread/libcpu/arm/cortex-m4/context_gcc.o
LOAD ./rt-thread/libcpu/arm/cortex-m4/cpuport.o
LOAD ./rt-thread/libcpu/arm/common/backtrace.o
LOAD ./rt-thread/libcpu/arm/common/div0.o
LOAD ./rt-thread/libcpu/arm/common/showmem.o
LOAD ./rt-thread/components/net/sal/src/sal_socket.o
LOAD ./rt-thread/components/net/sal/socket/net_netdb.o
LOAD ./rt-thread/components/net/sal/socket/net_sockets.o
LOAD ./rt-thread/components/net/sal/impl/af_inet_at.o
LOAD ./rt-thread/components/net/sal/dfs_net/dfs_net.o
LOAD ./rt-thread/components/net/netdev/src/netdev.o
LOAD ./rt-thread/components/net/netdev/src/netdev_ipaddr.o
LOAD ./rt-thread/components/net/at/src/at_cli.o
LOAD ./rt-thread/components/net/at/src/at_client.o
LOAD ./rt-thread/components/net/at/src/at_utils.o
LOAD ./rt-thread/components/net/at/at_socket/at_socket.o
LOAD ./rt-thread/components/libc/posix/io/poll/poll.o
LOAD ./rt-thread/components/libc/posix/io/poll/select.o
LOAD ./rt-thread/components/libc/compilers/newlib/syscalls.o
LOAD ./rt-thread/components/libc/compilers/common/stdlib.o
LOAD ./rt-thread/components/libc/compilers/common/time.o
LOAD ./rt-thread/components/finsh/cmd.o
LOAD ./rt-thread/components/finsh/msh.o
LOAD ./rt-thread/components/finsh/msh_file.o
LOAD ./rt-thread/components/finsh/shell.o
LOAD ./rt-thread/components/drivers/watchdog/watchdog.o
LOAD ./rt-thread/components/drivers/spi/spi_core.o
LOAD ./rt-thread/components/drivers/spi/spi_dev.o
LOAD ./rt-thread/components/drivers/serial/serial.o
LOAD ./rt-thread/components/drivers/sensors/sensor.o
LOAD ./rt-thread/components/drivers/sensors/sensor_cmd.o
LOAD ./rt-thread/components/drivers/misc/adc.o
LOAD ./rt-thread/components/drivers/misc/dac.o
LOAD ./rt-thread/components/drivers/misc/pin.o
LOAD ./rt-thread/components/drivers/misc/rt_drv_pwm.o
LOAD ./rt-thread/components/drivers/ipc/completion.o
LOAD ./rt-thread/components/drivers/ipc/dataqueue.o
LOAD ./rt-thread/components/drivers/ipc/pipe.o
LOAD ./rt-thread/components/drivers/ipc/ringblk_buf.o
LOAD ./rt-thread/components/drivers/ipc/ringbuffer.o
LOAD ./rt-thread/components/drivers/ipc/waitqueue.o
LOAD ./rt-thread/components/drivers/ipc/workqueue.o
LOAD ./rt-thread/components/drivers/i2c/i2c-bit-ops.o
LOAD ./rt-thread/components/drivers/i2c/i2c_core.o
LOAD ./rt-thread/components/drivers/i2c/i2c_dev.o
LOAD ./rt-thread/components/drivers/hwtimer/hwtimer.o
LOAD ./rt-thread/components/drivers/can/can.o
LOAD ./rt-thread/components/dfs/src/dfs.o
LOAD ./rt-thread/components/dfs/src/dfs_file.o
LOAD ./rt-thread/components/dfs/src/dfs_fs.o
LOAD ./rt-thread/components/dfs/src/dfs_posix.o
LOAD ./rt-thread/components/dfs/filesystems/devfs/devfs.o
LOAD ./packages/pahomqtt-latest/MQTTPacket/src/MQTTConnectClient.o
LOAD ./packages/pahomqtt-latest/MQTTPacket/src/MQTTConnectServer.o
LOAD ./packages/pahomqtt-latest/MQTTPacket/src/MQTTDeserializePublish.o
LOAD ./packages/pahomqtt-latest/MQTTPacket/src/MQTTFormat.o
LOAD ./packages/pahomqtt-latest/MQTTPacket/src/MQTTPacket.o
LOAD ./packages/pahomqtt-latest/MQTTPacket/src/MQTTSerializePublish.o
LOAD ./packages/pahomqtt-latest/MQTTPacket/src/MQTTSubscribeClient.o
LOAD ./packages/pahomqtt-latest/MQTTPacket/src/MQTTSubscribeServer.o
LOAD ./packages/pahomqtt-latest/MQTTPacket/src/MQTTUnsubscribeClient.o
LOAD ./packages/pahomqtt-latest/MQTTPacket/src/MQTTUnsubscribeServer.o
LOAD ./packages/pahomqtt-latest/MQTTClient-RT/paho_mqtt_pipe.o
LOAD ./packages/onenet-latest/src/onenet_mqtt.o
LOAD ./packages/dht11-latest/sensor_dallas_dht11.o
LOAD ./packages/cJSON-latest/cJSON.o
LOAD ./packages/cJSON-latest/cJSON_Utils.o
LOAD ./packages/at_device-latest/src/at_device.o
LOAD ./packages/at_device-latest/samples/at_sample_esp8266.o
LOAD ./packages/at_device-latest/class/esp8266/at_device_esp8266.o
LOAD ./packages/at_device-latest/class/esp8266/at_socket_esp8266.o
LOAD ./libraries/n32_drivers/drv_adc.o
LOAD ./libraries/n32_drivers/drv_can.o
LOAD ./libraries/n32_drivers/drv_dac.o
LOAD ./libraries/n32_drivers/drv_gpio.o
LOAD ./libraries/n32_drivers/drv_hwtimer.o
LOAD ./libraries/n32_drivers/drv_pwm.o
LOAD ./libraries/n32_drivers/drv_spi.o
LOAD ./libraries/n32_drivers/drv_usart.o
LOAD ./libraries/N32G45x_Firmware_Library/n32g45x_std_periph_driver/src/misc.o
LOAD ./libraries/N32G45x_Firmware_Library/n32g45x_std_periph_driver/src/n32g45x_adc.o
LOAD ./libraries/N32G45x_Firmware_Library/n32g45x_std_periph_driver/src/n32g45x_can.o
LOAD ./libraries/N32G45x_Firmware_Library/n32g45x_std_periph_driver/src/n32g45x_dac.o
LOAD ./libraries/N32G45x_Firmware_Library/n32g45x_std_periph_driver/src/n32g45x_exti.o
LOAD ./libraries/N32G45x_Firmware_Library/n32g45x_std_periph_driver/src/n32g45x_gpio.o
LOAD ./libraries/N32G45x_Firmware_Library/n32g45x_std_periph_driver/src/n32g45x_i2c.o
LOAD ./libraries/N32G45x_Firmware_Library/n32g45x_std_periph_driver/src/n32g45x_iwdg.o
LOAD ./libraries/N32G45x_Firmware_Library/n32g45x_std_periph_driver/src/n32g45x_rcc.o
LOAD ./libraries/N32G45x_Firmware_Library/n32g45x_std_periph_driver/src/n32g45x_spi.o
LOAD ./libraries/N32G45x_Firmware_Library/n32g45x_std_periph_driver/src/n32g45x_tim.o
LOAD ./libraries/N32G45x_Firmware_Library/n32g45x_std_periph_driver/src/n32g45x_usart.o
LOAD ./libraries/N32G45x_Firmware_Library/n32g45x_std_periph_driver/src/n32g45x_wwdg.o
LOAD ./libraries/N32G45x_Firmware_Library/CMSIS/device/startup/startup_n32g45x_gcc.o
LOAD ./libraries/N32G45x_Firmware_Library/CMSIS/device/system_n32g45x.o
LOAD ./board/board.o
LOAD ./applications/controller.o
LOAD ./applications/main.o
LOAD ./applications/measure.o
LOAD ./applications/my_pwm.o
LOAD ./applications/pid.o
LOAD ./applications/uart3.o
LOAD d:/rt-threadstudio/repo/extract/toolchain_support_packages/arm/gnu_tools_for_arm_embedded_processors/5.4.1/bin/../lib/gcc/arm-none-eabi/5.4.1/../../../../arm-none-eabi/lib/armv7e-m/fpu\libc.a
LOAD d:/rt-threadstudio/repo/extract/toolchain_support_packages/arm/gnu_tools_for_arm_embedded_processors/5.4.1/bin/../lib/gcc/arm-none-eabi/5.4.1/../../../../arm-none-eabi/lib/armv7e-m/fpu\libm.a
START GROUP
LOAD d:/rt-threadstudio/repo/extract/toolchain_support_packages/arm/gnu_tools_for_arm_embedded_processors/5.4.1/bin/../lib/gcc/arm-none-eabi/5.4.1/armv7e-m/fpu\libgcc.a
LOAD d:/rt-threadstudio/repo/extract/toolchain_support_packages/arm/gnu_tools_for_arm_embedded_processors/5.4.1/bin/../lib/gcc/arm-none-eabi/5.4.1/../../../../arm-none-eabi/lib/armv7e-m/fpu\libc.a
END GROUP
LOAD d:/rt-threadstudio/repo/extract/toolchain_support_packages/arm/gnu_tools_for_arm_embedded_processors/5.4.1/bin/../lib/gcc/arm-none-eabi/5.4.1/armv7e-m/fpu/crtend.o
LOAD d:/rt-threadstudio/repo/extract/toolchain_support_packages/arm/gnu_tools_for_arm_embedded_processors/5.4.1/bin/../lib/gcc/arm-none-eabi/5.4.1/armv7e-m/fpu/crtn.o
                0x00001500                _system_stack_size = 0x1500

.text           0x08000000    0x31994
                0x08000000                . = ALIGN (0x4)
                0x08000000                _stext = .
 *(.isr_vector)
 .isr_vector    0x08000000      0x188 ./libraries/N32G45x_Firmware_Library/CMSIS/device/startup/startup_n32g45x_gcc.o
                0x08000000                g_pfnVectors
                0x08000188                . = ALIGN (0x4)
 *(.text)
 .text          0x08000188      0x144 ./rt-thread/libcpu/arm/cortex-m4/context_gcc.o
                0x08000188                rt_hw_interrupt_disable
                0x08000190                rt_hw_interrupt_enable
                0x08000196                rt_hw_context_switch_interrupt
                0x08000196                rt_hw_context_switch
                0x080001b6                PendSV_Handler
                0x08000222                rt_hw_context_switch_to
                0x08000270                rt_hw_interrupt_thread_switch
                0x08000274                HardFault_Handler
 .text          0x080002cc      0x134 d:/rt-threadstudio/repo/extract/toolchain_support_packages/arm/gnu_tools_for_arm_embedded_processors/5.4.1/bin/../lib/gcc/arm-none-eabi/5.4.1/../../../../arm-none-eabi/lib/armv7e-m/fpu\libc.a(lib_a-memcpy.o)
                0x080002cc                memcpy
 .text          0x08000400      0x2dc d:/rt-threadstudio/repo/extract/toolchain_support_packages/arm/gnu_tools_for_arm_embedded_processors/5.4.1/bin/../lib/gcc/arm-none-eabi/5.4.1/../../../../arm-none-eabi/lib/armv7e-m/fpu\libc.a(lib_a-strcmp.o)
                0x08000408                strcmp
 *fill*         0x080006dc       0x24 00000000
 .text          0x08000700       0xdc d:/rt-threadstudio/repo/extract/toolchain_support_packages/arm/gnu_tools_for_arm_embedded_processors/5.4.1/bin/../lib/gcc/arm-none-eabi/5.4.1/../../../../arm-none-eabi/lib/armv7e-m/fpu\libc.a(lib_a-strlen.o)
                0x08000700                strlen
 *fill*         0x080007dc        0x4 00000000
 .text          0x080007e0       0xa0 d:/rt-threadstudio/repo/extract/toolchain_support_packages/arm/gnu_tools_for_arm_embedded_processors/5.4.1/bin/../lib/gcc/arm-none-eabi/5.4.1/../../../../arm-none-eabi/lib/armv7e-m/fpu\libc.a(lib_a-memchr.o)
                0x080007e0                memchr
 .text          0x08000880      0x370 d:/rt-threadstudio/repo/extract/toolchain_support_packages/arm/gnu_tools_for_arm_embedded_processors/5.4.1/bin/../lib/gcc/arm-none-eabi/5.4.1/armv7e-m/fpu\libgcc.a(_arm_addsubdf3.o)
                0x08000880                __aeabi_drsub
                0x08000888                __aeabi_dsub
                0x08000888                __subdf3
                0x0800088c                __aeabi_dadd
                0x0800088c                __adddf3
                0x08000b04                __floatunsidf
                0x08000b04                __aeabi_ui2d
                0x08000b24                __floatsidf
                0x08000b24                __aeabi_i2d
                0x08000b48                __aeabi_f2d
                0x08000b48                __extendsfdf2
                0x08000b84                __floatundidf
                0x08000b84                __aeabi_ul2d
                0x08000b94                __floatdidf
                0x08000b94                __aeabi_l2d
 .text          0x08000bf0      0x424 d:/rt-threadstudio/repo/extract/toolchain_support_packages/arm/gnu_tools_for_arm_embedded_processors/5.4.1/bin/../lib/gcc/arm-none-eabi/5.4.1/armv7e-m/fpu\libgcc.a(_arm_muldivdf3.o)
                0x08000bf0                __aeabi_dmul
                0x08000bf0                __muldf3
                0x08000e44                __divdf3
                0x08000e44                __aeabi_ddiv
 .text          0x08001014      0x110 d:/rt-threadstudio/repo/extract/toolchain_support_packages/arm/gnu_tools_for_arm_embedded_processors/5.4.1/bin/../lib/gcc/arm-none-eabi/5.4.1/armv7e-m/fpu\libgcc.a(_arm_cmpdf2.o)
                0x08001014                __gtdf2
                0x08001014                __gedf2
                0x0800101c                __ltdf2
                0x0800101c                __ledf2
                0x08001024                __nedf2
                0x08001024                __eqdf2
                0x08001024                __cmpdf2
                0x080010a0                __aeabi_cdrcmple
                0x080010b0                __aeabi_cdcmpeq
                0x080010b0                __aeabi_cdcmple
                0x080010c0                __aeabi_dcmpeq
                0x080010d4                __aeabi_dcmplt
                0x080010e8                __aeabi_dcmple
                0x080010fc                __aeabi_dcmpge
                0x08001110                __aeabi_dcmpgt
 .text          0x08001124       0x2c d:/rt-threadstudio/repo/extract/toolchain_support_packages/arm/gnu_tools_for_arm_embedded_processors/5.4.1/bin/../lib/gcc/arm-none-eabi/5.4.1/armv7e-m/fpu\libgcc.a(_arm_unorddf2.o)
                0x08001124                __unorddf2
                0x08001124                __aeabi_dcmpun
 .text          0x08001150       0x50 d:/rt-threadstudio/repo/extract/toolchain_support_packages/arm/gnu_tools_for_arm_embedded_processors/5.4.1/bin/../lib/gcc/arm-none-eabi/5.4.1/armv7e-m/fpu\libgcc.a(_arm_fixdfsi.o)
                0x08001150                __aeabi_d2iz
                0x08001150                __fixdfsi
 .text          0x080011a0       0x40 d:/rt-threadstudio/repo/extract/toolchain_support_packages/arm/gnu_tools_for_arm_embedded_processors/5.4.1/bin/../lib/gcc/arm-none-eabi/5.4.1/armv7e-m/fpu\libgcc.a(_arm_fixunsdfsi.o)
                0x080011a0                __aeabi_d2uiz
                0x080011a0                __fixunsdfsi
 .text          0x080011e0       0xa0 d:/rt-threadstudio/repo/extract/toolchain_support_packages/arm/gnu_tools_for_arm_embedded_processors/5.4.1/bin/../lib/gcc/arm-none-eabi/5.4.1/armv7e-m/fpu\libgcc.a(_arm_truncdfsf2.o)
                0x080011e0                __truncdfsf2
                0x080011e0                __aeabi_d2f
 .text          0x08001280       0x30 d:/rt-threadstudio/repo/extract/toolchain_support_packages/arm/gnu_tools_for_arm_embedded_processors/5.4.1/bin/../lib/gcc/arm-none-eabi/5.4.1/armv7e-m/fpu\libgcc.a(_aeabi_uldivmod.o)
                0x08001280                __aeabi_uldivmod
 .text          0x080012b0      0x2e4 d:/rt-threadstudio/repo/extract/toolchain_support_packages/arm/gnu_tools_for_arm_embedded_processors/5.4.1/bin/../lib/gcc/arm-none-eabi/5.4.1/armv7e-m/fpu\libgcc.a(_udivmoddi4.o)
                0x080012b0                __udivmoddi4
 .text          0x08001594        0x4 d:/rt-threadstudio/repo/extract/toolchain_support_packages/arm/gnu_tools_for_arm_embedded_processors/5.4.1/bin/../lib/gcc/arm-none-eabi/5.4.1/armv7e-m/fpu\libgcc.a(_dvmd_tls.o)
                0x08001594                __aeabi_idiv0
                0x08001594                __aeabi_ldiv0
 *(.text.*)
 .text.rt_tick_get
                0x08001598       0x18 ./rt-thread/src/clock.o
                0x08001598                rt_tick_get
 .text.rt_tick_increase
                0x080015b0       0x7c ./rt-thread/src/clock.o
                0x080015b0                rt_tick_increase
 .text.rt_tick_from_millisecond
                0x0800162c       0x78 ./rt-thread/src/clock.o
                0x0800162c                rt_tick_from_millisecond
 .text.rti_start
                0x080016a4       0x10 ./rt-thread/src/components.o
 .text.rti_board_start
                0x080016b4       0x10 ./rt-thread/src/components.o
 .text.rti_board_end
                0x080016c4       0x10 ./rt-thread/src/components.o
 .text.rti_end  0x080016d4       0x10 ./rt-thread/src/components.o
 .text.rt_components_board_init
                0x080016e4       0x30 ./rt-thread/src/components.o
                0x080016e4                rt_components_board_init
 .text.rt_components_init
                0x08001714       0x30 ./rt-thread/src/components.o
                0x08001714                rt_components_init
 .text.entry    0x08001744       0x10 ./rt-thread/src/components.o
                0x08001744                entry
 .text.main_thread_entry
                0x08001754       0x18 ./rt-thread/src/components.o
                0x08001754                main_thread_entry
 .text.rt_application_init
                0x0800176c       0x4c ./rt-thread/src/components.o
                0x0800176c                rt_application_init
 .text.rtthread_startup
                0x080017b8       0x30 ./rt-thread/src/components.o
                0x080017b8                rtthread_startup
 .text.rt_list_init
                0x080017e8       0x24 ./rt-thread/src/device.o
 .text.rt_wqueue_init
                0x0800180c       0x38 ./rt-thread/src/device.o
 .text.rt_device_register
                0x08001844       0x64 ./rt-thread/src/device.o
                0x08001844                rt_device_register
 .text.rt_device_unregister
                0x080018a8       0x6c ./rt-thread/src/device.o
                0x080018a8                rt_device_unregister
 .text.rt_device_find
                0x08001914       0x1c ./rt-thread/src/device.o
                0x08001914                rt_device_find
 .text.rt_device_open
                0x08001930      0x118 ./rt-thread/src/device.o
                0x08001930                rt_device_open
 .text.rt_device_close
                0x08001a48       0x9c ./rt-thread/src/device.o
                0x08001a48                rt_device_close
 .text.rt_device_read
                0x08001ae4       0x88 ./rt-thread/src/device.o
                0x08001ae4                rt_device_read
 .text.rt_device_write
                0x08001b6c       0x88 ./rt-thread/src/device.o
                0x08001b6c                rt_device_write
 .text.rt_device_control
                0x08001bf4       0x68 ./rt-thread/src/device.o
                0x08001bf4                rt_device_control
 .text.rt_device_set_rx_indicate
                0x08001c5c       0x54 ./rt-thread/src/device.o
                0x08001c5c                rt_device_set_rx_indicate
 .text.rt_list_insert_after
                0x08001cb0       0x34 ./rt-thread/src/idle.o
 .text.rt_list_remove
                0x08001ce4       0x38 ./rt-thread/src/idle.o
 .text.rt_thread_defunct_enqueue
                0x08001d1c       0x20 ./rt-thread/src/idle.o
                0x08001d1c                rt_thread_defunct_enqueue
 .text.rt_thread_defunct_dequeue
                0x08001d3c       0x44 ./rt-thread/src/idle.o
                0x08001d3c                rt_thread_defunct_dequeue
 .text.rt_defunct_execute
                0x08001d80       0x54 ./rt-thread/src/idle.o
 .text.rt_thread_idle_entry
                0x08001dd4       0x38 ./rt-thread/src/idle.o
 .text.rt_thread_idle_init
                0x08001e0c       0x74 ./rt-thread/src/idle.o
                0x08001e0c                rt_thread_idle_init
 .text.rt_list_init
                0x08001e80       0x24 ./rt-thread/src/ipc.o
 .text.rt_list_insert_before
                0x08001ea4       0x34 ./rt-thread/src/ipc.o
 .text.rt_list_isempty
                0x08001ed8       0x24 ./rt-thread/src/ipc.o
 .text._ipc_object_init
                0x08001efc       0x1c ./rt-thread/src/ipc.o
 .text._ipc_list_suspend
                0x08001f18       0xa4 ./rt-thread/src/ipc.o
 .text._ipc_list_resume
                0x08001fbc       0x20 ./rt-thread/src/ipc.o
 .text._ipc_list_resume_all
                0x08001fdc       0x44 ./rt-thread/src/ipc.o
 .text.rt_sem_init
                0x08002020       0x88 ./rt-thread/src/ipc.o
                0x08002020                rt_sem_init
 .text.rt_sem_detach
                0x080020a8       0x7c ./rt-thread/src/ipc.o
                0x080020a8                rt_sem_detach
 .text.rt_sem_create
                0x08002124       0xac ./rt-thread/src/ipc.o
                0x08002124                rt_sem_create
 .text.rt_sem_delete
                0x080021d0       0xac ./rt-thread/src/ipc.o
                0x080021d0                rt_sem_delete
 .text.rt_sem_take
                0x0800227c      0x190 ./rt-thread/src/ipc.o
                0x0800227c                rt_sem_take
 .text.rt_sem_trytake
                0x0800240c       0x1c ./rt-thread/src/ipc.o
                0x0800240c                rt_sem_trytake
 .text.rt_sem_release
                0x08002428       0xbc ./rt-thread/src/ipc.o
                0x08002428                rt_sem_release
 .text.rt_sem_control
                0x080024e4       0x80 ./rt-thread/src/ipc.o
                0x080024e4                rt_sem_control
 .text.rt_mutex_init
                0x08002564       0x64 ./rt-thread/src/ipc.o
                0x08002564                rt_mutex_init
 .text.rt_mutex_detach
                0x080025c8       0x7c ./rt-thread/src/ipc.o
                0x080025c8                rt_mutex_detach
 .text.rt_mutex_create
                0x08002644       0x88 ./rt-thread/src/ipc.o
                0x08002644                rt_mutex_create
 .text.rt_mutex_delete
                0x080026cc       0xac ./rt-thread/src/ipc.o
                0x080026cc                rt_mutex_delete
 .text.rt_mutex_take
                0x08002778      0x21c ./rt-thread/src/ipc.o
                0x08002778                rt_mutex_take
 .text.rt_mutex_release
                0x08002994      0x1bc ./rt-thread/src/ipc.o
                0x08002994                rt_mutex_release
 .text.rt_event_create
                0x08002b50       0x90 ./rt-thread/src/ipc.o
                0x08002b50                rt_event_create
 .text.rt_event_send
                0x08002be0      0x154 ./rt-thread/src/ipc.o
                0x08002be0                rt_event_send
 .text.rt_event_recv
                0x08002d34      0x240 ./rt-thread/src/ipc.o
                0x08002d34                rt_event_recv
 .text.rt_interrupt_enter
                0x08002f74       0x40 ./rt-thread/src/irq.o
                0x08002f74                rt_interrupt_enter
 .text.rt_interrupt_leave
                0x08002fb4       0x40 ./rt-thread/src/irq.o
                0x08002fb4                rt_interrupt_leave
 .text.rt_interrupt_get_nest
                0x08002ff4       0x28 ./rt-thread/src/irq.o
                0x08002ff4                rt_interrupt_get_nest
 .text.rt_set_errno
                0x0800301c       0x40 ./rt-thread/src/kservice.o
                0x0800301c                rt_set_errno
 .text._rt_errno
                0x0800305c       0x34 ./rt-thread/src/kservice.o
                0x0800305c                _rt_errno
 .text.rt_memset
                0x08003090       0xb8 ./rt-thread/src/kservice.o
                0x08003090                rt_memset
 .text.rt_memcpy
                0x08003148       0xd4 ./rt-thread/src/kservice.o
                0x08003148                rt_memcpy
 .text.rt_memmove
                0x0800321c       0x84 ./rt-thread/src/kservice.o
                0x0800321c                rt_memmove
 .text.rt_memcmp
                0x080032a0       0x58 ./rt-thread/src/kservice.o
                0x080032a0                rt_memcmp
 .text.rt_strstr
                0x080032f8       0x60 ./rt-thread/src/kservice.o
                0x080032f8                rt_strstr
 .text.rt_strncpy
                0x08003358       0x64 ./rt-thread/src/kservice.o
                0x08003358                rt_strncpy
 .text.rt_strncmp
                0x080033bc       0x4c ./rt-thread/src/kservice.o
                0x080033bc                rt_strncmp
 .text.rt_strcmp
                0x08003408       0x44 ./rt-thread/src/kservice.o
                0x08003408                rt_strcmp
 .text.rt_strlen
                0x0800344c       0x30 ./rt-thread/src/kservice.o
                0x0800344c                rt_strlen
 .text.rt_strdup
                0x0800347c       0x3c ./rt-thread/src/kservice.o
                0x0800347c                rt_strdup
 .text.rt_show_version
                0x080034b8       0x4c ./rt-thread/src/kservice.o
                0x080034b8                rt_show_version
 .text.divide   0x08003504       0x68 ./rt-thread/src/kservice.o
 .text.skip_atoi
                0x0800356c       0x40 ./rt-thread/src/kservice.o
 .text.print_number
                0x080035ac      0x1dc ./rt-thread/src/kservice.o
 .text.rt_vsnprintf
                0x08003788      0x560 ./rt-thread/src/kservice.o
                0x08003788                rt_vsnprintf
 .text.rt_snprintf
                0x08003ce8       0x30 ./rt-thread/src/kservice.o
                0x08003ce8                rt_snprintf
 .text.rt_vsprintf
                0x08003d18       0x24 ./rt-thread/src/kservice.o
                0x08003d18                rt_vsprintf
 .text.rt_sprintf
                0x08003d3c       0x2c ./rt-thread/src/kservice.o
                0x08003d3c                rt_sprintf
 .text.rt_console_get_device
                0x08003d68       0x18 ./rt-thread/src/kservice.o
                0x08003d68                rt_console_get_device
 .text.rt_console_set_device
                0x08003d80       0x58 ./rt-thread/src/kservice.o
                0x08003d80                rt_console_set_device
 .text.rt_hw_console_output
                0x08003dd8       0x14 ./rt-thread/src/kservice.o
                0x08003dd8                rt_hw_console_output
 .text.rt_kprintf
                0x08003dec       0x64 ./rt-thread/src/kservice.o
                0x08003dec                rt_kprintf
 .text._heap_lock_init
                0x08003e50       0x1c ./rt-thread/src/kservice.o
 .text._heap_lock
                0x08003e6c       0x28 ./rt-thread/src/kservice.o
 .text._heap_unlock
                0x08003e94       0x40 ./rt-thread/src/kservice.o
 .text._smem_info
                0x08003ed4       0x4c ./rt-thread/src/kservice.o
 .text.rt_system_heap_init
                0x08003f20       0x64 ./rt-thread/src/kservice.o
                0x08003f20                rt_system_heap_init
 .text.rt_malloc
                0x08003f84       0x48 ./rt-thread/src/kservice.o
                0x08003f84                rt_malloc
 .text.rt_realloc
                0x08003fcc       0x34 ./rt-thread/src/kservice.o
                0x08003fcc                rt_realloc
 .text.rt_calloc
                0x08004000       0x3c ./rt-thread/src/kservice.o
                0x08004000                rt_calloc
 .text.rt_free  0x0800403c       0x38 ./rt-thread/src/kservice.o
                0x0800403c                rt_free
 .text.rt_memory_info
                0x08004074       0x2c ./rt-thread/src/kservice.o
                0x08004074                rt_memory_info
 .text.rt_assert_handler
                0x080040a0       0x4c ./rt-thread/src/kservice.o
                0x080040a0                rt_assert_handler
 .text.plug_holes
                0x080040ec       0xf4 ./rt-thread/src/mem.o
 .text.rt_smem_init
                0x080041e0      0x104 ./rt-thread/src/mem.o
                0x080041e0                rt_smem_init
 .text.rt_smem_alloc
                0x080042e4      0x26c ./rt-thread/src/mem.o
                0x080042e4                rt_smem_alloc
 .text.rt_smem_realloc
                0x08004550      0x1d4 ./rt-thread/src/mem.o
                0x08004550                rt_smem_realloc
 .text.rt_smem_free
                0x08004724      0x140 ./rt-thread/src/mem.o
                0x08004724                rt_smem_free
 .text.rt_list_insert_after
                0x08004864       0x34 ./rt-thread/src/object.o
 .text.rt_list_remove
                0x08004898       0x38 ./rt-thread/src/object.o
 .text.rt_object_get_information
                0x080048d0       0x48 ./rt-thread/src/object.o
                0x080048d0                rt_object_get_information
 .text.rt_object_init
                0x08004918       0xcc ./rt-thread/src/object.o
                0x08004918                rt_object_init
 .text.rt_object_detach
                0x080049e4       0x5c ./rt-thread/src/object.o
                0x080049e4                rt_object_detach
 .text.rt_object_allocate
                0x08004a40       0xd8 ./rt-thread/src/object.o
                0x08004a40                rt_object_allocate
 .text.rt_object_delete
                0x08004b18       0x7c ./rt-thread/src/object.o
                0x08004b18                rt_object_delete
 .text.rt_object_is_systemobject
                0x08004b94       0x3c ./rt-thread/src/object.o
                0x08004b94                rt_object_is_systemobject
 .text.rt_object_get_type
                0x08004bd0       0x34 ./rt-thread/src/object.o
                0x08004bd0                rt_object_get_type
 .text.rt_object_find
                0x08004c04       0xb4 ./rt-thread/src/object.o
                0x08004c04                rt_object_find
 .text.rt_list_init
                0x08004cb8       0x24 ./rt-thread/src/scheduler.o
 .text.rt_list_insert_before
                0x08004cdc       0x34 ./rt-thread/src/scheduler.o
 .text.rt_list_remove
                0x08004d10       0x38 ./rt-thread/src/scheduler.o
 .text.rt_list_isempty
                0x08004d48       0x24 ./rt-thread/src/scheduler.o
 .text._rt_scheduler_stack_check
                0x08004d6c       0x94 ./rt-thread/src/scheduler.o
 .text._scheduler_get_highest_priority_thread
                0x08004e00       0x38 ./rt-thread/src/scheduler.o
 .text.rt_system_scheduler_init
                0x08004e38       0x38 ./rt-thread/src/scheduler.o
                0x08004e38                rt_system_scheduler_init
 .text.rt_system_scheduler_start
                0x08004e70       0x38 ./rt-thread/src/scheduler.o
                0x08004e70                rt_system_scheduler_start
 .text.rt_schedule
                0x08004ea8      0x19c ./rt-thread/src/scheduler.o
                0x08004ea8                rt_schedule
 .text.rt_schedule_insert_thread
                0x08005044       0xac ./rt-thread/src/scheduler.o
                0x08005044                rt_schedule_insert_thread
 .text.rt_schedule_remove_thread
                0x080050f0       0x70 ./rt-thread/src/scheduler.o
                0x080050f0                rt_schedule_remove_thread
 .text.rt_enter_critical
                0x08005160       0x30 ./rt-thread/src/scheduler.o
                0x08005160                rt_enter_critical
 .text.rt_exit_critical
                0x08005190       0x58 ./rt-thread/src/scheduler.o
                0x08005190                rt_exit_critical
 .text.rt_critical_level
                0x080051e8       0x1c ./rt-thread/src/scheduler.o
                0x080051e8                rt_critical_level
 .text.rt_list_init
                0x08005204       0x24 ./rt-thread/src/thread.o
 .text.rt_list_remove
                0x08005228       0x38 ./rt-thread/src/thread.o
 .text._thread_exit
                0x08005260       0x44 ./rt-thread/src/thread.o
 .text._thread_timeout
                0x080052a4       0x8c ./rt-thread/src/thread.o
 .text._thread_init
                0x08005330       0xfc ./rt-thread/src/thread.o
 .text.rt_thread_init
                0x0800542c       0x70 ./rt-thread/src/thread.o
                0x0800542c                rt_thread_init
 .text.rt_thread_self
                0x0800549c       0x18 ./rt-thread/src/thread.o
                0x0800549c                rt_thread_self
 .text.rt_thread_startup
                0x080054b4       0x94 ./rt-thread/src/thread.o
                0x080054b4                rt_thread_startup
 .text.rt_thread_detach
                0x08005548       0xb0 ./rt-thread/src/thread.o
                0x08005548                rt_thread_detach
 .text.rt_thread_create
                0x080055f8       0x64 ./rt-thread/src/thread.o
                0x080055f8                rt_thread_create
 .text.rt_thread_delete
                0x0800565c       0xb0 ./rt-thread/src/thread.o
                0x0800565c                rt_thread_delete
 .text.rt_thread_sleep
                0x0800570c       0x94 ./rt-thread/src/thread.o
                0x0800570c                rt_thread_sleep
 .text.rt_thread_delay
                0x080057a0       0x18 ./rt-thread/src/thread.o
                0x080057a0                rt_thread_delay
 .text.rt_thread_mdelay
                0x080057b8       0x20 ./rt-thread/src/thread.o
                0x080057b8                rt_thread_mdelay
 .text.rt_thread_control
                0x080057d8       0xf0 ./rt-thread/src/thread.o
                0x080057d8                rt_thread_control
 .text.rt_thread_suspend
                0x080058c8       0xc8 ./rt-thread/src/thread.o
                0x080058c8                rt_thread_suspend
 .text.rt_thread_resume
                0x08005990       0x98 ./rt-thread/src/thread.o
                0x08005990                rt_thread_resume
 .text.rt_list_init
                0x08005a28       0x24 ./rt-thread/src/timer.o
 .text.rt_list_insert_after
                0x08005a4c       0x34 ./rt-thread/src/timer.o
 .text.rt_list_remove
                0x08005a80       0x38 ./rt-thread/src/timer.o
 .text.rt_list_isempty
                0x08005ab8       0x24 ./rt-thread/src/timer.o
 .text._timer_init
                0x08005adc       0x68 ./rt-thread/src/timer.o
 .text._timer_remove
                0x08005b44       0x34 ./rt-thread/src/timer.o
 .text.rt_timer_init
                0x08005b78       0x80 ./rt-thread/src/timer.o
                0x08005b78                rt_timer_init
 .text.rt_timer_detach
                0x08005bf8       0x90 ./rt-thread/src/timer.o
                0x08005bf8                rt_timer_detach
 .text.rt_timer_start
                0x08005c88      0x1e0 ./rt-thread/src/timer.o
                0x08005c88                rt_timer_start
 .text.rt_timer_stop
                0x08005e68       0x94 ./rt-thread/src/timer.o
                0x08005e68                rt_timer_stop
 .text.rt_timer_control
                0x08005efc       0xf8 ./rt-thread/src/timer.o
                0x08005efc                rt_timer_control
 .text.rt_timer_check
                0x08005ff4      0x108 ./rt-thread/src/timer.o
                0x08005ff4                rt_timer_check
 .text.rt_system_timer_init
                0x080060fc       0x34 ./rt-thread/src/timer.o
                0x080060fc                rt_system_timer_init
 .text.rt_system_timer_thread_init
                0x08006130       0x10 ./rt-thread/src/timer.o
                0x08006130                rt_system_timer_thread_init
 .text.rt_hw_stack_init
                0x08006140       0x90 ./rt-thread/libcpu/arm/cortex-m4/cpuport.o
                0x08006140                rt_hw_stack_init
 .text.usage_fault_track
                0x080061d0       0xc4 ./rt-thread/libcpu/arm/cortex-m4/cpuport.o
 .text.bus_fault_track
                0x08006294       0xcc ./rt-thread/libcpu/arm/cortex-m4/cpuport.o
 .text.mem_manage_fault_track
                0x08006360       0xb4 ./rt-thread/libcpu/arm/cortex-m4/cpuport.o
 .text.hard_fault_track
                0x08006414       0x78 ./rt-thread/libcpu/arm/cortex-m4/cpuport.o
 .text.rt_hw_hard_fault_exception
                0x0800648c      0x184 ./rt-thread/libcpu/arm/cortex-m4/cpuport.o
                0x0800648c                rt_hw_hard_fault_exception
 .text.__rt_ffs
                0x08006610       0x2c ./rt-thread/libcpu/arm/cortex-m4/cpuport.o
                0x08006610                __rt_ffs
 .text.sal_init
                0x0800663c       0xac ./rt-thread/components/net/sal/src/sal_socket.o
                0x0800663c                sal_init
 .text.check_netdev_internet_up_work
                0x080066e8      0x2c4 ./rt-thread/components/net/sal/src/sal_socket.o
 .text.sal_check_netdev_internet_up
                0x080069ac       0x84 ./rt-thread/components/net/sal/src/sal_socket.o
                0x080069ac                sal_check_netdev_internet_up
 .text.sal_get_socket
                0x08006a30       0x64 ./rt-thread/components/net/sal/src/sal_socket.o
                0x08006a30                sal_get_socket
 .text.sal_lock
                0x08006a94       0x38 ./rt-thread/components/net/sal/src/sal_socket.o
 .text.sal_unlock
                0x08006acc       0x14 ./rt-thread/components/net/sal/src/sal_socket.o
 .text.socket_init
                0x08006ae0       0xec ./rt-thread/components/net/sal/src/sal_socket.o
 .text.socket_alloc
                0x08006bcc       0xf8 ./rt-thread/components/net/sal/src/sal_socket.o
 .text.socket_free
                0x08006cc4       0x34 ./rt-thread/components/net/sal/src/sal_socket.o
 .text.socket_new
                0x08006cf8       0x68 ./rt-thread/components/net/sal/src/sal_socket.o
 .text.socket_delete
                0x08006d60       0x70 ./rt-thread/components/net/sal/src/sal_socket.o
 .text.sal_setsockopt
                0x08006dd0       0x5c ./rt-thread/components/net/sal/src/sal_socket.o
                0x08006dd0                sal_setsockopt
 .text.sal_connect
                0x08006e2c       0x6c ./rt-thread/components/net/sal/src/sal_socket.o
                0x08006e2c                sal_connect
 .text.sal_recvfrom
                0x08006e98       0x74 ./rt-thread/components/net/sal/src/sal_socket.o
                0x08006e98                sal_recvfrom
 .text.sal_sendto
                0x08006f0c       0x74 ./rt-thread/components/net/sal/src/sal_socket.o
                0x08006f0c                sal_sendto
 .text.sal_socket
                0x08006f80       0xc8 ./rt-thread/components/net/sal/src/sal_socket.o
                0x08006f80                sal_socket
 .text.sal_closesocket
                0x08007048       0x68 ./rt-thread/components/net/sal/src/sal_socket.o
                0x08007048                sal_closesocket
 .text.sal_ioctlsocket
                0x080070b0       0x54 ./rt-thread/components/net/sal/src/sal_socket.o
                0x080070b0                sal_ioctlsocket
 .text.sal_poll
                0x08007104       0x68 ./rt-thread/components/net/sal/src/sal_socket.o
                0x08007104                sal_poll
 .text.sal_getaddrinfo
                0x0800716c      0x10c ./rt-thread/components/net/sal/src/sal_socket.o
                0x0800716c                sal_getaddrinfo
 .text.sal_freeaddrinfo
                0x08007278       0xa4 ./rt-thread/components/net/sal/src/sal_socket.o
                0x08007278                sal_freeaddrinfo
 .text.freeaddrinfo
                0x0800731c       0x18 ./rt-thread/components/net/sal/socket/net_netdb.o
                0x0800731c                freeaddrinfo
 .text.getaddrinfo
                0x08007334       0x24 ./rt-thread/components/net/sal/socket/net_netdb.o
                0x08007334                getaddrinfo
 .text.setsockopt
                0x08007358       0x30 ./rt-thread/components/net/sal/socket/net_sockets.o
                0x08007358                setsockopt
 .text.connect  0x08007388       0x28 ./rt-thread/components/net/sal/socket/net_sockets.o
                0x08007388                connect
 .text.recv     0x080073b0       0x34 ./rt-thread/components/net/sal/socket/net_sockets.o
                0x080073b0                recv
 .text.send     0x080073e4       0x34 ./rt-thread/components/net/sal/socket/net_sockets.o
                0x080073e4                send
 .text.socket   0x08007418       0x98 ./rt-thread/components/net/sal/socket/net_sockets.o
                0x08007418                socket
 .text.closesocket
                0x080074b0       0x80 ./rt-thread/components/net/sal/socket/net_sockets.o
                0x080074b0                closesocket
 .text.rt_poll_add
                0x08007530       0x30 ./rt-thread/components/net/sal/impl/af_inet_at.o
 .text.at_poll  0x08007560       0x8c ./rt-thread/components/net/sal/impl/af_inet_at.o
 .text.sal_at_netdev_set_pf_info
                0x080075ec       0x34 ./rt-thread/components/net/sal/impl/af_inet_at.o
                0x080075ec                sal_at_netdev_set_pf_info
 .text.dfs_net_getsocket
                0x08007620       0x44 ./rt-thread/components/net/sal/dfs_net/dfs_net.o
                0x08007620                dfs_net_getsocket
 .text.dfs_net_ioctl
                0x08007664       0x28 ./rt-thread/components/net/sal/dfs_net/dfs_net.o
 .text.dfs_net_read
                0x0800768c       0x30 ./rt-thread/components/net/sal/dfs_net/dfs_net.o
 .text.dfs_net_write
                0x080076bc       0x30 ./rt-thread/components/net/sal/dfs_net/dfs_net.o
 .text.dfs_net_close
                0x080076ec       0x20 ./rt-thread/components/net/sal/dfs_net/dfs_net.o
 .text.dfs_net_poll
                0x0800770c       0x1c ./rt-thread/components/net/sal/dfs_net/dfs_net.o
 .text.dfs_net_get_fops
                0x08007728       0x14 ./rt-thread/components/net/sal/dfs_net/dfs_net.o
                0x08007728                dfs_net_get_fops
 .text.rt_slist_init
                0x0800773c       0x1c ./rt-thread/components/net/netdev/src/netdev.o
 .text.rt_slist_append
                0x08007758       0x38 ./rt-thread/components/net/netdev/src/netdev.o
 .text.rt_slist_next
                0x08007790       0x18 ./rt-thread/components/net/netdev/src/netdev.o
 .text.netdev_register
                0x080077a8      0x140 ./rt-thread/components/net/netdev/src/netdev.o
                0x080077a8                netdev_register
 .text.netdev_get_first_by_flags
                0x080078e8       0x70 ./rt-thread/components/net/netdev/src/netdev.o
                0x080078e8                netdev_get_first_by_flags
 .text.netdev_get_by_name
                0x08007958       0x94 ./rt-thread/components/net/netdev/src/netdev.o
                0x08007958                netdev_get_by_name
 .text.netdev_get_by_family
                0x080079ec       0xd8 ./rt-thread/components/net/netdev/src/netdev.o
                0x080079ec                netdev_get_by_family
 .text.netdev_family_get
                0x08007ac4       0x30 ./rt-thread/components/net/netdev/src/netdev.o
                0x08007ac4                netdev_family_get
 .text.netdev_set_default
                0x08007af4       0x34 ./rt-thread/components/net/netdev/src/netdev.o
                0x08007af4                netdev_set_default
 .text.netdev_set_ipaddr
                0x08007b28       0xc0 ./rt-thread/components/net/netdev/src/netdev.o
                0x08007b28                netdev_set_ipaddr
 .text.netdev_set_netmask
                0x08007be8       0xc0 ./rt-thread/components/net/netdev/src/netdev.o
                0x08007be8                netdev_set_netmask
 .text.netdev_set_gw
                0x08007ca8       0xc0 ./rt-thread/components/net/netdev/src/netdev.o
                0x08007ca8                netdev_set_gw
 .text.netdev_set_dns_server
                0x08007d68       0xbc ./rt-thread/components/net/netdev/src/netdev.o
                0x08007d68                netdev_set_dns_server
 .text.netdev_low_level_set_ipaddr
                0x08007e24       0x78 ./rt-thread/components/net/netdev/src/netdev.o
                0x08007e24                netdev_low_level_set_ipaddr
 .text.netdev_low_level_set_netmask
                0x08007e9c       0x88 ./rt-thread/components/net/netdev/src/netdev.o
                0x08007e9c                netdev_low_level_set_netmask
 .text.netdev_low_level_set_gw
                0x08007f24       0x88 ./rt-thread/components/net/netdev/src/netdev.o
                0x08007f24                netdev_low_level_set_gw
 .text.netdev_low_level_set_dns_server
                0x08007fac       0x88 ./rt-thread/components/net/netdev/src/netdev.o
                0x08007fac                netdev_low_level_set_dns_server
 .text.netdev_auto_change_default
                0x08008034       0x40 ./rt-thread/components/net/netdev/src/netdev.o
 .text.netdev_low_level_set_status
                0x08008074       0x70 ./rt-thread/components/net/netdev/src/netdev.o
                0x08008074                netdev_low_level_set_status
 .text.netdev_low_level_set_link_status
                0x080080e4       0xa8 ./rt-thread/components/net/netdev/src/netdev.o
                0x080080e4                netdev_low_level_set_link_status
 .text.netdev_low_level_set_internet_status
                0x0800818c       0x74 ./rt-thread/components/net/netdev/src/netdev.o
                0x0800818c                netdev_low_level_set_internet_status
 .text.netdev_low_level_set_dhcp_status
                0x08008200       0x74 ./rt-thread/components/net/netdev/src/netdev.o
                0x08008200                netdev_low_level_set_dhcp_status
 .text.netdev_list_if
                0x08008274      0x2b4 ./rt-thread/components/net/netdev/src/netdev.o
 .text.netdev_set_if
                0x08008528       0xa0 ./rt-thread/components/net/netdev/src/netdev.o
 .text.netdev_ifconfig
                0x080085c8       0x98 ./rt-thread/components/net/netdev/src/netdev.o
                0x080085c8                netdev_ifconfig
 .text.netdev_cmd_ping
                0x08008660      0x248 ./rt-thread/components/net/netdev/src/netdev.o
                0x08008660                netdev_cmd_ping
 .text.netdev_ping
                0x080088a8       0x58 ./rt-thread/components/net/netdev/src/netdev.o
                0x080088a8                netdev_ping
 .text.netdev_list_dns
                0x08008900       0xb0 ./rt-thread/components/net/netdev/src/netdev.o
 .text.netdev_set_dns
                0x080089b0       0x64 ./rt-thread/components/net/netdev/src/netdev.o
 .text.netdev_dns
                0x08008a14       0x78 ./rt-thread/components/net/netdev/src/netdev.o
                0x08008a14                netdev_dns
 .text.netdev_cmd_netstat
                0x08008a8c       0x84 ./rt-thread/components/net/netdev/src/netdev.o
 .text.netdev_netstat
                0x08008b10       0x2c ./rt-thread/components/net/netdev/src/netdev.o
                0x08008b10                netdev_netstat
 .text.netdev_ip4addr_aton
                0x08008b3c      0x28c ./rt-thread/components/net/netdev/src/netdev_ipaddr.o
                0x08008b3c                netdev_ip4addr_aton
 .text.netdev_ip4addr_ntoa_r
                0x08008dc8      0x104 ./rt-thread/components/net/netdev/src/netdev_ipaddr.o
                0x08008dc8                netdev_ip4addr_ntoa_r
 .text.netdev_ip4addr_ntoa
                0x08008ecc       0x20 ./rt-thread/components/net/netdev/src/netdev_ipaddr.o
                0x08008ecc                netdev_ip4addr_ntoa
 .text.console_getchar
                0x08008eec       0x30 ./rt-thread/components/net/at/src/at_cli.o
 .text.console_getchar_rx_ind
                0x08008f1c       0x5c ./rt-thread/components/net/at/src/at_cli.o
 .text.at_cli_init
                0x08008f78       0x80 ./rt-thread/components/net/at/src/at_cli.o
                0x08008f78                at_cli_init
 .text.at_cli_deinit
                0x08008ff8       0x58 ./rt-thread/components/net/at/src/at_cli.o
                0x08008ff8                at_cli_deinit
 .text.client_getchar
                0x08009050       0x30 ./rt-thread/components/net/at/src/at_cli.o
 .text.at_client_entry
                0x08009080       0x20 ./rt-thread/components/net/at/src/at_cli.o
 .text.client_getchar_rx_ind
                0x080090a0       0x5c ./rt-thread/components/net/at/src/at_cli.o
 .text.client_cli_parser
                0x080090fc      0x1d8 ./rt-thread/components/net/at/src/at_cli.o
 .text.at       0x080092d4       0xc0 ./rt-thread/components/net/at/src/at_cli.o
 .text.at_create_resp
                0x08009394       0x9c ./rt-thread/components/net/at/src/at_client.o
                0x08009394                at_create_resp
 .text.at_delete_resp
                0x08009430       0x38 ./rt-thread/components/net/at/src/at_client.o
                0x08009430                at_delete_resp
 .text.at_resp_set_info
                0x08009468       0x6c ./rt-thread/components/net/at/src/at_client.o
                0x08009468                at_resp_set_info
 .text.at_resp_get_line
                0x080094d4       0xa4 ./rt-thread/components/net/at/src/at_client.o
                0x080094d4                at_resp_get_line
 .text.at_resp_get_line_by_kw
                0x08009578       0x8c ./rt-thread/components/net/at/src/at_client.o
                0x08009578                at_resp_get_line_by_kw
 .text.at_resp_parse_line_args
                0x08009604       0x78 ./rt-thread/components/net/at/src/at_client.o
                0x08009604                at_resp_parse_line_args
 .text.at_resp_parse_line_args_by_kw
                0x0800967c       0x7c ./rt-thread/components/net/at/src/at_client.o
                0x0800967c                at_resp_parse_line_args_by_kw
 .text.at_obj_exec_cmd
                0x080096f8      0x174 ./rt-thread/components/net/at/src/at_client.o
                0x080096f8                at_obj_exec_cmd
 .text.at_client_obj_wait_connect
                0x0800986c      0x13c ./rt-thread/components/net/at/src/at_client.o
                0x0800986c                at_client_obj_wait_connect
 .text.at_client_obj_send
                0x080099a8       0x80 ./rt-thread/components/net/at/src/at_client.o
                0x080099a8                at_client_obj_send
 .text.at_client_getchar
                0x08009a28       0x60 ./rt-thread/components/net/at/src/at_client.o
 .text.at_client_obj_recv
                0x08009a88       0xc0 ./rt-thread/components/net/at/src/at_client.o
                0x08009a88                at_client_obj_recv
 .text.at_obj_set_end_sign
                0x08009b48       0x40 ./rt-thread/components/net/at/src/at_client.o
                0x08009b48                at_obj_set_end_sign
 .text.at_obj_set_urc_table
                0x08009b88      0x13c ./rt-thread/components/net/at/src/at_client.o
                0x08009b88                at_obj_set_urc_table
 .text.at_client_get
                0x08009cc4       0x70 ./rt-thread/components/net/at/src/at_client.o
                0x08009cc4                at_client_get
 .text.at_client_get_first
                0x08009d34       0x20 ./rt-thread/components/net/at/src/at_client.o
                0x08009d34                at_client_get_first
 .text.get_urc_obj
                0x08009d54       0xf0 ./rt-thread/components/net/at/src/at_client.o
 .text.at_recv_readline
                0x08009e44       0xe8 ./rt-thread/components/net/at/src/at_client.o
 .text.client_parser
                0x08009f2c      0x1a4 ./rt-thread/components/net/at/src/at_client.o
 .text.at_client_rx_ind
                0x0800a0d0       0x60 ./rt-thread/components/net/at/src/at_client.o
 .text.at_client_para_init
                0x0800a130      0x22c ./rt-thread/components/net/at/src/at_client.o
 .text.at_client_init
                0x0800a35c      0x1d4 ./rt-thread/components/net/at/src/at_client.o
                0x0800a35c                at_client_init
 .text.at_get_last_cmd
                0x0800a530       0x28 ./rt-thread/components/net/at/src/at_utils.o
                0x0800a530                at_get_last_cmd
 .text.at_utils_send
                0x0800a558       0x24 ./rt-thread/components/net/at/src/at_utils.o
                0x0800a558                at_utils_send
 .text.at_vprintfln
                0x0800a57c       0x6c ./rt-thread/components/net/at/src/at_utils.o
                0x0800a57c                at_vprintfln
 .text.rt_list_init
                0x0800a5e8       0x24 ./rt-thread/components/net/at/at_socket/at_socket.o
 .text.rt_slist_init
                0x0800a60c       0x1c ./rt-thread/components/net/at/at_socket/at_socket.o
 .text.rt_slist_append
                0x0800a628       0x38 ./rt-thread/components/net/at/at_socket/at_socket.o
 .text.rt_slist_insert
                0x0800a660       0x24 ./rt-thread/components/net/at/at_socket/at_socket.o
 .text.rt_slist_remove
                0x0800a684       0x48 ./rt-thread/components/net/at/at_socket/at_socket.o
 .text.rt_slist_first
                0x0800a6cc       0x18 ./rt-thread/components/net/at/at_socket/at_socket.o
 .text.rt_slist_next
                0x0800a6e4       0x18 ./rt-thread/components/net/at/at_socket/at_socket.o
 .text.rt_slist_isempty
                0x0800a6fc       0x24 ./rt-thread/components/net/at/at_socket/at_socket.o
 .text.rt_wqueue_init
                0x0800a720       0x38 ./rt-thread/components/net/at/at_socket/at_socket.o
 .text.at_get_socket
                0x0800a758       0x68 ./rt-thread/components/net/at/at_socket/at_socket.o
                0x0800a758                at_get_socket
 .text.at_recvpkt_put
                0x0800a7c0       0x6c ./rt-thread/components/net/at/at_socket/at_socket.o
 .text.at_recvpkt_all_delete
                0x0800a82c       0x68 ./rt-thread/components/net/at/at_socket/at_socket.o
 .text.at_recvpkt_node_delete
                0x0800a894       0x58 ./rt-thread/components/net/at/at_socket/at_socket.o
 .text.at_recvpkt_get
                0x0800a8ec       0xe4 ./rt-thread/components/net/at/at_socket/at_socket.o
 .text.at_do_event_changes
                0x0800a9d0       0xe8 ./rt-thread/components/net/at/at_socket/at_socket.o
 .text.at_do_event_clean
                0x0800aab8       0x5c ./rt-thread/components/net/at/at_socket/at_socket.o
 .text.alloc_empty_socket
                0x0800ab14       0x74 ./rt-thread/components/net/at/at_socket/at_socket.o
 .text.alloc_socket_by_device
                0x0800ab88      0x204 ./rt-thread/components/net/at/at_socket/at_socket.o
 .text.alloc_socket
                0x0800ad8c       0x84 ./rt-thread/components/net/at/at_socket/at_socket.o
 .text.at_socket
                0x0800ae10       0xbc ./rt-thread/components/net/at/at_socket/at_socket.o
                0x0800ae10                at_socket
 .text.free_socket
                0x0800aecc       0xb8 ./rt-thread/components/net/at/at_socket/at_socket.o
 .text.at_closesocket
                0x0800af84       0x6c ./rt-thread/components/net/at/at_socket/at_socket.o
                0x0800af84                at_closesocket
 .text.at_shutdown
                0x0800aff0       0x60 ./rt-thread/components/net/at/at_socket/at_socket.o
                0x0800aff0                at_shutdown
 .text.socketaddr_to_ipaddr_port
                0x0800b050       0x34 ./rt-thread/components/net/at/at_socket/at_socket.o
 .text.at_bind  0x0800b084       0xb8 ./rt-thread/components/net/at/at_socket/at_socket.o
                0x0800b084                at_bind
 .text.ipaddr_to_ipstr
                0x0800b13c       0x54 ./rt-thread/components/net/at/at_socket/at_socket.o
 .text.at_recv_notice_cb
                0x0800b190       0xb4 ./rt-thread/components/net/at/at_socket/at_socket.o
 .text.at_closed_notice_cb
                0x0800b244       0x64 ./rt-thread/components/net/at/at_socket/at_socket.o
 .text.at_connect
                0x0800b2a8       0xf4 ./rt-thread/components/net/at/at_socket/at_socket.o
                0x0800b2a8                at_connect
 .text.at_recvfrom
                0x0800b39c      0x234 ./rt-thread/components/net/at/at_socket/at_socket.o
                0x0800b39c                at_recvfrom
 .text.at_sendto
                0x0800b5d0      0x1b8 ./rt-thread/components/net/at/at_socket/at_socket.o
                0x0800b5d0                at_sendto
 .text.at_getsockopt
                0x0800b788      0x134 ./rt-thread/components/net/at/at_socket/at_socket.o
                0x0800b788                at_getsockopt
 .text.at_setsockopt
                0x0800b8bc      0x10c ./rt-thread/components/net/at/at_socket/at_socket.o
                0x0800b8bc                at_setsockopt
 .text.ipstr_atol
                0x0800b9c8       0x94 ./rt-thread/components/net/at/at_socket/at_socket.o
 .text.ipstr_to_u32
                0x0800ba5c       0x5c ./rt-thread/components/net/at/at_socket/at_socket.o
 .text.at_gethostbyname
                0x0800bab8      0x144 ./rt-thread/components/net/at/at_socket/at_socket.o
                0x0800bab8                at_gethostbyname
 .text.at_getaddrinfo
                0x0800bbfc      0x278 ./rt-thread/components/net/at/at_socket/at_socket.o
                0x0800bbfc                at_getaddrinfo
 .text.at_freeaddrinfo
                0x0800be74       0x28 ./rt-thread/components/net/at/at_socket/at_socket.o
                0x0800be74                at_freeaddrinfo
 .text.rt_list_init
                0x0800be9c       0x24 ./rt-thread/components/libc/posix/io/poll/poll.o
 .text.__wqueue_pollwake
                0x0800bec0       0x40 ./rt-thread/components/libc/posix/io/poll/poll.o
 .text._poll_add
                0x0800bf00       0x6c ./rt-thread/components/libc/posix/io/poll/poll.o
 .text.poll_table_init
                0x0800bf6c       0x30 ./rt-thread/components/libc/posix/io/poll/poll.o
 .text.poll_wait_timeout
                0x0800bf9c       0x88 ./rt-thread/components/libc/posix/io/poll/poll.o
 .text.do_pollfd
                0x0800c024       0x9c ./rt-thread/components/libc/posix/io/poll/poll.o
 .text.poll_do  0x0800c0c0       0xac ./rt-thread/components/libc/posix/io/poll/poll.o
 .text.poll_teardown
                0x0800c16c       0x38 ./rt-thread/components/libc/posix/io/poll/poll.o
 .text.poll     0x0800c1a4       0x3c ./rt-thread/components/libc/posix/io/poll/poll.o
                0x0800c1a4                poll
 .text.fdszero  0x0800c1e0       0x3c ./rt-thread/components/libc/posix/io/poll/select.o
 .text.select   0x0800c21c      0x350 ./rt-thread/components/libc/posix/io/poll/select.o
                0x0800c21c                select
 .text._malloc_r
                0x0800c56c       0x28 ./rt-thread/components/libc/compilers/newlib/syscalls.o
                0x0800c56c                _malloc_r
 .text._realloc_r
                0x0800c594       0x2c ./rt-thread/components/libc/compilers/newlib/syscalls.o
                0x0800c594                _realloc_r
 .text._calloc_r
                0x0800c5c0       0x2c ./rt-thread/components/libc/compilers/newlib/syscalls.o
                0x0800c5c0                _calloc_r
 .text._free_r  0x0800c5ec       0x18 ./rt-thread/components/libc/compilers/newlib/syscalls.o
                0x0800c5ec                _free_r
 .text.__libc_init_array
                0x0800c604       0x10 ./rt-thread/components/libc/compilers/newlib/syscalls.o
                0x0800c604                __libc_init_array
 .text.__errno  0x0800c614       0x10 ./rt-thread/components/libc/compilers/newlib/syscalls.o
                0x0800c614                __errno
 .text.rt_list_isempty
                0x0800c624       0x24 ./rt-thread/components/finsh/cmd.o
 .text.rt_list_len
                0x0800c648       0x38 ./rt-thread/components/finsh/cmd.o
 .text.clear    0x0800c680       0x14 ./rt-thread/components/finsh/cmd.o
 .text.version  0x0800c694       0x10 ./rt-thread/components/finsh/cmd.o
                0x0800c694                version
 .text.object_split
                0x0800c6a4       0x28 ./rt-thread/components/finsh/cmd.o
 .text.list_find_init
                0x0800c6cc       0x48 ./rt-thread/components/finsh/cmd.o
 .text.list_get_next
                0x0800c714       0xc0 ./rt-thread/components/finsh/cmd.o
 .text.list_thread
                0x0800c7d4      0x204 ./rt-thread/components/finsh/cmd.o
                0x0800c7d4                list_thread
 .text.show_wait_queue
                0x0800c9d8       0x50 ./rt-thread/components/finsh/cmd.o
 .text.list_sem
                0x0800ca28      0x124 ./rt-thread/components/finsh/cmd.o
                0x0800ca28                list_sem
 .text.list_event
                0x0800cb4c      0x114 ./rt-thread/components/finsh/cmd.o
                0x0800cb4c                list_event
 .text.list_mutex
                0x0800cc60       0xe4 ./rt-thread/components/finsh/cmd.o
                0x0800cc60                list_mutex
 .text.list_mailbox
                0x0800cd44      0x134 ./rt-thread/components/finsh/cmd.o
                0x0800cd44                list_mailbox
 .text.list_msgqueue
                0x0800ce78      0x124 ./rt-thread/components/finsh/cmd.o
                0x0800ce78                list_msgqueue
 .text.list_memheap
                0x0800cf9c       0xd4 ./rt-thread/components/finsh/cmd.o
                0x0800cf9c                list_memheap
 .text.list_mempool
                0x0800d070      0x140 ./rt-thread/components/finsh/cmd.o
                0x0800d070                list_mempool
 .text.list_timer
                0x0800d1b0      0x124 ./rt-thread/components/finsh/cmd.o
                0x0800d1b0                list_timer
 .text.list_device
                0x0800d2d4       0xfc ./rt-thread/components/finsh/cmd.o
                0x0800d2d4                list_device
 .text.msh_help
                0x0800d3d0       0x5c ./rt-thread/components/finsh/msh.o
                0x0800d3d0                msh_help
 .text.cmd_ps   0x0800d42c       0x18 ./rt-thread/components/finsh/msh.o
                0x0800d42c                cmd_ps
 .text.cmd_free
                0x0800d444       0x5c ./rt-thread/components/finsh/msh.o
                0x0800d444                cmd_free
 .text.msh_split
                0x0800d4a0      0x170 ./rt-thread/components/finsh/msh.o
 .text.msh_get_cmd
                0x0800d610       0x64 ./rt-thread/components/finsh/msh.o
 .text._msh_exec_cmd
                0x0800d674       0xd4 ./rt-thread/components/finsh/msh.o
 .text.msh_exec
                0x0800d748       0xa0 ./rt-thread/components/finsh/msh.o
                0x0800d748                msh_exec
 .text.str_common
                0x0800d7e8       0x4c ./rt-thread/components/finsh/msh.o
 .text.msh_auto_complete_path
                0x0800d834      0x228 ./rt-thread/components/finsh/msh.o
                0x0800d834                msh_auto_complete_path
 .text.msh_auto_complete
                0x0800da5c       0xe4 ./rt-thread/components/finsh/msh.o
                0x0800da5c                msh_auto_complete
 .text.msh_readline
                0x0800db40       0xa4 ./rt-thread/components/finsh/msh_file.o
 .text.msh_exec_script
                0x0800dbe4      0x180 ./rt-thread/components/finsh/msh_file.o
                0x0800dbe4                msh_exec_script
 .text.cmd_ls   0x0800dd64       0x34 ./rt-thread/components/finsh/msh_file.o
 .text.cmd_cp   0x0800dd98       0x44 ./rt-thread/components/finsh/msh_file.o
 .text.cmd_mv   0x0800dddc      0x138 ./rt-thread/components/finsh/msh_file.o
 .text.cmd_cat  0x0800df14       0x58 ./rt-thread/components/finsh/msh_file.o
 .text.directory_delete_for_msh
                0x0800df6c      0x13c ./rt-thread/components/finsh/msh_file.o
 .text.cmd_rm   0x0800e0a8      0x1c4 ./rt-thread/components/finsh/msh_file.o
 .text.cmd_cd   0x0800e26c       0x58 ./rt-thread/components/finsh/msh_file.o
 .text.cmd_pwd  0x0800e2c4       0x24 ./rt-thread/components/finsh/msh_file.o
 .text.cmd_mkdir
                0x0800e2e8       0x40 ./rt-thread/components/finsh/msh_file.o
 .text.cmd_mkfs
                0x0800e328       0x90 ./rt-thread/components/finsh/msh_file.o
 .text.cmd_mount
                0x0800e3b8       0xe0 ./rt-thread/components/finsh/msh_file.o
 .text.cmd_umount
                0x0800e498       0x64 ./rt-thread/components/finsh/msh_file.o
 .text.cmd_df   0x0800e4fc       0x70 ./rt-thread/components/finsh/msh_file.o
 .text.cmd_echo
                0x0800e56c       0x94 ./rt-thread/components/finsh/msh_file.o
 .text.cmd_tail
                0x0800e600      0x1bc ./rt-thread/components/finsh/msh_file.o
 .text.finsh_get_prompt
                0x0800e7bc       0x9c ./rt-thread/components/finsh/shell.o
                0x0800e7bc                finsh_get_prompt
 .text.finsh_set_prompt_mode
                0x0800e858       0x48 ./rt-thread/components/finsh/shell.o
                0x0800e858                finsh_set_prompt_mode
 .text.finsh_getchar
                0x0800e8a0       0x90 ./rt-thread/components/finsh/shell.o
                0x0800e8a0                finsh_getchar
 .text.finsh_rx_ind
                0x0800e930       0x3c ./rt-thread/components/finsh/shell.o
 .text.finsh_set_device
                0x0800e96c       0xd8 ./rt-thread/components/finsh/shell.o
                0x0800e96c                finsh_set_device
 .text.shell_auto_complete
                0x0800ea44       0x34 ./rt-thread/components/finsh/shell.o
 .text.shell_handle_history
                0x0800ea78       0x34 ./rt-thread/components/finsh/shell.o
 .text.shell_push_history
                0x0800eaac      0x160 ./rt-thread/components/finsh/shell.o
 .text.finsh_thread_entry
                0x0800ec0c      0x5d0 ./rt-thread/components/finsh/shell.o
                0x0800ec0c                finsh_thread_entry
 .text.finsh_system_function_init
                0x0800f1dc       0x2c ./rt-thread/components/finsh/shell.o
                0x0800f1dc                finsh_system_function_init
 .text.finsh_system_init
                0x0800f208       0x9c ./rt-thread/components/finsh/shell.o
                0x0800f208                finsh_system_init
 .text._serial_poll_rx
                0x0800f2a4       0x80 ./rt-thread/components/drivers/serial/serial.o
 .text._serial_poll_tx
                0x0800f324       0x7c ./rt-thread/components/drivers/serial/serial.o
 .text._serial_int_rx
                0x0800f3a0       0xd8 ./rt-thread/components/drivers/serial/serial.o
 .text._serial_int_tx
                0x0800f478       0xc4 ./rt-thread/components/drivers/serial/serial.o
 .text._serial_check_buffer_size
                0x0800f53c       0x38 ./rt-thread/components/drivers/serial/serial.o
 .text._serial_fifo_calc_recved_len
                0x0800f574       0x88 ./rt-thread/components/drivers/serial/serial.o
 .text.rt_dma_calc_recved_len
                0x0800f5fc       0x18 ./rt-thread/components/drivers/serial/serial.o
 .text.rt_dma_recv_update_get_index
                0x0800f614       0xa4 ./rt-thread/components/drivers/serial/serial.o
 .text.rt_dma_recv_update_put_index
                0x0800f6b8       0xf8 ./rt-thread/components/drivers/serial/serial.o
 .text._serial_dma_rx
                0x0800f7b0      0x198 ./rt-thread/components/drivers/serial/serial.o
 .text._serial_dma_tx
                0x0800f948       0x70 ./rt-thread/components/drivers/serial/serial.o
 .text.rt_serial_init
                0x0800f9b8       0x5c ./rt-thread/components/drivers/serial/serial.o
 .text.rt_serial_open
                0x0800fa14      0x36c ./rt-thread/components/drivers/serial/serial.o
 .text.rt_serial_close
                0x0800fd80      0x1e0 ./rt-thread/components/drivers/serial/serial.o
 .text.rt_serial_read
                0x0800ff60       0x84 ./rt-thread/components/drivers/serial/serial.o
 .text.rt_serial_write
                0x0800ffe4       0x84 ./rt-thread/components/drivers/serial/serial.o
 .text.rt_serial_control
                0x08010068       0xd0 ./rt-thread/components/drivers/serial/serial.o
 .text.rt_hw_serial_register
                0x08010138       0x9c ./rt-thread/components/drivers/serial/serial.o
                0x08010138                rt_hw_serial_register
 .text.rt_hw_serial_isr
                0x080101d4      0x264 ./rt-thread/components/drivers/serial/serial.o
                0x080101d4                rt_hw_serial_isr
 .text.rt_sensor_cb
                0x08010438       0x88 ./rt-thread/components/drivers/sensors/sensor.o
                0x08010438                rt_sensor_cb
 .text.irq_callback
                0x080104c0       0x54 ./rt-thread/components/drivers/sensors/sensor.o
 .text.rt_sensor_irq_init
                0x08010514       0xc4 ./rt-thread/components/drivers/sensors/sensor.o
 .text.local_fetch_data
                0x080105d8       0x1c ./rt-thread/components/drivers/sensors/sensor.o
 .text.local_control
                0x080105f4       0x1c ./rt-thread/components/drivers/sensors/sensor.o
 .text.rt_sensor_open
                0x08010610      0x194 ./rt-thread/components/drivers/sensors/sensor.o
 .text.rt_sensor_close
                0x080107a4      0x170 ./rt-thread/components/drivers/sensors/sensor.o
 .text.rt_sensor_read
                0x08010914       0xf4 ./rt-thread/components/drivers/sensors/sensor.o
 .text.rt_sensor_control
                0x08010a08      0x180 ./rt-thread/components/drivers/sensors/sensor.o
 .text.rt_hw_sensor_register
                0x08010b88      0x1c4 ./rt-thread/components/drivers/sensors/sensor.o
                0x08010b88                rt_hw_sensor_register
 .text.sensor_show_data
                0x08010d4c      0x434 ./rt-thread/components/drivers/sensors/sensor_cmd.o
 .text.rx_callback
                0x08011180       0x24 ./rt-thread/components/drivers/sensors/sensor_cmd.o
 .text.sensor_fifo_rx_entry
                0x080111a4       0xb0 ./rt-thread/components/drivers/sensors/sensor_cmd.o
 .text.sensor_fifo
                0x08011254      0x108 ./rt-thread/components/drivers/sensors/sensor_cmd.o
 .text.sensor_irq_rx_entry
                0x0801135c       0x50 ./rt-thread/components/drivers/sensors/sensor_cmd.o
 .text.sensor_int
                0x080113ac      0x108 ./rt-thread/components/drivers/sensors/sensor_cmd.o
 .text.sensor_polling
                0x080114b4      0x110 ./rt-thread/components/drivers/sensors/sensor_cmd.o
 .text.sensor   0x080115c4      0x614 ./rt-thread/components/drivers/sensors/sensor_cmd.o
 .text.rt_adc_read
                0x08011bd8       0x3c ./rt-thread/components/drivers/misc/adc.o
                0x08011bd8                rt_adc_read
 .text.rt_adc_enable
                0x08011c14       0x54 ./rt-thread/components/drivers/misc/adc.o
                0x08011c14                rt_adc_enable
 .text.rt_adc_disable
                0x08011c68       0x54 ./rt-thread/components/drivers/misc/adc.o
                0x08011c68                rt_adc_disable
 .text.adc      0x08011cbc      0x23c ./rt-thread/components/drivers/misc/adc.o
 .text.rt_dac_write
                0x08011ef8       0x3c ./rt-thread/components/drivers/misc/dac.o
                0x08011ef8                rt_dac_write
 .text.rt_dac_enable
                0x08011f34       0x50 ./rt-thread/components/drivers/misc/dac.o
                0x08011f34                rt_dac_enable
 .text.rt_dac_disable
                0x08011f84       0x50 ./rt-thread/components/drivers/misc/dac.o
                0x08011f84                rt_dac_disable
 .text.dac      0x08011fd4      0x264 ./rt-thread/components/drivers/misc/dac.o
 .text._pin_read
                0x08012238       0x60 ./rt-thread/components/drivers/misc/pin.o
 .text._pin_write
                0x08012298       0x5c ./rt-thread/components/drivers/misc/pin.o
 .text._pin_control
                0x080122f4       0x58 ./rt-thread/components/drivers/misc/pin.o
 .text.rt_device_pin_register
                0x0801234c       0x74 ./rt-thread/components/drivers/misc/pin.o
                0x0801234c                rt_device_pin_register
 .text.rt_pin_attach_irq
                0x080123c0       0x5c ./rt-thread/components/drivers/misc/pin.o
                0x080123c0                rt_pin_attach_irq
 .text.rt_pin_irq_enable
                0x0801241c       0x50 ./rt-thread/components/drivers/misc/pin.o
                0x0801241c                rt_pin_irq_enable
 .text.rt_pin_mode
                0x0801246c       0x40 ./rt-thread/components/drivers/misc/pin.o
                0x0801246c                rt_pin_mode
 .text.rt_pin_write
                0x080124ac       0x40 ./rt-thread/components/drivers/misc/pin.o
                0x080124ac                rt_pin_write
 .text.rt_pin_read
                0x080124ec       0x3c ./rt-thread/components/drivers/misc/pin.o
                0x080124ec                rt_pin_read
 .text._pwm_control
                0x08012528       0x38 ./rt-thread/components/drivers/misc/rt_drv_pwm.o
 .text._pwm_read
                0x08012560       0x64 ./rt-thread/components/drivers/misc/rt_drv_pwm.o
 .text._pwm_write
                0x080125c4       0x84 ./rt-thread/components/drivers/misc/rt_drv_pwm.o
 .text.rt_device_pwm_register
                0x08012648       0x78 ./rt-thread/components/drivers/misc/rt_drv_pwm.o
                0x08012648                rt_device_pwm_register
 .text.rt_pwm_enable
                0x080126c0       0x5c ./rt-thread/components/drivers/misc/rt_drv_pwm.o
                0x080126c0                rt_pwm_enable
 .text.rt_pwm_disable
                0x0801271c       0x5c ./rt-thread/components/drivers/misc/rt_drv_pwm.o
                0x0801271c                rt_pwm_disable
 .text.rt_pwm_set
                0x08012778       0x54 ./rt-thread/components/drivers/misc/rt_drv_pwm.o
                0x08012778                rt_pwm_set
 .text.rt_pwm_get
                0x080127cc       0x34 ./rt-thread/components/drivers/misc/rt_drv_pwm.o
                0x080127cc                rt_pwm_get
 .text.pwm_enable
                0x08012800       0x74 ./rt-thread/components/drivers/misc/rt_drv_pwm.o
 .text.pwm_disable
                0x08012874       0x74 ./rt-thread/components/drivers/misc/rt_drv_pwm.o
 .text.pwm_set  0x080128e8       0x94 ./rt-thread/components/drivers/misc/rt_drv_pwm.o
 .text.pwm_get  0x0801297c      0x120 ./rt-thread/components/drivers/misc/rt_drv_pwm.o
 .text.rt_list_init
                0x08012a9c       0x24 ./rt-thread/components/drivers/ipc/completion.o
 .text.rt_list_insert_before
                0x08012ac0       0x34 ./rt-thread/components/drivers/ipc/completion.o
 .text.rt_list_isempty
                0x08012af4       0x24 ./rt-thread/components/drivers/ipc/completion.o
 .text.rt_completion_init
                0x08012b18       0x44 ./rt-thread/components/drivers/ipc/completion.o
                0x08012b18                rt_completion_init
 .text.rt_completion_wait
                0x08012b5c      0x15c ./rt-thread/components/drivers/ipc/completion.o
                0x08012b5c                rt_completion_wait
 .text.rt_completion_done
                0x08012cb8       0x70 ./rt-thread/components/drivers/ipc/completion.o
                0x08012cb8                rt_completion_done
 .text.rt_list_init
                0x08012d28       0x24 ./rt-thread/components/drivers/ipc/dataqueue.o
 .text.rt_list_insert_before
                0x08012d4c       0x34 ./rt-thread/components/drivers/ipc/dataqueue.o
 .text.rt_list_isempty
                0x08012d80       0x24 ./rt-thread/components/drivers/ipc/dataqueue.o
 .text.rt_data_queue_init
                0x08012da4       0xc0 ./rt-thread/components/drivers/ipc/dataqueue.o
                0x08012da4                rt_data_queue_init
 .text.rt_data_queue_push
                0x08012e64      0x240 ./rt-thread/components/drivers/ipc/dataqueue.o
                0x08012e64                rt_data_queue_push
 .text.rt_data_queue_pop
                0x080130a4      0x298 ./rt-thread/components/drivers/ipc/dataqueue.o
                0x080130a4                rt_data_queue_pop
 .text.rt_data_queue_peek
                0x0801333c       0xa0 ./rt-thread/components/drivers/ipc/dataqueue.o
                0x0801333c                rt_data_queue_peek
 .text.rt_data_queue_reset
                0x080133dc       0xf0 ./rt-thread/components/drivers/ipc/dataqueue.o
                0x080133dc                rt_data_queue_reset
 .text.rt_data_queue_deinit
                0x080134cc       0x6c ./rt-thread/components/drivers/ipc/dataqueue.o
                0x080134cc                rt_data_queue_deinit
 .text.rt_data_queue_len
                0x08013538       0xc4 ./rt-thread/components/drivers/ipc/dataqueue.o
                0x08013538                rt_data_queue_len
 .text.rt_list_init
                0x080135fc       0x24 ./rt-thread/components/drivers/ipc/pipe.o
 .text.rt_wqueue_init
                0x08013620       0x38 ./rt-thread/components/drivers/ipc/pipe.o
 .text.rt_poll_add
                0x08013658       0x30 ./rt-thread/components/drivers/ipc/pipe.o
 .text.pipe_fops_open
                0x08013688       0xd8 ./rt-thread/components/drivers/ipc/pipe.o
 .text.pipe_fops_close
                0x08013760      0x10c ./rt-thread/components/drivers/ipc/pipe.o
 .text.pipe_fops_ioctl
                0x0801386c       0x74 ./rt-thread/components/drivers/ipc/pipe.o
 .text.pipe_fops_read
                0x080138e0       0xc8 ./rt-thread/components/drivers/ipc/pipe.o
 .text.pipe_fops_write
                0x080139a8      0x118 ./rt-thread/components/drivers/ipc/pipe.o
 .text.pipe_fops_poll
                0x08013ac0       0xd4 ./rt-thread/components/drivers/ipc/pipe.o
 .text.rt_pipe_open
                0x08013b94       0x6c ./rt-thread/components/drivers/ipc/pipe.o
 .text.rt_pipe_close
                0x08013c00       0x54 ./rt-thread/components/drivers/ipc/pipe.o
 .text.rt_pipe_read
                0x08013c54       0x94 ./rt-thread/components/drivers/ipc/pipe.o
 .text.rt_pipe_write
                0x08013ce8       0x94 ./rt-thread/components/drivers/ipc/pipe.o
 .text.rt_pipe_control
                0x08013d7c       0x1c ./rt-thread/components/drivers/ipc/pipe.o
 .text.rt_pipe_create
                0x08013d98       0xf4 ./rt-thread/components/drivers/ipc/pipe.o
                0x08013d98                rt_pipe_create
 .text.rt_pipe_delete
                0x08013e8c       0x7c ./rt-thread/components/drivers/ipc/pipe.o
                0x08013e8c                rt_pipe_delete
 .text.rt_ringbuffer_status
                0x08013f08       0x50 ./rt-thread/components/drivers/ipc/ringbuffer.o
 .text.rt_ringbuffer_init
                0x08013f58       0xa4 ./rt-thread/components/drivers/ipc/ringbuffer.o
                0x08013f58                rt_ringbuffer_init
 .text.rt_ringbuffer_put
                0x08013ffc      0x16c ./rt-thread/components/drivers/ipc/ringbuffer.o
                0x08013ffc                rt_ringbuffer_put
 .text.rt_ringbuffer_put_force
                0x08014168      0x1ec ./rt-thread/components/drivers/ipc/ringbuffer.o
                0x08014168                rt_ringbuffer_put_force
 .text.rt_ringbuffer_get
                0x08014354      0x15c ./rt-thread/components/drivers/ipc/ringbuffer.o
                0x08014354                rt_ringbuffer_get
 .text.rt_ringbuffer_getchar
                0x080144b0       0xb4 ./rt-thread/components/drivers/ipc/ringbuffer.o
                0x080144b0                rt_ringbuffer_getchar
 .text.rt_ringbuffer_data_len
                0x08014564       0x68 ./rt-thread/components/drivers/ipc/ringbuffer.o
                0x08014564                rt_ringbuffer_data_len
 .text.rt_ringbuffer_create
                0x080145cc       0x74 ./rt-thread/components/drivers/ipc/ringbuffer.o
                0x080145cc                rt_ringbuffer_create
 .text.rt_ringbuffer_destroy
                0x08014640       0x3c ./rt-thread/components/drivers/ipc/ringbuffer.o
                0x08014640                rt_ringbuffer_destroy
 .text.rt_list_init
                0x0801467c       0x24 ./rt-thread/components/drivers/ipc/waitqueue.o
 .text.rt_list_insert_before
                0x080146a0       0x34 ./rt-thread/components/drivers/ipc/waitqueue.o
 .text.rt_list_remove
                0x080146d4       0x38 ./rt-thread/components/drivers/ipc/waitqueue.o
 .text.rt_list_isempty
                0x0801470c       0x24 ./rt-thread/components/drivers/ipc/waitqueue.o
 .text.rt_wqueue_add
                0x08014730       0x30 ./rt-thread/components/drivers/ipc/waitqueue.o
                0x08014730                rt_wqueue_add
 .text.rt_wqueue_remove
                0x08014760       0x28 ./rt-thread/components/drivers/ipc/waitqueue.o
                0x08014760                rt_wqueue_remove
 .text.__wqueue_default_wake
                0x08014788       0x18 ./rt-thread/components/drivers/ipc/waitqueue.o
                0x08014788                __wqueue_default_wake
 .text.rt_wqueue_wakeup
                0x080147a0       0x80 ./rt-thread/components/drivers/ipc/waitqueue.o
                0x080147a0                rt_wqueue_wakeup
 .text.rt_wqueue_wait
                0x08014820      0x158 ./rt-thread/components/drivers/ipc/waitqueue.o
                0x08014820                rt_wqueue_wait
 .text.rt_list_init
                0x08014978       0x24 ./rt-thread/components/drivers/ipc/workqueue.o
 .text.rt_list_insert_after
                0x0801499c       0x34 ./rt-thread/components/drivers/ipc/workqueue.o
 .text.rt_list_remove
                0x080149d0       0x38 ./rt-thread/components/drivers/ipc/workqueue.o
 .text.rt_list_isempty
                0x08014a08       0x24 ./rt-thread/components/drivers/ipc/workqueue.o
 .text._workqueue_work_completion
                0x08014a2c       0x4c ./rt-thread/components/drivers/ipc/workqueue.o
 .text._workqueue_thread_entry
                0x08014a78       0x9c ./rt-thread/components/drivers/ipc/workqueue.o
 .text._workqueue_submit_work
                0x08014b14      0x138 ./rt-thread/components/drivers/ipc/workqueue.o
 .text._delayed_work_timeout_handler
                0x08014c4c       0xb4 ./rt-thread/components/drivers/ipc/workqueue.o
 .text.rt_work_init
                0x08014d00       0x68 ./rt-thread/components/drivers/ipc/workqueue.o
                0x08014d00                rt_work_init
 .text.rt_workqueue_create
                0x08014d68       0x94 ./rt-thread/components/drivers/ipc/workqueue.o
                0x08014d68                rt_workqueue_create
 .text.rt_workqueue_submit_work
                0x08014dfc       0x6c ./rt-thread/components/drivers/ipc/workqueue.o
                0x08014dfc                rt_workqueue_submit_work
 .text.rt_work_submit
                0x08014e68       0x28 ./rt-thread/components/drivers/ipc/workqueue.o
                0x08014e68                rt_work_submit
 .text.rt_work_sys_workqueue_init
                0x08014e90       0x4c ./rt-thread/components/drivers/ipc/workqueue.o
 .text.rt_i2c_core_init
                0x08014edc       0x10 ./rt-thread/components/drivers/i2c/i2c_core.o
                0x08014edc                rt_i2c_core_init
 .text.cmd_canstat
                0x08014eec      0x158 ./rt-thread/components/drivers/can/can.o
                0x08014eec                cmd_canstat
 .text.dfs_init
                0x08015044       0x9c ./rt-thread/components/dfs/src/dfs.o
                0x08015044                dfs_init
 .text.dfs_lock
                0x080150e0       0x48 ./rt-thread/components/dfs/src/dfs.o
                0x080150e0                dfs_lock
 .text.dfs_unlock
                0x08015128       0x14 ./rt-thread/components/dfs/src/dfs.o
                0x08015128                dfs_unlock
 .text.fd_alloc
                0x0801513c      0x10c ./rt-thread/components/dfs/src/dfs.o
 .text.fd_new   0x08015248       0x78 ./rt-thread/components/dfs/src/dfs.o
                0x08015248                fd_new
 .text.fd_get   0x080152c0       0x70 ./rt-thread/components/dfs/src/dfs.o
                0x080152c0                fd_get
 .text.fd_put   0x08015330       0x88 ./rt-thread/components/dfs/src/dfs.o
                0x08015330                fd_put
 .text.fd_is_open
                0x080153b8       0xe8 ./rt-thread/components/dfs/src/dfs.o
                0x080153b8                fd_is_open
 .text.dfs_subdir
                0x080154a0       0x50 ./rt-thread/components/dfs/src/dfs.o
                0x080154a0                dfs_subdir
 .text.dfs_normalize_path
                0x080154f0      0x208 ./rt-thread/components/dfs/src/dfs.o
                0x080154f0                dfs_normalize_path
 .text.dfs_fdtable_get
                0x080156f8       0x1c ./rt-thread/components/dfs/src/dfs.o
                0x080156f8                dfs_fdtable_get
 .text.list_fd  0x08015714      0x180 ./rt-thread/components/dfs/src/dfs.o
                0x08015714                list_fd
 .text.dfs_file_open
                0x08015894      0x148 ./rt-thread/components/dfs/src/dfs_file.o
                0x08015894                dfs_file_open
 .text.dfs_file_close
                0x080159dc       0x54 ./rt-thread/components/dfs/src/dfs_file.o
                0x080159dc                dfs_file_close
 .text.dfs_file_read
                0x08015a30       0x58 ./rt-thread/components/dfs/src/dfs_file.o
                0x08015a30                dfs_file_read
 .text.dfs_file_getdents
                0x08015a88       0x48 ./rt-thread/components/dfs/src/dfs_file.o
                0x08015a88                dfs_file_getdents
 .text.dfs_file_unlink
                0x08015ad0       0xcc ./rt-thread/components/dfs/src/dfs_file.o
                0x08015ad0                dfs_file_unlink
 .text.dfs_file_write
                0x08015b9c       0x40 ./rt-thread/components/dfs/src/dfs_file.o
                0x08015b9c                dfs_file_write
 .text.dfs_file_lseek
                0x08015bdc       0x4c ./rt-thread/components/dfs/src/dfs_file.o
                0x08015bdc                dfs_file_lseek
 .text.dfs_file_stat
                0x08015c28      0x12c ./rt-thread/components/dfs/src/dfs_file.o
                0x08015c28                dfs_file_stat
 .text.dfs_file_rename
                0x08015d54       0xdc ./rt-thread/components/dfs/src/dfs_file.o
                0x08015d54                dfs_file_rename
 .text.ls       0x08015e30      0x120 ./rt-thread/components/dfs/src/dfs_file.o
                0x08015e30                ls
 .text.cat      0x08015f50       0x7c ./rt-thread/components/dfs/src/dfs_file.o
                0x08015f50                cat
 .text.copyfile
                0x08015fcc       0xe0 ./rt-thread/components/dfs/src/dfs_file.o
 .text.copydir  0x080160ac      0x18c ./rt-thread/components/dfs/src/dfs_file.o
 .text._get_path_lastname
                0x08016238       0x2c ./rt-thread/components/dfs/src/dfs_file.o
 .text.copy     0x08016264      0x15c ./rt-thread/components/dfs/src/dfs_file.o
                0x08016264                copy
 .text.dfs_register
                0x080163c0       0xc0 ./rt-thread/components/dfs/src/dfs_fs.o
                0x080163c0                dfs_register
 .text.dfs_filesystem_lookup
                0x08016480       0xc4 ./rt-thread/components/dfs/src/dfs_fs.o
                0x08016480                dfs_filesystem_lookup
 .text.dfs_mount
                0x08016544      0x244 ./rt-thread/components/dfs/src/dfs_fs.o
                0x08016544                dfs_mount
 .text.dfs_unmount
                0x08016788       0xdc ./rt-thread/components/dfs/src/dfs_fs.o
                0x08016788                dfs_unmount
 .text.dfs_mkfs
                0x08016864      0x104 ./rt-thread/components/dfs/src/dfs_fs.o
                0x08016864                dfs_mkfs
 .text.dfs_statfs
                0x08016968       0x40 ./rt-thread/components/dfs/src/dfs_fs.o
                0x08016968                dfs_statfs
 .text.df       0x080169a8      0x190 ./rt-thread/components/dfs/src/dfs_fs.o
                0x080169a8                df
 .text.open     0x08016b38       0x6c ./rt-thread/components/dfs/src/dfs_posix.o
                0x08016b38                open
 .text.close    0x08016ba4       0x54 ./rt-thread/components/dfs/src/dfs_posix.o
                0x08016ba4                close
 .text.read     0x08016bf8       0x5c ./rt-thread/components/dfs/src/dfs_posix.o
                0x08016bf8                read
 .text.write    0x08016c54       0x5c ./rt-thread/components/dfs/src/dfs_posix.o
                0x08016c54                write
 .text.lseek    0x08016cb0       0xb4 ./rt-thread/components/dfs/src/dfs_posix.o
                0x08016cb0                lseek
 .text.rename   0x08016d64       0x30 ./rt-thread/components/dfs/src/dfs_posix.o
                0x08016d64                rename
 .text.unlink   0x08016d94       0x2c ./rt-thread/components/dfs/src/dfs_posix.o
                0x08016d94                unlink
 .text.stat     0x08016dc0       0x30 ./rt-thread/components/dfs/src/dfs_posix.o
                0x08016dc0                stat
 .text.mkdir    0x08016df0       0x78 ./rt-thread/components/dfs/src/dfs_posix.o
                0x08016df0                mkdir
 .text.opendir  0x08016e68       0x98 ./rt-thread/components/dfs/src/dfs_posix.o
                0x08016e68                opendir
 .text.readdir  0x08016f00       0xbc ./rt-thread/components/dfs/src/dfs_posix.o
                0x08016f00                readdir
 .text.rewinddir
                0x08016fbc       0x54 ./rt-thread/components/dfs/src/dfs_posix.o
                0x08016fbc                rewinddir
 .text.closedir
                0x08017010       0x60 ./rt-thread/components/dfs/src/dfs_posix.o
                0x08017010                closedir
 .text.chdir    0x08017070       0xac ./rt-thread/components/dfs/src/dfs_posix.o
                0x08017070                chdir
 .text.getcwd   0x0801711c       0x2c ./rt-thread/components/dfs/src/dfs_posix.o
                0x0801711c                getcwd
 .text.dfs_device_fs_mount
                0x08017148       0x1c ./rt-thread/components/dfs/filesystems/devfs/devfs.o
                0x08017148                dfs_device_fs_mount
 .text.dfs_device_fs_ioctl
                0x08017164       0x60 ./rt-thread/components/dfs/filesystems/devfs/devfs.o
                0x08017164                dfs_device_fs_ioctl
 .text.dfs_device_fs_read
                0x080171c4       0x68 ./rt-thread/components/dfs/filesystems/devfs/devfs.o
                0x080171c4                dfs_device_fs_read
 .text.dfs_device_fs_write
                0x0801722c       0x68 ./rt-thread/components/dfs/filesystems/devfs/devfs.o
                0x0801722c                dfs_device_fs_write
 .text.dfs_device_fs_close
                0x08017294       0x8c ./rt-thread/components/dfs/filesystems/devfs/devfs.o
                0x08017294                dfs_device_fs_close
 .text.dfs_device_fs_open
                0x08017320      0x198 ./rt-thread/components/dfs/filesystems/devfs/devfs.o
                0x08017320                dfs_device_fs_open
 .text.dfs_device_fs_stat
                0x080174b8       0xe4 ./rt-thread/components/dfs/filesystems/devfs/devfs.o
                0x080174b8                dfs_device_fs_stat
 .text.dfs_device_fs_getdents
                0x0801759c       0xdc ./rt-thread/components/dfs/filesystems/devfs/devfs.o
                0x0801759c                dfs_device_fs_getdents
 .text.dfs_device_fs_poll
                0x08017678       0x1c ./rt-thread/components/dfs/filesystems/devfs/devfs.o
 .text.devfs_init
                0x08017694       0x14 ./rt-thread/components/dfs/filesystems/devfs/devfs.o
                0x08017694                devfs_init
 .text.MQTTSerialize_connectLength
                0x080176a8       0xc4 ./packages/pahomqtt-latest/MQTTPacket/src/MQTTConnectClient.o
                0x080176a8                MQTTSerialize_connectLength
 .text.MQTTSerialize_connect
                0x0801776c      0x1dc ./packages/pahomqtt-latest/MQTTPacket/src/MQTTConnectClient.o
                0x0801776c                MQTTSerialize_connect
 .text.MQTTDeserialize_connack
                0x08017948       0xac ./packages/pahomqtt-latest/MQTTPacket/src/MQTTConnectClient.o
                0x08017948                MQTTDeserialize_connack
 .text.MQTTSerialize_zero
                0x080179f4       0x74 ./packages/pahomqtt-latest/MQTTPacket/src/MQTTConnectClient.o
                0x080179f4                MQTTSerialize_zero
 .text.MQTTSerialize_disconnect
                0x08017a68       0x20 ./packages/pahomqtt-latest/MQTTPacket/src/MQTTConnectClient.o
                0x08017a68                MQTTSerialize_disconnect
 .text.MQTTSerialize_pingreq
                0x08017a88       0x20 ./packages/pahomqtt-latest/MQTTPacket/src/MQTTConnectClient.o
                0x08017a88                MQTTSerialize_pingreq
 .text.MQTTSerialize_connack_string
                0x08017aa8       0x74 ./packages/pahomqtt-latest/MQTTPacket/src/MQTTConnectClient.o
                0x08017aa8                MQTTSerialize_connack_string
 .text.MQTTDeserialize_publish
                0x08017b1c       0xe0 ./packages/pahomqtt-latest/MQTTPacket/src/MQTTDeserializePublish.o
                0x08017b1c                MQTTDeserialize_publish
 .text.MQTTDeserialize_ack
                0x08017bfc       0x98 ./packages/pahomqtt-latest/MQTTPacket/src/MQTTDeserializePublish.o
                0x08017bfc                MQTTDeserialize_ack
 .text.MQTTPacket_encode
                0x08017c94       0x64 ./packages/pahomqtt-latest/MQTTPacket/src/MQTTPacket.o
                0x08017c94                MQTTPacket_encode
 .text.MQTTPacket_decode
                0x08017cf8       0x78 ./packages/pahomqtt-latest/MQTTPacket/src/MQTTPacket.o
                0x08017cf8                MQTTPacket_decode
 .text.MQTTPacket_len
                0x08017d70       0x54 ./packages/pahomqtt-latest/MQTTPacket/src/MQTTPacket.o
                0x08017d70                MQTTPacket_len
 .text.bufchar  0x08017dc4       0x40 ./packages/pahomqtt-latest/MQTTPacket/src/MQTTPacket.o
                0x08017dc4                bufchar
 .text.MQTTPacket_decodeBuf
                0x08017e04       0x2c ./packages/pahomqtt-latest/MQTTPacket/src/MQTTPacket.o
                0x08017e04                MQTTPacket_decodeBuf
 .text.readInt  0x08017e30       0x38 ./packages/pahomqtt-latest/MQTTPacket/src/MQTTPacket.o
                0x08017e30                readInt
 .text.readChar
                0x08017e68       0x28 ./packages/pahomqtt-latest/MQTTPacket/src/MQTTPacket.o
                0x08017e68                readChar
 .text.writeChar
                0x08017e90       0x2c ./packages/pahomqtt-latest/MQTTPacket/src/MQTTPacket.o
                0x08017e90                writeChar
 .text.writeInt
                0x08017ebc       0x5c ./packages/pahomqtt-latest/MQTTPacket/src/MQTTPacket.o
                0x08017ebc                writeInt
 .text.writeCString
                0x08017f18       0x40 ./packages/pahomqtt-latest/MQTTPacket/src/MQTTPacket.o
                0x08017f18                writeCString
 .text.writeMQTTString
                0x08017f58       0x5c ./packages/pahomqtt-latest/MQTTPacket/src/MQTTPacket.o
                0x08017f58                writeMQTTString
 .text.readMQTTLenString
                0x08017fb4       0x64 ./packages/pahomqtt-latest/MQTTPacket/src/MQTTPacket.o
                0x08017fb4                readMQTTLenString
 .text.MQTTstrlen
                0x08018018       0x34 ./packages/pahomqtt-latest/MQTTPacket/src/MQTTPacket.o
                0x08018018                MQTTstrlen
 .text.MQTTPacket_equals
                0x0801804c       0x70 ./packages/pahomqtt-latest/MQTTPacket/src/MQTTPacket.o
                0x0801804c                MQTTPacket_equals
 .text.MQTTSerialize_publishLength
                0x080180bc       0x40 ./packages/pahomqtt-latest/MQTTPacket/src/MQTTSerializePublish.o