Archive member included to satisfy reference by file (symbol)

d:/rt-thread/rt-threadstudio/repo/extract/toolchain_support_packages/arm/gnu_tools_for_arm_embedded_processors/10.2.1/bin/../lib/gcc/arm-none-eabi/10.2.1/../../../../arm-none-eabi/lib/thumb/v8-m.main+fp/hard\libc.a(lib_a-exit.o)
                              d:/rt-thread/rt-threadstudio/repo/extract/toolchain_support_packages/arm/gnu_tools_for_arm_embedded_processors/10.2.1/bin/../lib/gcc/arm-none-eabi/10.2.1/../../../../arm-none-eabi/lib/thumb/v8-m.main+fp/hard/crt0.o (exit)
d:/rt-thread/rt-threadstudio/repo/extract/toolchain_support_packages/arm/gnu_tools_for_arm_embedded_processors/10.2.1/bin/../lib/gcc/arm-none-eabi/10.2.1/../../../../arm-none-eabi/lib/thumb/v8-m.main+fp/hard\libc.a(lib_a-impure.o)
                              d:/rt-thread/rt-threadstudio/repo/extract/toolchain_support_packages/arm/gnu_tools_for_arm_embedded_processors/10.2.1/bin/../lib/gcc/arm-none-eabi/10.2.1/../../../../arm-none-eabi/lib/thumb/v8-m.main+fp/hard\libc.a(lib_a-exit.o) (_global_impure_ptr)
d:/rt-thread/rt-threadstudio/repo/extract/toolchain_support_packages/arm/gnu_tools_for_arm_embedded_processors/10.2.1/bin/../lib/gcc/arm-none-eabi/10.2.1/../../../../arm-none-eabi/lib/thumb/v8-m.main+fp/hard\libc.a(lib_a-memcmp.o)
                              ./rt-thread/components/finsh/shell.o (memcmp)
d:/rt-thread/rt-threadstudio/repo/extract/toolchain_support_packages/arm/gnu_tools_for_arm_embedded_processors/10.2.1/bin/../lib/gcc/arm-none-eabi/10.2.1/../../../../arm-none-eabi/lib/thumb/v8-m.main+fp/hard\libc.a(lib_a-memcpy.o)
                              ./ra/fsp/src/r_sci_uart/r_sci_uart.o (memcpy)
d:/rt-thread/rt-threadstudio/repo/extract/toolchain_support_packages/arm/gnu_tools_for_arm_embedded_processors/10.2.1/bin/../lib/gcc/arm-none-eabi/10.2.1/../../../../arm-none-eabi/lib/thumb/v8-m.main+fp/hard\libc.a(lib_a-memset.o)
                              d:/rt-thread/rt-threadstudio/repo/extract/toolchain_support_packages/arm/gnu_tools_for_arm_embedded_processors/10.2.1/bin/../lib/gcc/arm-none-eabi/10.2.1/../../../../arm-none-eabi/lib/thumb/v8-m.main+fp/hard/crt0.o (memset)
d:/rt-thread/rt-threadstudio/repo/extract/toolchain_support_packages/arm/gnu_tools_for_arm_embedded_processors/10.2.1/bin/../lib/gcc/arm-none-eabi/10.2.1/../../../../arm-none-eabi/lib/thumb/v8-m.main+fp/hard\libc.a(lib_a-strcpy.o)
                              ./rt-thread/components/finsh/shell.o (strcpy)
d:/rt-thread/rt-threadstudio/repo/extract/toolchain_support_packages/arm/gnu_tools_for_arm_embedded_processors/10.2.1/bin/../lib/gcc/arm-none-eabi/10.2.1/../../../../arm-none-eabi/lib/thumb/v8-m.main+fp/hard\libc.a(lib_a-strlen-stub.o)
                              ./rt-thread/components/finsh/msh.o (strlen)
d:/rt-thread/rt-threadstudio/repo/extract/toolchain_support_packages/arm/gnu_tools_for_arm_embedded_processors/10.2.1/bin/../lib/gcc/arm-none-eabi/10.2.1/../../../../arm-none-eabi/lib/thumb/v8-m.main+fp/hard\libc.a(lib_a-strncmp.o)
                              ./rt-thread/components/finsh/msh.o (strncmp)
d:/rt-thread/rt-threadstudio/repo/extract/toolchain_support_packages/arm/gnu_tools_for_arm_embedded_processors/10.2.1/bin/../lib/gcc/arm-none-eabi/10.2.1/../../../../arm-none-eabi/lib/thumb/v8-m.main+fp/hard\libc.a(lib_a-strncpy.o)
                              ./rt-thread/components/finsh/shell.o (strncpy)
d:/rt-thread/rt-threadstudio/repo/extract/toolchain_support_packages/arm/gnu_tools_for_arm_embedded_processors/10.2.1/bin/../lib/gcc/arm-none-eabi/10.2.1/../../../../arm-none-eabi/lib/thumb/v8-m.main+fp/hard\libc.a(lib_a-__call_atexit.o)
                              d:/rt-thread/rt-threadstudio/repo/extract/toolchain_support_packages/arm/gnu_tools_for_arm_embedded_processors/10.2.1/bin/../lib/gcc/arm-none-eabi/10.2.1/../../../../arm-none-eabi/lib/thumb/v8-m.main+fp/hard\libc.a(lib_a-exit.o) (__call_exitprocs)
d:/rt-thread/rt-threadstudio/repo/extract/toolchain_support_packages/arm/gnu_tools_for_arm_embedded_processors/10.2.1/bin/../lib/gcc/arm-none-eabi/10.2.1/../../../../arm-none-eabi/lib/thumb/v8-m.main+fp/hard\libc.a(lib_a-atexit.o)
                              d:/rt-thread/rt-threadstudio/repo/extract/toolchain_support_packages/arm/gnu_tools_for_arm_embedded_processors/10.2.1/bin/../lib/gcc/arm-none-eabi/10.2.1/../../../../arm-none-eabi/lib/thumb/v8-m.main+fp/hard\libc.a(lib_a-__call_atexit.o) (atexit)
d:/rt-thread/rt-threadstudio/repo/extract/toolchain_support_packages/arm/gnu_tools_for_arm_embedded_processors/10.2.1/bin/../lib/gcc/arm-none-eabi/10.2.1/../../../../arm-none-eabi/lib/thumb/v8-m.main+fp/hard\libc.a(lib_a-fini.o)
                              d:/rt-thread/rt-threadstudio/repo/extract/toolchain_support_packages/arm/gnu_tools_for_arm_embedded_processors/10.2.1/bin/../lib/gcc/arm-none-eabi/10.2.1/../../../../arm-none-eabi/lib/thumb/v8-m.main+fp/hard\libc.a(lib_a-__call_atexit.o) (__libc_fini_array)
[...]
Memory Configuration

Name             Origin             Length             Attributes
FLASH            0x00000000         0x00100000         xr
RAM              0x20000000         0x00040000         xrw
DATA_FLASH       0x08000000         0x00002000         xr
QSPI_FLASH       0x60000000         0x04000000         xr
OSPI_DEVICE_0    0x68000000         0x08000000         xr
OSPI_DEVICE_1    0x70000000         0x10000000         xr
OSPI_DEVICE_0_RAM 0x68000000         0x08000000         xrw
OSPI_DEVICE_1_RAM 0x70000000         0x10000000         xrw
SDRAM            0x90000000         0x00000000         xrw
OPTION_SETTING   0x0100a100         0x00000100         r
OPTION_SETTING_S 0x0100a200         0x00000100         r
ID_CODE          0x00000000         0x00000000         xr
*default*        0x00000000         0xffffffff

Linker script and memory map

LOAD d:/rt-thread/rt-threadstudio/repo/extract/toolchain_support_packages/arm/gnu_tools_for_arm_embedded_processors/10.2.1/bin/../lib/gcc/arm-none-eabi/10.2.1/thumb/v8-m.main+fp/hard/crti.o
LOAD d:/rt-thread/rt-threadstudio/repo/extract/toolchain_support_packages/arm/gnu_tools_for_arm_embedded_processors/10.2.1/bin/../lib/gcc/arm-none-eabi/10.2.1/thumb/v8-m.main+fp/hard/crtbegin.o
LOAD d:/rt-thread/rt-threadstudio/repo/extract/toolchain_support_packages/arm/gnu_tools_for_arm_embedded_processors/10.2.1/bin/../lib/gcc/arm-none-eabi/10.2.1/../../../../arm-none-eabi/lib/thumb/v8-m.main+fp/hard/crt0.o
LOAD ./src/hal_entry.o
LOAD ./rt-thread/src/clock.o
LOAD ./rt-thread/src/components.o
LOAD ./rt-thread/src/device.o
LOAD ./rt-thread/src/idle.o
LOAD ./rt-thread/src/ipc.o
LOAD ./rt-thread/src/irq.o
LOAD ./rt-thread/src/kservice.o
LOAD ./rt-thread/src/mem.o
LOAD ./rt-thread/src/object.o
LOAD ./rt-thread/src/scheduler.o
LOAD ./rt-thread/src/thread.o
LOAD ./rt-thread/src/timer.o
LOAD ./rt-thread/libcpu/arm/cortex-m4/context_gcc.o
LOAD ./rt-thread/libcpu/arm/cortex-m4/cpuport.o
LOAD ./rt-thread/libcpu/arm/common/backtrace.o
LOAD ./rt-thread/libcpu/arm/common/div0.o
LOAD ./rt-thread/libcpu/arm/common/showmem.o
LOAD ./rt-thread/components/libc/compilers/newlib/syscalls.o
LOAD ./rt-thread/components/libc/compilers/common/stdlib.o
LOAD ./rt-thread/components/libc/compilers/common/time.o
LOAD ./rt-thread/components/finsh/cmd.o
LOAD ./rt-thread/components/finsh/msh.o
LOAD ./rt-thread/components/finsh/shell.o
LOAD ./rt-thread/components/drivers/serial/serial_v2.o
LOAD ./rt-thread/components/drivers/misc/pin.o
LOAD ./rt-thread/components/drivers/ipc/completion.o
LOAD ./rt-thread/components/drivers/ipc/dataqueue.o
LOAD ./rt-thread/components/drivers/ipc/pipe.o
LOAD ./rt-thread/components/drivers/ipc/ringblk_buf.o
LOAD ./rt-thread/components/drivers/ipc/ringbuffer.o
LOAD ./rt-thread/components/drivers/ipc/waitqueue.o
LOAD ./rt-thread/components/drivers/ipc/workqueue.o
LOAD ./ra_gen/common_data.o
LOAD ./ra_gen/hal_data.o
LOAD ./ra_gen/main.o
LOAD ./ra_gen/pin_data.o
LOAD ./ra_gen/vector_data.o
LOAD ./ra/fsp/src/r_sci_uart/r_sci_uart.o
LOAD ./ra/fsp/src/r_ioport/r_ioport.o
LOAD ./ra/fsp/src/r_icu/r_icu.o
LOAD ./ra/fsp/src/bsp/mcu/all/bsp_clocks.o
LOAD ./ra/fsp/src/bsp/mcu/all/bsp_common.o
LOAD ./ra/fsp/src/bsp/mcu/all/bsp_delay.o
LOAD ./ra/fsp/src/bsp/mcu/all/bsp_group_irq.o
LOAD ./ra/fsp/src/bsp/mcu/all/bsp_guard.o
LOAD ./ra/fsp/src/bsp/mcu/all/bsp_io.o
LOAD ./ra/fsp/src/bsp/mcu/all/bsp_irq.o
LOAD ./ra/fsp/src/bsp/mcu/all/bsp_register_protection.o
LOAD ./ra/fsp/src/bsp/mcu/all/bsp_rom_registers.o
LOAD ./ra/fsp/src/bsp/mcu/all/bsp_sbrk.o
LOAD ./ra/fsp/src/bsp/mcu/all/bsp_security.o
LOAD ./ra/fsp/src/bsp/cmsis/Device/RENESAS/Source/startup.o
LOAD ./ra/fsp/src/bsp/cmsis/Device/RENESAS/Source/system.o
LOAD ./libraries/HAL_Drivers/drv_common.o
LOAD ./libraries/HAL_Drivers/drv_gpio.o
LOAD ./libraries/HAL_Drivers/drv_usart_v2.o
LOAD ./board/ports/drv_rw007.o
LOAD d:/rt-thread/rt-threadstudio/repo/extract/toolchain_support_packages/arm/gnu_tools_for_arm_embedded_processors/10.2.1/bin/../lib/gcc/arm-none-eabi/10.2.1/../../../../arm-none-eabi/lib/thumb/v8-m.main+fp/hard\libm.a
LOAD d:/rt-thread/rt-threadstudio/repo/extract/toolchain_support_packages/arm/gnu_tools_for_arm_embedded_processors/10.2.1/bin/../lib/gcc/arm-none-eabi/10.2.1/../../../../arm-none-eabi/lib/thumb/v8-m.main+fp/hard\libc.a
START GROUP
LOAD d:/rt-thread/rt-threadstudio/repo/extract/toolchain_support_packages/arm/gnu_tools_for_arm_embedded_processors/10.2.1/bin/../lib/gcc/arm-none-eabi/10.2.1/thumb/v8-m.main+fp/hard\libgcc.a
LOAD d:/rt-thread/rt-threadstudio/repo/extract/toolchain_support_packages/arm/gnu_tools_for_arm_embedded_processors/10.2.1/bin/../lib/gcc/arm-none-eabi/10.2.1/../../../../arm-none-eabi/lib/thumb/v8-m.main+fp/hard\libc.a
END GROUP
LOAD d:/rt-thread/rt-threadstudio/repo/extract/toolchain_support_packages/arm/gnu_tools_for_arm_embedded_processors/10.2.1/bin/../lib/gcc/arm-none-eabi/10.2.1/thumb/v8-m.main+fp/hard/crtend.o
LOAD d:/rt-thread/rt-threadstudio/repo/extract/toolchain_support_packages/arm/gnu_tools_for_arm_embedded_processors/10.2.1/bin/../lib/gcc/arm-none-eabi/10.2.1/thumb/v8-m.main+fp/hard/crtn.o
                0x20000000                RAM_START = 0x20000000
                0x00040000                RAM_LENGTH = 0x40000
                0x00000000                FLASH_START = 0x0
                0x00100000                FLASH_LENGTH = 0x100000
                0x08000000                DATA_FLASH_START = 0x8000000
                0x00002000                DATA_FLASH_LENGTH = 0x2000
                0x0100a100                OPTION_SETTING_START = 0x100a100
                0x00000100                OPTION_SETTING_LENGTH = 0x100
                0x0100a200                OPTION_SETTING_S_START = 0x100a200
                0x00000100                OPTION_SETTING_S_LENGTH = 0x100
                0x00000000                ID_CODE_START = 0x0
                0x00000000                ID_CODE_LENGTH = 0x0
                0x90000000                SDRAM_START = 0x90000000
                0x00000000                SDRAM_LENGTH = 0x0
                0x60000000                QSPI_FLASH_START = 0x60000000
                0x04000000                QSPI_FLASH_LENGTH = 0x4000000
                0x68000000                OSPI_DEVICE_0_START = 0x68000000
                0x08000000                OSPI_DEVICE_0_LENGTH = 0x8000000
                0x70000000                OSPI_DEVICE_1_START = 0x70000000
                0x10000000                OSPI_DEVICE_1_LENGTH = 0x10000000
                0x04000000                QSPI_FLASH_PRV_LENGTH = DEFINED (QSPI_FLASH_SIZE)?ABSOLUTE (QSPI_FLASH_SIZE):ABSOLUTE (QSPI_FLASH_LENGTH)
                0x08000000                OSPI_DEVICE_0_PRV_LENGTH = DEFINED (OSPI_DEVICE_0_SIZE)?ABSOLUTE (OSPI_DEVICE_0_SIZE):ABSOLUTE (OSPI_DEVICE_0_LENGTH)
                0x10000000                OSPI_DEVICE_1_PRV_LENGTH = DEFINED (OSPI_DEVICE_1_SIZE)?ABSOLUTE (OSPI_DEVICE_1_SIZE):ABSOLUTE (OSPI_DEVICE_1_LENGTH)
                0x00000000                __RESERVE_NS_RAM = ((! (DEFINED (PROJECT_NONSECURE)) && DEFINED (RAM_NS_BUFFER_LENGTH)) && (OPTION_SETTING_S_LENGTH != 0x0))
                0x00000000                RAM_NS_BUFFER_BLOCK_LENGTH = DEFINED (RAM_NS_BUFFER_LENGTH)?ALIGN (RAM_NS_BUFFER_LENGTH, 0x2000):0x0
                0x00000000                RAM_NS_BUFFER_LENGTH = DEFINED (RAM_NS_BUFFER_LENGTH)?RAM_NS_BUFFER_LENGTH:0x0
                0x20040000                RAM_NS_BUFFER_START = ((RAM_START + RAM_LENGTH) - RAM_NS_BUFFER_LENGTH)
                0x20040000                RAM_NS_BUFFER_BLOCK_START = ((RAM_START + RAM_LENGTH) - RAM_NS_BUFFER_BLOCK_LENGTH)
                0x0100a180                OPTION_SETTING_START_NS = 0x100a180
                0x00000001                __bl_FSP_BOOTABLE_IMAGE = 0x1
                0x00000001                __bln_FSP_BOOTABLE_IMAGE = 0x1
                0x00000001                PROJECT_SECURE_OR_FLAT = ((! (DEFINED (PROJECT_NONSECURE)) && OPTION_SETTING_LENGTH) && ! (DEFINED (FSP_BOOTABLE_IMAGE)))
                0x00000000                USE_OPTION_SETTING_NS = (DEFINED (PROJECT_NONSECURE) && ! (DEFINED (FSP_BOOTABLE_IMAGE)))
                0x00000000                __bl_FLASH_IMAGE_START = ! (DEFINED (FLASH_BOOTLOADER_LENGTH))?0x0:(FLASH_APPLICATION_IMAGE_NUMBER == 0x1)?(FLASH_BOOTLOADER_LENGTH + FLASH_BOOTLOADER_HEADER_LENGTH):(((FLASH_BOOTLOADER_LENGTH + FLASH_BOOTLOADER_SCRATCH_LENGTH) + FLASH_APPLICATION_S_LENGTH) + FLASH_BOOTLOADER_HEADER_LENGTH)
                0x00000000                __bl_FLASH_IMAGE_LENGTH = ! (DEFINED (FLASH_BOOTLOADER_LENGTH))?0x0:(FLASH_APPLICATION_S_LENGTH - FLASH_BOOTLOADER_HEADER_LENGTH)
                0x00000000                __bl_FLASH_IMAGE_END = (__bl_FLASH_IMAGE_START + __bl_FLASH_IMAGE_LENGTH)
                0x00000000                __bl_FLASH_NS_START = ! (DEFINED (FLASH_BOOTLOADER_LENGTH))?0x0:(FLASH_APPLICATION_NS_LENGTH == 0x0)?__bl_FLASH_IMAGE_END:((__bl_FLASH_IMAGE_START - FLASH_BOOTLOADER_HEADER_LENGTH) + FLASH_APPLICATION_S_LENGTH)
                0x00000000                __bl_FLASH_NSC_START = ! (DEFINED (FLASH_BOOTLOADER_LENGTH))?0x0:(FLASH_APPLICATION_NS_LENGTH == 0x0)?__bl_FLASH_IMAGE_END:(__bl_FLASH_NS_START - FLASH_APPLICATION_NSC_LENGTH)
                0x00000000                __bl_RAM_NS_START = ! (DEFINED (FLASH_BOOTLOADER_LENGTH))?0x0:(FLASH_APPLICATION_NS_LENGTH == 0x0)?(RAM_START + RAM_LENGTH):((RAM_START + RAM_LENGTH) - RAM_APPLICATION_NS_LENGTH)
                0x00000000                __bl_RAM_NSC_START = ! (DEFINED (FLASH_BOOTLOADER_LENGTH))?0x0:(FLASH_APPLICATION_NS_LENGTH == 0x0)?(RAM_START + RAM_LENGTH):(__bl_RAM_NS_START - RAM_APPLICATION_NSC_LENGTH)
                0x00000000                __bl_FLASH_NS_IMAGE_START = ! (DEFINED (FLASH_BOOTLOADER_LENGTH))?0x0:(FLASH_APPLICATION_NS_LENGTH == 0x0)?__bl_FLASH_IMAGE_END:(__bl_FLASH_NS_START + FLASH_BOOTLOADER_HEADER_LENGTH_2)
                0x00000000                __bln_FLASH_IMAGE_START = __bl_FLASH_NS_IMAGE_START
                0x00000000                __bln_FLASH_IMAGE_LENGTH = ! (DEFINED (FLASH_BOOTLOADER_LENGTH))?0x0:(FLASH_APPLICATION_NS_LENGTH == 0x0)?__bl_FLASH_IMAGE_END:(FLASH_APPLICATION_NS_LENGTH - FLASH_BOOTLOADER_HEADER_LENGTH_2)
                0x00000000                FLASH_ORIGIN = DEFINED (FLASH_IMAGE_START)?FLASH_IMAGE_START:FLASH_START
                0x00100000                LIMITED_FLASH_LENGTH = DEFINED (FLASH_IMAGE_LENGTH)?FLASH_IMAGE_LENGTH:DEFINED (FLASH_BOOTLOADER_LENGTH)?FLASH_BOOTLOADER_LENGTH:FLASH_LENGTH
START GROUP
LOAD d:/rt-thread/rt-threadstudio/repo/extract/toolchain_support_packages/arm/gnu_tools_for_arm_embedded_processors/10.2.1/bin/../lib/gcc/arm-none-eabi/10.2.1/thumb/v8-m.main+fp/hard\libgcc.a
LOAD d:/rt-thread/rt-threadstudio/repo/extract/toolchain_support_packages/arm/gnu_tools_for_arm_embedded_processors/10.2.1/bin/../lib/gcc/arm-none-eabi/10.2.1/../../../../arm-none-eabi/lib/thumb/v8-m.main+fp/hard\libc.a
LOAD d:/rt-thread/rt-threadstudio/repo/extract/toolchain_support_packages/arm/gnu_tools_for_arm_embedded_processors/10.2.1/bin/../lib/gcc/arm-none-eabi/10.2.1/../../../../arm-none-eabi/lib/thumb/v8-m.main+fp/hard\libm.a
LOAD d:/rt-thread/rt-threadstudio/repo/extract/toolchain_support_packages/arm/gnu_tools_for_arm_embedded_processors/10.2.1/bin/../lib/gcc/arm-none-eabi/10.2.1/../../../../arm-none-eabi/lib/thumb/v8-m.main+fp/hard\libnosys.a
END GROUP

.text           0x00000000     0xd624
                0x00000000                __tz_FLASH_S = ABSOLUTE (FLASH_START)
                0x00000000                __ROM_Start = .
 *(.fixed_vectors*)
 .fixed_vectors
                0x00000000       0x40 ./ra/fsp/src/bsp/cmsis/Device/RENESAS/Source/startup.o
                0x00000000                __Vectors
 *(.application_vectors*)
 .application_vectors
                0x00000040      0x180 ./ra_gen/vector_data.o
                0x00000040                g_vector_table
                0x000001c0                __Vectors_End = .
                0x000001c0                . = (OPTION_SETTING_LENGTH > 0x0)?.:(__ROM_Start + 0x400)
 *(.rom_registers*)
                0x000001c0                . = (OPTION_SETTING_LENGTH > 0x0)?.:(__ROM_Start + 0x500)
                0x00000200                . = ALIGN (0x80)
 *fill*         0x000001c0       0x40 ff
 *(.mcuboot_sce9_key*)
 *(.text*)
 .text          0x00000200       0x40 d:/rt-thread/rt-threadstudio/repo/extract/toolchain_support_packages/arm/gnu_tools_for_arm_embedded_processors/10.2.1/bin/../lib/gcc/arm-none-eabi/10.2.1/thumb/v8-m.main+fp/hard/crtbegin.o
 .text.hal_entry
                0x00000240       0x34 ./src/hal_entry.o
                0x00000240                hal_entry
 .text.irq_callback_test
                0x00000274       0x1c ./src/hal_entry.o
                0x00000274                irq_callback_test
 .text.icu_sample
                0x00000290       0x68 ./src/hal_entry.o
                0x00000290                icu_sample
 .text.thread_static
                0x000002f8       0x14 ./src/hal_entry.o
                0x000002f8                thread_static
 .text.thread_dynamic
                0x0000030c       0x14 ./src/hal_entry.o
                0x0000030c                thread_dynamic
 .text.thread_test
                0x00000320       0x7c ./src/hal_entry.o
                0x00000320                thread_test
 .text.rt_tick_get
                0x0000039c       0x18 ./rt-thread/src/clock.o
                0x0000039c                rt_tick_get
 .text.rt_tick_increase
                0x000003b4       0x7c ./rt-thread/src/clock.o
                0x000003b4                rt_tick_increase
 .text.rt_tick_from_millisecond
                0x00000430       0x78 ./rt-thread/src/clock.o
                0x00000430                rt_tick_from_millisecond
 .text.rti_start
                0x000004a8       0x10 ./rt-thread/src/components.o
 .text.rti_board_start
                0x000004b8       0x10 ./rt-thread/src/components.o
 .text.rti_board_end
                0x000004c8       0x10 ./rt-thread/src/components.o
 .text.rti_end  0x000004d8       0x10 ./rt-thread/src/components.o
 .text.rt_components_board_init
                0x000004e8       0x34 ./rt-thread/src/components.o
                0x000004e8                rt_components_board_init
 .text.rt_components_init
                0x0000051c       0x34 ./rt-thread/src/components.o
                0x0000051c                rt_components_init
 .text.entry    0x00000550        0xe ./rt-thread/src/components.o
                0x00000550                entry
 .text.main_thread_entry
                0x0000055e       0x18 ./rt-thread/src/components.o
                0x0000055e                main_thread_entry
 *fill*         0x00000576        0x2 ff
 .text.rt_application_init
                0x00000578       0x4c ./rt-thread/src/components.o
                0x00000578                rt_application_init
 .text.rtthread_startup
                0x000005c4       0x2e ./rt-thread/src/components.o
                0x000005c4                rtthread_startup
 .text.rt_device_register
                0x000005f2       0x54 ./rt-thread/src/device.o
                0x000005f2                rt_device_register
 .text.rt_device_find
                0x00000646       0x1a ./rt-thread/src/device.o
                0x00000646                rt_device_find
 .text.rt_device_open
                0x00000660      0x108 ./rt-thread/src/device.o
                0x00000660                rt_device_open
 .text.rt_device_close
                0x00000768       0x9c ./rt-thread/src/device.o
                0x00000768                rt_device_close
 .text.rt_device_read
                0x00000804       0x88 ./rt-thread/src/device.o
                0x00000804                rt_device_read
 .text.rt_device_write
                0x0000088c       0x88 ./rt-thread/src/device.o
                0x0000088c                rt_device_write
 .text.rt_device_set_rx_indicate
                0x00000914       0x54 ./rt-thread/src/device.o
                0x00000914                rt_device_set_rx_indicate
 .text.rt_list_insert_after
                0x00000968       0x32 ./rt-thread/src/idle.o
 .text.rt_list_remove
                0x0000099a       0x36 ./rt-thread/src/idle.o
 .text.rt_thread_defunct_enqueue
                0x000009d0       0x20 ./rt-thread/src/idle.o
                0x000009d0                rt_thread_defunct_enqueue
 .text.rt_thread_defunct_dequeue
                0x000009f0       0x44 ./rt-thread/src/idle.o
                0x000009f0                rt_thread_defunct_dequeue
 .text.rt_defunct_execute
                0x00000a34       0x54 ./rt-thread/src/idle.o
 .text.rt_thread_idle_entry
                0x00000a88       0x38 ./rt-thread/src/idle.o
 .text.rt_thread_idle_init
                0x00000ac0       0x78 ./rt-thread/src/idle.o
                0x00000ac0                rt_thread_idle_init
 .text.rt_list_init
                0x00000b38       0x22 ./rt-thread/src/ipc.o
 .text.rt_list_insert_before
                0x00000b5a       0x32 ./rt-thread/src/ipc.o
 .text.rt_list_isempty
                0x00000b8c       0x24 ./rt-thread/src/ipc.o
 .text._ipc_object_init
                0x00000bb0       0x1c ./rt-thread/src/ipc.o
 .text._ipc_list_suspend
                0x00000bcc       0xa4 ./rt-thread/src/ipc.o
 .text._ipc_list_resume
                0x00000c70       0x20 ./rt-thread/src/ipc.o
 .text.rt_sem_init
                0x00000c90       0x88 ./rt-thread/src/ipc.o
                0x00000c90                rt_sem_init
 .text.rt_sem_take
                0x00000d18      0x190 ./rt-thread/src/ipc.o
                0x00000d18                rt_sem_take
 .text.rt_sem_release
                0x00000ea8       0xbc ./rt-thread/src/ipc.o
                0x00000ea8                rt_sem_release
 .text.rt_mutex_init
                0x00000f64       0x64 ./rt-thread/src/ipc.o
                0x00000f64                rt_mutex_init
 .text.rt_mutex_take
                0x00000fc8      0x21c ./rt-thread/src/ipc.o
                0x00000fc8                rt_mutex_take
 .text.rt_mutex_release
                0x000011e4      0x1bc ./rt-thread/src/ipc.o
                0x000011e4                rt_mutex_release
 .text.rt_interrupt_enter
                0x000013a0       0x40 ./rt-thread/src/irq.o
                0x000013a0                rt_interrupt_enter
 .text.rt_interrupt_leave
                0x000013e0       0x40 ./rt-thread/src/irq.o
                0x000013e0                rt_interrupt_leave
 .text.rt_interrupt_get_nest
                0x00001420       0x28 ./rt-thread/src/irq.o
                0x00001420                rt_interrupt_get_nest
 .text.rt_set_errno
                0x00001448       0x40 ./rt-thread/src/kservice.o
                0x00001448                rt_set_errno
 .text.rt_memset
                0x00001488       0xb6 ./rt-thread/src/kservice.o
                0x00001488                rt_memset
 .text.rt_memcpy
                0x0000153e       0xd2 ./rt-thread/src/kservice.o
                0x0000153e                rt_memcpy
 .text.rt_memmove
                0x00001610       0x82 ./rt-thread/src/kservice.o
                0x00001610                rt_memmove
 .text.rt_strncpy
                0x00001692       0x64 ./rt-thread/src/kservice.o
                0x00001692                rt_strncpy
 .text.rt_strncmp
                0x000016f6       0x4a ./rt-thread/src/kservice.o
                0x000016f6                rt_strncmp
 .text.rt_strlen
                0x00001740       0x2e ./rt-thread/src/kservice.o
                0x00001740                rt_strlen
 *fill*         0x0000176e        0x2 ff
 .text.rt_show_version
                0x00001770       0x4c ./rt-thread/src/kservice.o
                0x00001770                rt_show_version
 .text.divide   0x000017bc       0x68 ./rt-thread/src/kservice.o
 .text.skip_atoi
                0x00001824       0x40 ./rt-thread/src/kservice.o
 .text.print_number
                0x00001864      0x1dc ./rt-thread/src/kservice.o
 .text.rt_vsnprintf
                0x00001a40      0x4ac ./rt-thread/src/kservice.o
                0x00001a40                rt_vsnprintf
 .text.rt_vsprintf
                0x00001eec       0x24 ./rt-thread/src/kservice.o
                0x00001eec                rt_vsprintf
 .text.rt_sprintf
                0x00001f10       0x2c ./rt-thread/src/kservice.o
                0x00001f10                rt_sprintf
 .text.rt_console_get_device
                0x00001f3c       0x18 ./rt-thread/src/kservice.o
                0x00001f3c                rt_console_get_device
 .text.rt_console_set_device
                0x00001f54       0x58 ./rt-thread/src/kservice.o
                0x00001f54                rt_console_set_device
 .text.rt_hw_console_output
                0x00001fac       0x14 ./rt-thread/src/kservice.o
                0x00001fac                rt_hw_console_output
 .text.rt_kprintf
                0x00001fc0       0x60 ./rt-thread/src/kservice.o
                0x00001fc0                rt_kprintf
 .text._heap_lock_init
                0x00002020       0x1c ./rt-thread/src/kservice.o
 .text._heap_lock
                0x0000203c       0x28 ./rt-thread/src/kservice.o
 .text._heap_unlock
                0x00002064       0x40 ./rt-thread/src/kservice.o
 .text._smem_info
                0x000020a4       0x4c ./rt-thread/src/kservice.o
 .text.rt_system_heap_init
                0x000020f0       0x64 ./rt-thread/src/kservice.o
                0x000020f0                rt_system_heap_init
 .text.rt_malloc
                0x00002154       0x48 ./rt-thread/src/kservice.o
                0x00002154                rt_malloc
 .text.rt_calloc
                0x0000219c       0x3c ./rt-thread/src/kservice.o
                0x0000219c                rt_calloc
 .text.rt_free  0x000021d8       0x38 ./rt-thread/src/kservice.o
                0x000021d8                rt_free
 .text.rt_memory_info
                0x00002210       0x2a ./rt-thread/src/kservice.o
                0x00002210                rt_memory_info
 *fill*         0x0000223a        0x2 ff
 .text.rt_assert_handler
                0x0000223c       0x4c ./rt-thread/src/kservice.o
                0x0000223c                rt_assert_handler
 .text.plug_holes
                0x00002288       0xf8 ./rt-thread/src/mem.o
 .text.rt_smem_init
                0x00002380      0x104 ./rt-thread/src/mem.o
                0x00002380                rt_smem_init
 .text.rt_smem_alloc
                0x00002484      0x268 ./rt-thread/src/mem.o
                0x00002484                rt_smem_alloc
 .text.rt_smem_free
                0x000026ec      0x140 ./rt-thread/src/mem.o
                0x000026ec                rt_smem_free
 .text.rt_list_insert_after
                0x0000282c       0x32 ./rt-thread/src/object.o
 .text.rt_list_remove
                0x0000285e       0x36 ./rt-thread/src/object.o
 .text.rt_object_get_information
                0x00002894       0x48 ./rt-thread/src/object.o
                0x00002894                rt_object_get_information
 .text.rt_object_init
                0x000028dc       0xcc ./rt-thread/src/object.o
                0x000028dc                rt_object_init
 .text.rt_object_detach
                0x000029a8       0x5c ./rt-thread/src/object.o
                0x000029a8                rt_object_detach
 .text.rt_object_allocate
                0x00002a04       0xd8 ./rt-thread/src/object.o
                0x00002a04                rt_object_allocate
 .text.rt_object_delete
                0x00002adc       0x7c ./rt-thread/src/object.o
                0x00002adc                rt_object_delete
 .text.rt_object_is_systemobject
                0x00002b58       0x3c ./rt-thread/src/object.o
                0x00002b58                rt_object_is_systemobject
 .text.rt_object_get_type
                0x00002b94       0x34 ./rt-thread/src/object.o
                0x00002b94                rt_object_get_type
 .text.rt_object_find
                0x00002bc8       0xb4 ./rt-thread/src/object.o
                0x00002bc8                rt_object_find
 .text.rt_list_init
                0x00002c7c       0x22 ./rt-thread/src/scheduler.o
 .text.rt_list_insert_before
                0x00002c9e       0x32 ./rt-thread/src/scheduler.o
 .text.rt_list_remove
                0x00002cd0       0x36 ./rt-thread/src/scheduler.o
 .text.rt_list_isempty
                0x00002d06       0x24 ./rt-thread/src/scheduler.o
 *fill*         0x00002d2a        0x2 ff
 .text._rt_scheduler_stack_check
                0x00002d2c       0x94 ./rt-thread/src/scheduler.o
 .text._scheduler_get_highest_priority_thread
                0x00002dc0       0x38 ./rt-thread/src/scheduler.o
 .text.rt_system_scheduler_init
                0x00002df8       0x38 ./rt-thread/src/scheduler.o
                0x00002df8                rt_system_scheduler_init
 .text.rt_system_scheduler_start
                0x00002e30       0x38 ./rt-thread/src/scheduler.o
                0x00002e30                rt_system_scheduler_start
 .text.rt_schedule
                0x00002e68      0x19c ./rt-thread/src/scheduler.o
                0x00002e68                rt_schedule
 .text.rt_schedule_insert_thread
                0x00003004       0xac ./rt-thread/src/scheduler.o
                0x00003004                rt_schedule_insert_thread
 .text.rt_schedule_remove_thread
                0x000030b0       0x70 ./rt-thread/src/scheduler.o
                0x000030b0                rt_schedule_remove_thread
 .text.rt_enter_critical
                0x00003120       0x2c ./rt-thread/src/scheduler.o
                0x00003120                rt_enter_critical
 .text.rt_exit_critical
                0x0000314c       0x54 ./rt-thread/src/scheduler.o
                0x0000314c                rt_exit_critical
 .text.rt_critical_level
                0x000031a0       0x1c ./rt-thread/src/scheduler.o
                0x000031a0                rt_critical_level
 .text.rt_list_init
                0x000031bc       0x22 ./rt-thread/src/thread.o
 .text.rt_list_remove
                0x000031de       0x36 ./rt-thread/src/thread.o
 .text._thread_exit
                0x00003214       0x42 ./rt-thread/src/thread.o
 *fill*         0x00003256        0x2 ff
 .text._thread_timeout
                0x00003258       0x8c ./rt-thread/src/thread.o
 .text._thread_init
                0x000032e4       0xfc ./rt-thread/src/thread.o
 .text.rt_thread_init
                0x000033e0       0x70 ./rt-thread/src/thread.o
                0x000033e0                rt_thread_init
 .text.rt_thread_self
                0x00003450       0x18 ./rt-thread/src/thread.o
                0x00003450                rt_thread_self
 .text.rt_thread_startup
                0x00003468       0x94 ./rt-thread/src/thread.o
                0x00003468                rt_thread_startup
 .text.rt_thread_detach
                0x000034fc       0xb0 ./rt-thread/src/thread.o
                0x000034fc                rt_thread_detach
 .text.rt_thread_create
                0x000035ac       0x62 ./rt-thread/src/thread.o
                0x000035ac                rt_thread_create
 *fill*         0x0000360e        0x2 ff
 .text.rt_thread_delete
                0x00003610       0xb0 ./rt-thread/src/thread.o
                0x00003610                rt_thread_delete
 .text.rt_thread_sleep
                0x000036c0       0x94 ./rt-thread/src/thread.o
                0x000036c0                rt_thread_sleep
 .text.rt_thread_delay
                0x00003754       0x18 ./rt-thread/src/thread.o
                0x00003754                rt_thread_delay
 .text.rt_thread_mdelay
                0x0000376c       0x20 ./rt-thread/src/thread.o
                0x0000376c                rt_thread_mdelay
 .text.rt_thread_control
                0x0000378c       0xfc ./rt-thread/src/thread.o
                0x0000378c                rt_thread_control
 .text.rt_thread_suspend
                0x00003888       0xc8 ./rt-thread/src/thread.o
                0x00003888                rt_thread_suspend
 .text.rt_thread_resume
                0x00003950       0x98 ./rt-thread/src/thread.o
                0x00003950                rt_thread_resume
 .text.rt_list_init
                0x000039e8       0x22 ./rt-thread/src/timer.o
 .text.rt_list_insert_after
                0x00003a0a       0x32 ./rt-thread/src/timer.o
 .text.rt_list_remove
                0x00003a3c       0x36 ./rt-thread/src/timer.o
 .text.rt_list_isempty
                0x00003a72       0x24 ./rt-thread/src/timer.o
 .text._timer_init
                0x00003a96       0x6a ./rt-thread/src/timer.o
 .text._timer_list_next_timeout
                0x00003b00       0x48 ./rt-thread/src/timer.o
 .text._timer_remove
                0x00003b48       0x36 ./rt-thread/src/timer.o
 *fill*         0x00003b7e        0x2 ff
 .text.rt_timer_init
                0x00003b80       0x7c ./rt-thread/src/timer.o
                0x00003b80                rt_timer_init
 .text.rt_timer_detach
                0x00003bfc       0x90 ./rt-thread/src/timer.o
                0x00003bfc                rt_timer_detach
 .text.rt_timer_start
                0x00003c8c      0x224 ./rt-thread/src/timer.o
                0x00003c8c                rt_timer_start
 .text.rt_timer_stop
                0x00003eb0       0x94 ./rt-thread/src/timer.o
                0x00003eb0                rt_timer_stop
 .text.rt_timer_control
                0x00003f44       0xf8 ./rt-thread/src/timer.o
                0x00003f44                rt_timer_control
 .text.rt_timer_check
                0x0000403c      0x108 ./rt-thread/src/timer.o
                0x0000403c                rt_timer_check
 .text.rt_soft_timer_check
                0x00004144      0x11c ./rt-thread/src/timer.o
                0x00004144                rt_soft_timer_check
 .text._timer_thread_entry
                0x00004260       0x5c ./rt-thread/src/timer.o
 .text.rt_system_timer_init
                0x000042bc       0x34 ./rt-thread/src/timer.o
                0x000042bc                rt_system_timer_init
 .text.rt_system_timer_thread_init
                0x000042f0       0x68 ./rt-thread/src/timer.o
                0x000042f0                rt_system_timer_thread_init
 .text          0x00004358      0x13c ./rt-thread/libcpu/arm/cortex-m4/context_gcc.o
                0x00004358                rt_hw_interrupt_disable
                0x00004360                rt_hw_interrupt_enable
                0x00004366                rt_hw_context_switch_interrupt
                0x00004366                rt_hw_context_switch
                0x00004386                PendSV_Handler
                0x000043f2                rt_hw_context_switch_to
                0x00004438                rt_hw_interrupt_thread_switch
                0x0000443c                HardFault_Handler
 .text.rt_hw_stack_init
                0x00004494       0x90 ./rt-thread/libcpu/arm/cortex-m4/cpuport.o
                0x00004494                rt_hw_stack_init
 .text.usage_fault_track
                0x00004524       0xc4 ./rt-thread/libcpu/arm/cortex-m4/cpuport.o
 .text.bus_fault_track
                0x000045e8       0xcc ./rt-thread/libcpu/arm/cortex-m4/cpuport.o
 .text.mem_manage_fault_track
                0x000046b4       0xb4 ./rt-thread/libcpu/arm/cortex-m4/cpuport.o
 .text.hard_fault_track
                0x00004768       0x78 ./rt-thread/libcpu/arm/cortex-m4/cpuport.o
 .text.rt_hw_hard_fault_exception
                0x000047e0      0x184 ./rt-thread/libcpu/arm/cortex-m4/cpuport.o
                0x000047e0                rt_hw_hard_fault_exception
 .text.__rt_ffs
                0x00004964       0x2a ./rt-thread/libcpu/arm/cortex-m4/cpuport.o
                0x00004964                __rt_ffs
 .text.rt_list_isempty
                0x0000498e       0x24 ./rt-thread/components/finsh/cmd.o
 .text.rt_list_len
                0x000049b2       0x36 ./rt-thread/components/finsh/cmd.o
 .text.clear    0x000049e8       0x14 ./rt-thread/components/finsh/cmd.o
 .text.version  0x000049fc        0xe ./rt-thread/components/finsh/cmd.o
                0x000049fc                version
 *fill*         0x00004a0a        0x2 ff
 .text.object_split
                0x00004a0c       0x28 ./rt-thread/components/finsh/cmd.o
 .text.list_find_init
                0x00004a34       0x46 ./rt-thread/components/finsh/cmd.o
 .text.list_get_next
                0x00004a7a       0xc6 ./rt-thread/components/finsh/cmd.o
 .text.list_thread
                0x00004b40      0x208 ./rt-thread/components/finsh/cmd.o
                0x00004b40                list_thread
 .text.show_wait_queue
                0x00004d48       0x54 ./rt-thread/components/finsh/cmd.o
 .text.list_sem
                0x00004d9c      0x12c ./rt-thread/components/finsh/cmd.o
                0x00004d9c                list_sem
 .text.list_event
                0x00004ec8      0x118 ./rt-thread/components/finsh/cmd.o
                0x00004ec8                list_event
 .text.list_mutex
                0x00004fe0       0xe8 ./rt-thread/components/finsh/cmd.o
                0x00004fe0                list_mutex
 .text.list_mailbox
                0x000050c8      0x13c ./rt-thread/components/finsh/cmd.o
                0x000050c8                list_mailbox
 .text.list_msgqueue
                0x00005204      0x12c ./rt-thread/components/finsh/cmd.o
                0x00005204                list_msgqueue
 .text.list_timer
                0x00005330      0x128 ./rt-thread/components/finsh/cmd.o
                0x00005330                list_timer
 .text.list_device
                0x00005458       0xf0 ./rt-thread/components/finsh/cmd.o
                0x00005458                list_device
 .text.msh_help
                0x00005548       0x5c ./rt-thread/components/finsh/msh.o
                0x00005548                msh_help
 .text.cmd_ps   0x000055a4       0x18 ./rt-thread/components/finsh/msh.o
                0x000055a4                cmd_ps
 .text.cmd_free
                0x000055bc       0x5c ./rt-thread/components/finsh/msh.o
                0x000055bc                cmd_free
 .text.msh_split
                0x00005618      0x170 ./rt-thread/components/finsh/msh.o
 .text.msh_get_cmd
                0x00005788       0x64 ./rt-thread/components/finsh/msh.o
 .text._msh_exec_cmd
                0x000057ec       0xd4 ./rt-thread/components/finsh/msh.o
 .text.msh_exec
                0x000058c0       0x8c ./rt-thread/components/finsh/msh.o
                0x000058c0                msh_exec
 .text.str_common
                0x0000594c       0x4a ./rt-thread/components/finsh/msh.o
 *fill*         0x00005996        0x2 ff
 .text.msh_auto_complete
                0x00005998       0xb0 ./rt-thread/components/finsh/msh.o
                0x00005998                msh_auto_complete
 .text.finsh_get_prompt
                0x00005a48       0x7c ./rt-thread/components/finsh/shell.o
                0x00005a48                finsh_get_prompt
 .text.finsh_set_prompt_mode
                0x00005ac4       0x48 ./rt-thread/components/finsh/shell.o
                0x00005ac4                finsh_set_prompt_mode
 .text.finsh_getchar
                0x00005b0c       0x90 ./rt-thread/components/finsh/shell.o
                0x00005b0c                finsh_getchar
 .text.finsh_rx_ind
                0x00005b9c       0x3c ./rt-thread/components/finsh/shell.o
 .text.finsh_set_device
                0x00005bd8       0xd8 ./rt-thread/components/finsh/shell.o
                0x00005bd8                finsh_set_device
 .text.shell_auto_complete
                0x00005cb0       0x34 ./rt-thread/components/finsh/shell.o
 .text.shell_handle_history
                0x00005ce4       0x34 ./rt-thread/components/finsh/shell.o
 .text.shell_push_history
                0x00005d18      0x15e ./rt-thread/components/finsh/shell.o
 *fill*         0x00005e76        0x2 ff
 .text.finsh_thread_entry
                0x00005e78      0x5cc ./rt-thread/components/finsh/shell.o
                0x00005e78                finsh_thread_entry
 .text.finsh_system_function_init
                0x00006444       0x2c ./rt-thread/components/finsh/shell.o
                0x00006444                finsh_system_function_init
 .text.finsh_system_init
                0x00006470       0x9c ./rt-thread/components/finsh/shell.o
                0x00006470                finsh_system_init
 .text.rt_serial_get_linear_buffer
                0x0000650c       0x8c ./rt-thread/components/drivers/serial/serial_v2.o
 .text.rt_serial_update_read_index
                0x00006598       0xcc ./rt-thread/components/drivers/serial/serial_v2.o
 .text.rt_serial_update_write_index
                0x00006664       0xe8 ./rt-thread/components/drivers/serial/serial_v2.o
 .text._serial_poll_rx
                0x0000674c       0xa4 ./rt-thread/components/drivers/serial/serial_v2.o
                0x0000674c                _serial_poll_rx
 .text._serial_poll_tx
                0x000067f0       0x9c ./rt-thread/components/drivers/serial/serial_v2.o
                0x000067f0                _serial_poll_tx
 .text._serial_fifo_rx
                0x0000688c       0xf4 ./rt-thread/components/drivers/serial/serial_v2.o
 .text._serial_fifo_tx_blocking_nbuf
                0x00006980       0xb0 ./rt-thread/components/drivers/serial/serial_v2.o
 .text._serial_fifo_tx_blocking_buf
                0x00006a30      0x118 ./rt-thread/components/drivers/serial/serial_v2.o
 .text._serial_fifo_tx_nonblocking
                0x00006b48       0xd4 ./rt-thread/components/drivers/serial/serial_v2.o
 .text.rt_serial_tx_enable
                0x00006c1c      0x1e8 ./rt-thread/components/drivers/serial/serial_v2.o
 .text.rt_serial_rx_enable
                0x00006e04      0x15c ./rt-thread/components/drivers/serial/serial_v2.o
 .text.rt_serial_rx_disable
                0x00006f60       0xb4 ./rt-thread/components/drivers/serial/serial_v2.o
 .text.rt_serial_tx_disable
                0x00007014       0xc0 ./rt-thread/components/drivers/serial/serial_v2.o
 .text.rt_serial_init
                0x000070d4       0x5c ./rt-thread/components/drivers/serial/serial_v2.o
 .text.rt_serial_open
                0x00007130       0xf4 ./rt-thread/components/drivers/serial/serial_v2.o
 .text.rt_serial_close
                0x00007224       0x90 ./rt-thread/components/drivers/serial/serial_v2.o
 .text.rt_serial_control
                0x000072b4       0xb8 ./rt-thread/components/drivers/serial/serial_v2.o
 .text.rt_hw_serial_register
                0x0000736c       0x94 ./rt-thread/components/drivers/serial/serial_v2.o
                0x0000736c                rt_hw_serial_register
 .text.rt_hw_serial_isr
                0x00007400      0x210 ./rt-thread/components/drivers/serial/serial_v2.o
                0x00007400                rt_hw_serial_isr
 .text._pin_read
                0x00007610       0x60 ./rt-thread/components/drivers/misc/pin.o
 .text._pin_write
                0x00007670       0x5c ./rt-thread/components/drivers/misc/pin.o
 .text._pin_control
                0x000076cc       0x58 ./rt-thread/components/drivers/misc/pin.o
 .text.rt_device_pin_register
                0x00007724       0x74 ./rt-thread/components/drivers/misc/pin.o
                0x00007724                rt_device_pin_register
 .text.rt_pin_attach_irq
                0x00007798       0x5c ./rt-thread/components/drivers/misc/pin.o
                0x00007798                rt_pin_attach_irq
 .text.rt_pin_irq_enable
                0x000077f4       0x50 ./rt-thread/components/drivers/misc/pin.o
                0x000077f4                rt_pin_irq_enable
 .text.rt_pin_write
                0x00007844       0x40 ./rt-thread/components/drivers/misc/pin.o
                0x00007844                rt_pin_write
 .text.rt_pin_get
                0x00007884       0x60 ./rt-thread/components/drivers/misc/pin.o
                0x00007884                rt_pin_get
 .text.rt_list_init
                0x000078e4       0x22 ./rt-thread/components/drivers/ipc/completion.o
 .text.rt_list_insert_before
                0x00007906       0x32 ./rt-thread/components/drivers/ipc/completion.o
 .text.rt_list_isempty
                0x00007938       0x24 ./rt-thread/components/drivers/ipc/completion.o
 .text.rt_completion_init
                0x0000795c       0x44 ./rt-thread/components/drivers/ipc/completion.o
                0x0000795c                rt_completion_init
 .text.rt_completion_wait
                0x000079a0      0x15c ./rt-thread/components/drivers/ipc/completion.o
                0x000079a0                rt_completion_wait
 .text.rt_completion_done
                0x00007afc       0x70 ./rt-thread/components/drivers/ipc/completion.o
                0x00007afc                rt_completion_done
 .text.rt_ringbuffer_status
                0x00007b6c       0x4e ./rt-thread/components/drivers/ipc/ringbuffer.o
 *fill*         0x00007bba        0x2 ff
 .text.rt_ringbuffer_init
                0x00007bbc       0xa0 ./rt-thread/components/drivers/ipc/ringbuffer.o
                0x00007bbc                rt_ringbuffer_init
 .text.rt_ringbuffer_put
                0x00007c5c      0x16c ./rt-thread/components/drivers/ipc/ringbuffer.o
                0x00007c5c                rt_ringbuffer_put
 .text.rt_ringbuffer_get
                0x00007dc8      0x15c ./rt-thread/components/drivers/ipc/ringbuffer.o
                0x00007dc8                rt_ringbuffer_get
 .text.rt_ringbuffer_putchar
                0x00007f24       0xbc ./rt-thread/components/drivers/ipc/ringbuffer.o
                0x00007f24                rt_ringbuffer_putchar
 .text.rt_ringbuffer_data_len
                0x00007fe0       0x66 ./rt-thread/components/drivers/ipc/ringbuffer.o
                0x00007fe0                rt_ringbuffer_data_len
 .text.main     0x00008046        0xe ./ra_gen/main.o
                0x00008046                main
 .text.R_FSP_CurrentIrqGet
                0x00008054       0x2c ./ra/fsp/src/r_sci_uart/r_sci_uart.o
 .text.R_FSP_IsrContextSet
                0x00008080       0x28 ./ra/fsp/src/r_sci_uart/r_sci_uart.o
 .text.R_BSP_IrqStatusClear
                0x000080a8       0x30 ./ra/fsp/src/r_sci_uart/r_sci_uart.o
 .text.R_BSP_IrqClearPending
                0x000080d8       0x40 ./ra/fsp/src/r_sci_uart/r_sci_uart.o
 .text.R_BSP_IrqCfg
                0x00008118       0x3c ./ra/fsp/src/r_sci_uart/r_sci_uart.o
 .text.R_BSP_IrqEnableNoClear
                0x00008154       0x38 ./ra/fsp/src/r_sci_uart/r_sci_uart.o
 .text.R_BSP_IrqEnable
                0x0000818c       0x26 ./ra/fsp/src/r_sci_uart/r_sci_uart.o
 *fill*         0x000081b2        0x2 ff
 .text.R_BSP_IrqDisable
                0x000081b4       0x48 ./ra/fsp/src/r_sci_uart/r_sci_uart.o
 .text.R_FSP_IsrContextGet
                0x000081fc       0x24 ./ra/fsp/src/r_sci_uart/r_sci_uart.o
 .text.R_SCI_UART_Open
                0x00008220      0x1ac ./ra/fsp/src/r_sci_uart/r_sci_uart.o
                0x00008220                R_SCI_UART_Open
 .text.r_sci_uart_config_set
                0x000083cc      0x120 ./ra/fsp/src/r_sci_uart/r_sci_uart.o
 .text.r_sci_irq_cfg
                0x000084ec       0x3a ./ra/fsp/src/r_sci_uart/r_sci_uart.o
 .text.r_sci_irqs_cfg
                0x00008526       0x5a ./ra/fsp/src/r_sci_uart/r_sci_uart.o
 .text.r_sci_uart_baud_set
                0x00008580       0x58 ./ra/fsp/src/r_sci_uart/r_sci_uart.o
 .text.r_sci_uart_call_callback
                0x000085d8       0x76 ./ra/fsp/src/r_sci_uart/r_sci_uart.o
 .text.sci_uart_txi_isr
                0x0000864e       0xd0 ./ra/fsp/src/r_sci_uart/r_sci_uart.o
                0x0000864e                sci_uart_txi_isr
 .text.sci_uart_rxi_isr
                0x0000871e       0xbc ./ra/fsp/src/r_sci_uart/r_sci_uart.o
                0x0000871e                sci_uart_rxi_isr
 .text.sci_uart_tei_isr
                0x000087da       0x4a ./ra/fsp/src/r_sci_uart/r_sci_uart.o
                0x000087da                sci_uart_tei_isr
 .text.sci_uart_eri_isr
                0x00008824       0xa8 ./ra/fsp/src/r_sci_uart/r_sci_uart.o
                0x00008824                sci_uart_eri_isr
 .text.R_BSP_PinRead
                0x000088cc       0x38 ./ra/fsp/src/r_ioport/r_ioport.o
 .text.R_BSP_PinAccessEnable
                0x00008904       0x60 ./ra/fsp/src/r_ioport/r_ioport.o
 .text.R_BSP_PinAccessDisable
                0x00008964       0x68 ./ra/fsp/src/r_ioport/r_ioport.o
 .text.R_IOPORT_Open
                0x000089cc       0x28 ./ra/fsp/src/r_ioport/r_ioport.o
                0x000089cc                R_IOPORT_Open
 .text.R_IOPORT_Close
                0x000089f4       0x20 ./ra/fsp/src/r_ioport/r_ioport.o
                0x000089f4                R_IOPORT_Close
 .text.R_IOPORT_PinsCfg
                0x00008a14       0x1a ./ra/fsp/src/r_ioport/r_ioport.o
                0x00008a14                R_IOPORT_PinsCfg
 .text.R_IOPORT_PinCfg
                0x00008a2e       0x46 ./ra/fsp/src/r_ioport/r_ioport.o
                0x00008a2e                R_IOPORT_PinCfg
 .text.R_IOPORT_PinRead
                0x00008a74       0x28 ./ra/fsp/src/r_ioport/r_ioport.o
                0x00008a74                R_IOPORT_PinRead
 .text.R_IOPORT_PortRead
                0x00008a9c       0x3a ./ra/fsp/src/r_ioport/r_ioport.o
                0x00008a9c                R_IOPORT_PortRead
 .text.R_IOPORT_PortWrite
                0x00008ad6       0x62 ./ra/fsp/src/r_ioport/r_ioport.o
                0x00008ad6                R_IOPORT_PortWrite
 .text.R_IOPORT_PinWrite
                0x00008b38       0x6e ./ra/fsp/src/r_ioport/r_ioport.o
                0x00008b38                R_IOPORT_PinWrite
 .text.R_IOPORT_PortDirectionSet
                0x00008ba6       0x72 ./ra/fsp/src/r_ioport/r_ioport.o
                0x00008ba6                R_IOPORT_PortDirectionSet
 .text.R_IOPORT_PortEventInputRead
                0x00008c18       0x3e ./ra/fsp/src/r_ioport/r_ioport.o
                0x00008c18                R_IOPORT_PortEventInputRead
 .text.R_IOPORT_PinEventInputRead
                0x00008c56       0x62 ./ra/fsp/src/r_ioport/r_ioport.o
                0x00008c56                R_IOPORT_PinEventInputRead
 .text.R_IOPORT_PortEventOutputWrite
                0x00008cb8       0x62 ./ra/fsp/src/r_ioport/r_ioport.o
                0x00008cb8                R_IOPORT_PortEventOutputWrite
 .text.R_IOPORT_PinEventOutputWrite
                0x00008d1a       0x5e ./ra/fsp/src/r_ioport/r_ioport.o
                0x00008d1a                R_IOPORT_PinEventOutputWrite
 .text.R_IOPORT_EthernetModeCfg
                0x00008d78       0x28 ./ra/fsp/src/r_ioport/r_ioport.o
                0x00008d78                R_IOPORT_EthernetModeCfg
 .text.r_ioport_pins_config
                0x00008da0       0x56 ./ra/fsp/src/r_ioport/r_ioport.o
 .text.r_ioport_hw_pin_event_output_data_write
                0x00008df6       0x88 ./ra/fsp/src/r_ioport/r_ioport.o
 *fill*         0x00008e7e        0x2 ff
 .text.r_ioport_pfs_write
                0x00008e80       0x78 ./ra/fsp/src/r_ioport/r_ioport.o
 .text.bsp_vbatt_init
                0x00008ef8       0xd8 ./ra/fsp/src/r_ioport/r_ioport.o
 .text.R_FSP_CurrentIrqGet
                0x00008fd0       0x2c ./ra/fsp/src/r_icu/r_icu.o
 .text.R_FSP_IsrContextSet
                0x00008ffc       0x28 ./ra/fsp/src/r_icu/r_icu.o
 .text.R_BSP_IrqStatusClear
                0x00009024       0x30 ./ra/fsp/src/r_icu/r_icu.o
 .text.R_BSP_IrqClearPending
                0x00009054       0x40 ./ra/fsp/src/r_icu/r_icu.o
 .text.R_BSP_IrqCfg
                0x00009094       0x3c ./ra/fsp/src/r_icu/r_icu.o
 .text.R_BSP_IrqEnableNoClear
                0x000090d0       0x38 ./ra/fsp/src/r_icu/r_icu.o
 .text.R_BSP_IrqEnable
                0x00009108       0x26 ./ra/fsp/src/r_icu/r_icu.o
 *fill*         0x0000912e        0x2 ff
 .text.R_BSP_IrqDisable
                0x00009130       0x48 ./ra/fsp/src/r_icu/r_icu.o
 .text.R_FSP_IsrContextGet
                0x00009178       0x24 ./ra/fsp/src/r_icu/r_icu.o
 .text.R_ICU_ExternalIrqOpen
                0x0000919c       0xcc ./ra/fsp/src/r_icu/r_icu.o
                0x0000919c                R_ICU_ExternalIrqOpen
 .text.R_ICU_ExternalIrqEnable
                0x00009268       0x22 ./ra/fsp/src/r_icu/r_icu.o
                0x00009268                R_ICU_ExternalIrqEnable
 .text.R_ICU_ExternalIrqDisable
                0x0000928a       0x22 ./ra/fsp/src/r_icu/r_icu.o
                0x0000928a                R_ICU_ExternalIrqDisable
 .text.R_ICU_ExternalIrqClose
                0x000092ac       0x40 ./ra/fsp/src/r_icu/r_icu.o
                0x000092ac                R_ICU_ExternalIrqClose
 .text.r_icu_isr
                0x000092ec       0x80 ./ra/fsp/src/r_icu/r_icu.o
                0x000092ec                r_icu_isr
 .text.R_BSP_FlashCacheEnable
                0x0000936c       0x40 ./ra/fsp/src/bsp/mcu/all/bsp_clocks.o
 .text.SystemCoreClockUpdate
                0x000093ac       0x40 ./ra/fsp/src/bsp/mcu/all/bsp_clocks.o
                0x000093ac                SystemCoreClockUpdate
 .text.bsp_prv_clock_set_hard_reset
                0x000093ec       0x30 ./ra/fsp/src/bsp/mcu/all/bsp_clocks.o
 .text.bsp_clock_freq_var_init
                0x0000941c       0x48 ./ra/fsp/src/bsp/mcu/all/bsp_clocks.o
 .text.bsp_clock_init
                0x00009464       0xa4 ./ra/fsp/src/bsp/mcu/all/bsp_clocks.o
                0x00009464                bsp_clock_init
 .text.bsp_init_internal
                0x00009508       0x14 ./ra/fsp/src/bsp/mcu/all/bsp_common.o
                0x00009508                bsp_init_internal
                0x00009508                bsp_init
 .text.bsp_group_irq_call
                0x0000951c       0x30 ./ra/fsp/src/bsp/mcu/all/bsp_group_irq.o
 .text.NMI_Handler
                0x0000954c       0x4c ./ra/fsp/src/bsp/mcu/all/bsp_group_irq.o
                0x0000954c                NMI_Handler
 .text.bsp_irq_cfg
                0x00009598      0x104 ./ra/fsp/src/bsp/mcu/all/bsp_irq.o
                0x00009598                bsp_irq_cfg
 .text.R_BSP_RegisterProtectEnable
                0x0000969c       0xa0 ./ra/fsp/src/bsp/mcu/all/bsp_register_protection.o
                0x0000969c                R_BSP_RegisterProtectEnable
 .text.R_BSP_RegisterProtectDisable
                0x0000973c       0x90 ./ra/fsp/src/bsp/mcu/all/bsp_register_protection.o
                0x0000973c                R_BSP_RegisterProtectDisable
 .text.Reset_Handler
                0x000097cc        0xe ./ra/fsp/src/bsp/cmsis/Device/RENESAS/Source/startup.o
                0x000097cc                Reset_Handler
 .text.Default_Handler
                0x000097da       0x10 ./ra/fsp/src/bsp/cmsis/Device/RENESAS/Source/startup.o
                0x000097da                UsageFault_Handler
                0x000097da                SecureFault_Handler
                0x000097da                Default_Handler
                0x000097da                MemManage_Handler
                0x000097da                SVC_Handler
                0x000097da                BusFault_Handler
                0x000097da                DebugMon_Handler
 *fill*         0x000097ea        0x2 ff
 .text.SystemInit
                0x000097ec       0xf0 ./ra/fsp/src/bsp/cmsis/Device/RENESAS/Source/system.o
                0x000097ec                SystemInit
 .text.__NVIC_SetPriority
                0x000098dc       0x54 ./libraries/HAL_Drivers/drv_common.o
 .text.__NVIC_SystemReset
                0x00009930       0x2c ./libraries/HAL_Drivers/drv_common.o
 .text.SysTick_Config
                0x0000995c       0x44 ./libraries/HAL_Drivers/drv_common.o
 .text.reboot   0x000099a0       0x10 ./libraries/HAL_Drivers/drv_common.o
 .text.rt_hw_systick_init
                0x000099b0       0x2c ./libraries/HAL_Drivers/drv_common.o
                0x000099b0                rt_hw_systick_init
 .text.SysTick_Handler
                0x000099dc       0x14 ./libraries/HAL_Drivers/drv_common.o
                0x000099dc                SysTick_Handler
 .text.rt_hw_board_init
                0x000099f0       0x34 ./libraries/HAL_Drivers/drv_common.o
                0x000099f0                rt_hw_board_init
 .text.R_BSP_WarmStart
                0x00009a24       0x2c ./libraries/HAL_Drivers/drv_common.o
                0x00009a24                R_BSP_WarmStart
 .text.R_BSP_PinRead
                0x00009a50       0x38 ./libraries/HAL_Drivers/drv_gpio.o
 .text.R_BSP_PinWrite
                0x00009a88       0x68 ./libraries/HAL_Drivers/drv_gpio.o
 .text.R_BSP_PinAccessEnable
                0x00009af0       0x60 ./libraries/HAL_Drivers/drv_gpio.o
 .text.R_BSP_PinAccessDisable
                0x00009b50       0x68 ./libraries/HAL_Drivers/drv_gpio.o
 .text.ra_pin_get_irqx
                0x00009bb8      0x280 ./libraries/HAL_Drivers/drv_gpio.o
 .text.ra_irq_tab_init
                0x00009e38       0x7c ./libraries/HAL_Drivers/drv_gpio.o
 .text.ra_pin_map_init
                0x00009eb4       0x28 ./libraries/HAL_Drivers/drv_gpio.o
 .text.ra_pin_mode
                0x00009edc       0xf8 ./libraries/HAL_Drivers/drv_gpio.o
 .text.ra_pin_write
                0x00009fd4       0x3a ./libraries/HAL_Drivers/drv_gpio.o
 *fill*         0x0000a00e        0x2 ff
 .text.ra_pin_read
                0x0000a010       0x50 ./libraries/HAL_Drivers/drv_gpio.o
 .text.ra_pin_irq_enable
                0x0000a060      0x120 ./libraries/HAL_Drivers/drv_gpio.o
 .text.ra_pin_attach_irq
                0x0000a180      0x12c ./libraries/HAL_Drivers/drv_gpio.o
 .text.ra_pin_dettach_irq
                0x0000a2ac       0xb4 ./libraries/HAL_Drivers/drv_gpio.o
 .text.ra_pin_get
                0x0000a360       0xce ./libraries/HAL_Drivers/drv_gpio.o
 *fill*         0x0000a42e        0x2 ff
 .text.rt_hw_pin_init
                0x0000a430       0x24 ./libraries/HAL_Drivers/drv_gpio.o
                0x0000a430                rt_hw_pin_init
 .text.irq0_callback
                0x0000a454       0x34 ./libraries/HAL_Drivers/drv_gpio.o
                0x0000a454                irq0_callback
 .text.ra_uart_get_config
                0x0000a488       0x50 ./libraries/HAL_Drivers/drv_usart_v2.o
 .text.ra_uart_configure
                0x0000a4d8       0x7c ./libraries/HAL_Drivers/drv_usart_v2.o
 .text.ra_uart_control
                0x0000a554       0x1a ./libraries/HAL_Drivers/drv_usart_v2.o
 *fill*         0x0000a56e        0x2 ff
 .text.ra_uart_putc
                0x0000a570       0x68 ./libraries/HAL_Drivers/drv_usart_v2.o
 .text.ra_uart_getc
                0x0000a5d8       0x16 ./libraries/HAL_Drivers/drv_usart_v2.o
 *fill*         0x0000a5ee        0x2 ff
 .text.user_uart7_callback
                0x0000a5f0       0x78 ./libraries/HAL_Drivers/drv_usart_v2.o
                0x0000a5f0                user_uart7_callback
 .text.rt_hw_usart_init
                0x0000a668       0xb8 ./libraries/HAL_Drivers/drv_usart_v2.o
                0x0000a668                rt_hw_usart_init
 .text.memcmp   0x0000a720       0x60 d:/rt-thread/rt-threadstudio/repo/extract/toolchain_support_packages/arm/gnu_tools_for_arm_embedded_processors/10.2.1/bin/../lib/gcc/arm-none-eabi/10.2.1/../../../../arm-none-eabi/lib/thumb/v8-m.main+fp/hard\libc.a(lib_a-memcmp.o)
                0x0000a720                memcmp
 .text          0x0000a780       0xec d:/rt-thread/rt-threadstudio/repo/extract/toolchain_support_packages/arm/gnu_tools_for_arm_embedded_processors/10.2.1/bin/../lib/gcc/arm-none-eabi/10.2.1/../../../../arm-none-eabi/lib/thumb/v8-m.main+fp/hard\libc.a(lib_a-memcpy.o)
                0x0000a780                memcpy
 .text.memset   0x0000a86c       0xa4 d:/rt-thread/rt-threadstudio/repo/extract/toolchain_support_packages/arm/gnu_tools_for_arm_embedded_processors/10.2.1/bin/../lib/gcc/arm-none-eabi/10.2.1/../../../../arm-none-eabi/lib/thumb/v8-m.main+fp/hard\libc.a(lib_a-memset.o)
                0x0000a86c                memset
 .text.strlen   0x0000a910       0x5c d:/rt-thread/rt-threadstudio/repo/extract/toolchain_support_packages/arm/gnu_tools_for_arm_embedded_processors/10.2.1/bin/../lib/gcc/arm-none-eabi/10.2.1/../../../../arm-none-eabi/lib/thumb/v8-m.main+fp/hard\libc.a(lib_a-strlen-stub.o)
                0x0000a910                strlen
 .text.strncmp  0x0000a96c       0x78 d:/rt-thread/rt-threadstudio/repo/extract/toolchain_support_packages/arm/gnu_tools_for_arm_embedded_processors/10.2.1/bin/../lib/gcc/arm-none-eabi/10.2.1/../../../../arm-none-eabi/lib/thumb/v8-m.main+fp/hard\libc.a(lib_a-strncmp.o)
                0x0000a96c                strncmp
 .text.strncpy  0x0000a9e4       0x64 d:/rt-thread/rt-threadstudio/repo/extract/toolchain_support_packages/arm/gnu_tools_for_arm_embedded_processors/10.2.1/bin/../lib/gcc/arm-none-eabi/10.2.1/../../../../arm-none-eabi/lib/thumb/v8-m.main+fp/hard\libc.a(lib_a-strncpy.o)
                0x0000a9e4                strncpy
 .text.startup.register_fini
                0x0000aa48       0x14 d:/rt-thread/rt-threadstudio/repo/extract/toolchain_support_packages/arm/gnu_tools_for_arm_embedded_processors/10.2.1/bin/../lib/gcc/arm-none-eabi/10.2.1/../../../../arm-none-eabi/lib/thumb/v8-m.main+fp/hard\libc.a(lib_a-__call_atexit.o)
 .text.atexit   0x0000aa5c        0xc d:/rt-thread/rt-threadstudio/repo/extract/toolchain_support_packages/arm/gnu_tools_for_arm_embedded_processors/10.2.1/bin/../lib/gcc/arm-none-eabi/10.2.1/../../../../arm-none-eabi/lib/thumb/v8-m.main+fp/hard\libc.a(lib_a-atexit.o)
                0x0000aa5c                atexit
 .text.__libc_fini_array
                0x0000aa68       0x2c d:/rt-thread/rt-threadstudio/repo/extract/toolchain_support_packages/arm/gnu_tools_for_arm_embedded_processors/10.2.1/bin/../lib/gcc/arm-none-eabi/10.2.1/../../../../arm-none-eabi/lib/thumb/v8-m.main+fp/hard\libc.a(lib_a-fini.o)
                0x0000aa68                __libc_fini_array
 .text.__retarget_lock_acquire_recursive
                0x0000aa94        0x4 d:/rt-thread/rt-threadstudio/repo/extract/toolchain_support_packages/arm/gnu_tools_for_arm_embedded_processors/10.2.1/bin/../lib/gcc/arm-none-eabi/10.2.1/../../../../arm-none-eabi/lib/thumb/v8-m.main+fp/hard\libc.a(lib_a-lock.o)
                0x0000aa94                __retarget_lock_acquire_recursive
 .text.__retarget_lock_release_recursive
                0x0000aa98        0x4 d:/rt-thread/rt-threadstudio/repo/extract/toolchain_support_packages/arm/gnu_tools_for_arm_embedded_processors/10.2.1/bin/../lib/gcc/arm-none-eabi/10.2.1/../../../../arm-none-eabi/lib/thumb/v8-m.main+fp/hard\libc.a(lib_a-lock.o)
                0x0000aa98                __retarget_lock_release_recursive
 .text.__register_exitproc
                0x0000aa9c       0x90 d:/rt-thread/rt-threadstudio/repo/extract/toolchain_support_packages/arm/gnu_tools_for_arm_embedded_processors/10.2.1/bin/../lib/gcc/arm-none-eabi/10.2.1/../../../../arm-none-eabi/lib/thumb/v8-m.main+fp/hard\libc.a(lib_a-__atexit.o)
                0x0000aa9c                __register_exitproc
 *(.version)
 .version       0x0000ab2c       0x50 ./ra/fsp/src/bsp/mcu/all/bsp_common.o
 *(.init)
 .init          0x0000ab7c        0x4 d:/rt-thread/rt-threadstudio/repo/extract/toolchain_support_packages/arm/gnu_tools_for_arm_embedded_processors/10.2.1/bin/../lib/gcc/arm-none-eabi/10.2.1/thumb/v8-m.main+fp/hard/crti.o
                0x0000ab7c                _init
 .init          0x0000ab80        0x8 d:/rt-thread/rt-threadstudio/repo/extract/toolchain_support_packages/arm/gnu_tools_for_arm_embedded_processors/10.2.1/bin/../lib/gcc/arm-none-eabi/10.2.1/thumb/v8-m.main+fp/hard/crtn.o
 *(.fini)
 .fini          0x0000ab88        0x4 d:/rt-thread/rt-threadstudio/repo/extract/toolchain_support_packages/arm/gnu_tools_for_arm_embedded_processors/10.2.1/bin/../lib/gcc/arm-none-eabi/10.2.1/thumb/v8-m.main+fp/hard/crti.o
                0x0000ab88                _fini
 .fini          0x0000ab8c        0x8 d:/rt-thread/rt-threadstudio/repo/extract/toolchain_support_packages/arm/gnu_tools_for_arm_embedded_processors/10.2.1/bin/../lib/gcc/arm-none-eabi/10.2.1/thumb/v8-m.main+fp/hard/crtn.o
                0x0000ab94                . = ALIGN (0x4)
                0x0000ab94                __fsymtab_start = .
 *(FSymTab)
 FSymTab        0x0000ab94       0x18 ./src/hal_entry.o
                0x0000ab94                __fsym_icu_sample
                0x0000aba0                __fsym_thread_test
 FSymTab        0x0000abac       0x78 ./rt-thread/components/finsh/cmd.o
                0x0000abac                __fsym_clear
                0x0000abb8                __fsym_version
                0x0000abc4                __fsym_list_thread
                0x0000abd0                __fsym_list_sem
                0x0000abdc                __fsym_list_event
                0x0000abe8                __fsym_list_mutex
                0x0000abf4                __fsym_list_mailbox
                0x0000ac00                __fsym_list_msgqueue
                0x0000ac0c                __fsym_list_timer
                0x0000ac18                __fsym_list_device
 FSymTab        0x0000ac24       0x24 ./rt-thread/components/finsh/msh.o
                0x0000ac24                __fsym_help
                0x0000ac30                __fsym_ps
                0x0000ac3c                __fsym_free
 FSymTab        0x0000ac48        0xc ./libraries/HAL_Drivers/drv_common.o
                0x0000ac48                __fsym_reboot
                0x0000ac54                __fsymtab_end = .
                0x0000ac54                . = ALIGN (0x4)
                0x0000ac54                __vsymtab_start = .
 *(VSymTab)
                0x0000ac54                __vsymtab_end = .
                0x0000ac54                . = ALIGN (0x4)
                0x0000ac54                __rt_init_start = .
 *(SORT_BY_NAME(.rti_fn*))
 .rti_fn.0      0x0000ac54        0x4 ./rt-thread/src/components.o
                0x0000ac54                __rt_init_rti_start
 .rti_fn.0.end  0x0000ac58        0x4 ./rt-thread/src/components.o
                0x0000ac58                __rt_init_rti_board_start
 .rti_fn.1.end  0x0000ac5c        0x4 ./rt-thread/src/components.o
                0x0000ac5c                __rt_init_rti_board_end
 .rti_fn.6      0x0000ac60        0x4 ./rt-thread/components/finsh/shell.o
                0x0000ac60                __rt_init_finsh_system_init
 .rti_fn.6.end  0x0000ac64        0x4 ./rt-thread/src/components.o
                0x0000ac64                __rt_init_rti_end
                0x0000ac68                __rt_init_end = .
                0x0000ac68                . = ALIGN (0x4)
 *(FalPartTable)
 *crtbegin.o(.ctors)
 *crtbegin?.o(.ctors)
 *(EXCLUDE_FILE(*crtend.o *crtend?.o) .ctors)
 *(SORT_BY_NAME(.ctors.*))
 *(.ctors)
 *crtbegin.o(.dtors)
 *crtbegin?.o(.dtors)
 *(EXCLUDE_FILE(*crtend.o *crtend?.o) .dtors)
 *(SORT_BY_NAME(.dtors.*))
 *(.dtors)
 *(.rodata*)
 .rodata        0x0000ac68       0x90 ./src/hal_entry.o
 .rodata.name   0x0000acf8       0x4f ./src/hal_entry.o
                0x0000acf8                __fsym_icu_sample_name
                0x0000ad04                __fsym_icu_sample_desc
                0x0000ad10                __fsym_thread_test_name
                0x0000ad1c                __fsym_thread_test_desc
 *fill*         0x0000ad47        0x1 ff
 .rodata        0x0000ad48       0x17 ./rt-thread/src/components.o
 *fill*         0x0000ad5f        0x1 ff
 .rodata.__FUNCTION__.0
                0x0000ad60       0x14 ./rt-thread/src/components.o
 .rodata        0x0000ad74       0xbc ./rt-thread/src/device.o
 .rodata.__FUNCTION__.6
                0x0000ae30        0xf ./rt-thread/src/device.o
 *fill*         0x0000ae3f        0x1 ff
 .rodata.__FUNCTION__.5
                0x0000ae40       0x10 ./rt-thread/src/device.o
 .rodata.__FUNCTION__.4
                0x0000ae50        0xf ./rt-thread/src/device.o
 *fill*         0x0000ae5f        0x1 ff
 .rodata.__FUNCTION__.3
                0x0000ae60       0x10 ./rt-thread/src/device.o
 .rodata.__FUNCTION__.1
                0x0000ae70       0x1a ./rt-thread/src/device.o
 *fill*         0x0000ae8a        0x2 ff
 .rodata        0x0000ae8c        0x8 ./rt-thread/src/idle.o
 .rodata        0x0000ae94      0x4de ./rt-thread/src/ipc.o
 *fill*         0x0000b372        0x2 ff
 .rodata.__FUNCTION__.37
                0x0000b374        0xc ./rt-thread/src/ipc.o
 .rodata.__FUNCTION__.33
                0x0000b380        0xc ./rt-thread/src/ipc.o
 .rodata.__FUNCTION__.32
                0x0000b38c       0x12 ./rt-thread/src/ipc.o
 *fill*         0x0000b39e        0x2 ff
 .rodata.__FUNCTION__.31
                0x0000b3a0        0xf ./rt-thread/src/ipc.o
 *fill*         0x0000b3af        0x1 ff
 .rodata.__FUNCTION__.29
                0x0000b3b0        0xe ./rt-thread/src/ipc.o
 *fill*         0x0000b3be        0x2 ff
 .rodata.__FUNCTION__.25
                0x0000b3c0        0xe ./rt-thread/src/ipc.o
 *fill*         0x0000b3ce        0x2 ff
 .rodata.__FUNCTION__.24
                0x0000b3d0       0x11 ./rt-thread/src/ipc.o
 *fill*         0x0000b3e1        0x3 ff
 .rodata        0x0000b3e4      0x107 ./rt-thread/src/kservice.o
 *fill*         0x0000b4eb        0x1 ff
 .rodata.large_digits.4
                0x0000b4ec       0x11 ./rt-thread/src/kservice.o
 *fill*         0x0000b4fd        0x3 ff
 .rodata.small_digits.3
                0x0000b500       0x11 ./rt-thread/src/kservice.o
 *fill*         0x0000b511        0x3 ff
 .rodata.__FUNCTION__.1
                0x0000b514       0x14 ./rt-thread/src/kservice.o
 .rodata.__FUNCTION__.0
                0x0000b528        0xd ./rt-thread/src/kservice.o
 *fill*         0x0000b535        0x3 ff
 .rodata        0x0000b538      0x41b ./rt-thread/src/mem.o
 *fill*         0x0000b953        0x1 ff
 .rodata.__FUNCTION__.4
                0x0000b954        0xb ./rt-thread/src/mem.o
 *fill*         0x0000b95f        0x1 ff
 .rodata.__FUNCTION__.2
                0x0000b960        0xe ./rt-thread/src/mem.o
 *fill*         0x0000b96e        0x2 ff
 .rodata.__FUNCTION__.0
                0x0000b970        0xd ./rt-thread/src/mem.o
 *fill*         0x0000b97d        0x3 ff
 .rodata        0x0000b980       0x91 ./rt-thread/src/object.o
 *fill*         0x0000ba11        0x3 ff
 .rodata.__FUNCTION__.6
                0x0000ba14        0xf ./rt-thread/src/object.o
 *fill*         0x0000ba23        0x1 ff
 .rodata.__FUNCTION__.5
                0x0000ba24       0x11 ./rt-thread/src/object.o
 *fill*         0x0000ba35        0x3 ff
 .rodata.__FUNCTION__.4
                0x0000ba38       0x13 ./rt-thread/src/object.o
 *fill*         0x0000ba4b        0x1 ff
 .rodata.__FUNCTION__.3
                0x0000ba4c       0x11 ./rt-thread/src/object.o
 *fill*         0x0000ba5d        0x3 ff
 .rodata.__FUNCTION__.2
                0x0000ba60       0x1a ./rt-thread/src/object.o
 *fill*         0x0000ba7a        0x2 ff
 .rodata.__FUNCTION__.1
                0x0000ba7c       0x13 ./rt-thread/src/object.o
 *fill*         0x0000ba8f        0x1 ff
 .rodata.__FUNCTION__.0
                0x0000ba90        0xf ./rt-thread/src/object.o
 *fill*         0x0000ba9f        0x1 ff
 .rodata        0x0000baa0       0x65 ./rt-thread/src/scheduler.o
 *fill*         0x0000bb05        0x3 ff
 .rodata.__FUNCTION__.2
                0x0000bb08       0x1a ./rt-thread/src/scheduler.o
 *fill*         0x0000bb22        0x2 ff
 .rodata.__FUNCTION__.1
                0x0000bb24       0x1a ./rt-thread/src/scheduler.o
 *fill*         0x0000bb3e        0x2 ff
 .rodata.__FUNCTION__.0
                0x0000bb40       0x1a ./rt-thread/src/scheduler.o
 *fill*         0x0000bb5a        0x2 ff
 .rodata        0x0000bb5c      0x19f ./rt-thread/src/thread.o
 *fill*         0x0000bcfb        0x1 ff
 .rodata.__FUNCTION__.10
                0x0000bcfc       0x10 ./rt-thread/src/thread.o
 .rodata.__FUNCTION__.9
                0x0000bd0c        0xd ./rt-thread/src/thread.o
 *fill*         0x0000bd19        0x3 ff
 .rodata.__FUNCTION__.8
                0x0000bd1c        0xf ./rt-thread/src/thread.o
 *fill*         0x0000bd2b        0x1 ff
 .rodata.__FUNCTION__.7
                0x0000bd2c       0x12 ./rt-thread/src/thread.o
 *fill*         0x0000bd3e        0x2 ff
 .rodata.__FUNCTION__.6
                0x0000bd40       0x11 ./rt-thread/src/thread.o
 *fill*         0x0000bd51        0x3 ff
 .rodata.__FUNCTION__.5
                0x0000bd54       0x11 ./rt-thread/src/thread.o
 *fill*         0x0000bd65        0x3 ff
 .rodata.__FUNCTION__.4
                0x0000bd68       0x10 ./rt-thread/src/thread.o
 .rodata.__FUNCTION__.2
                0x0000bd78       0x12 ./rt-thread/src/thread.o
 *fill*         0x0000bd8a        0x2 ff
 .rodata.__FUNCTION__.1
                0x0000bd8c       0x12 ./rt-thread/src/thread.o
 *fill*         0x0000bd9e        0x2 ff
 .rodata.__FUNCTION__.0
                0x0000bda0       0x11 ./rt-thread/src/thread.o
 *fill*         0x0000bdb1        0x3 ff
 .rodata        0x0000bdb4      0x10e ./rt-thread/src/timer.o
 *fill*         0x0000bec2        0x2 ff
 .rodata.__FUNCTION__.7
                0x0000bec4        0xe ./rt-thread/src/timer.o
 *fill*         0x0000bed2        0x2 ff
 .rodata.__FUNCTION__.6
                0x0000bed4       0x10 ./rt-thread/src/timer.o
 .rodata.__FUNCTION__.3
                0x0000bee4        0xf ./rt-thread/src/timer.o
 *fill*         0x0000bef3        0x1 ff
 .rodata.__FUNCTION__.1
                0x0000bef4        0xe ./rt-thread/src/timer.o
 *fill*         0x0000bf02        0x2 ff
 .rodata.__FUNCTION__.0
                0x0000bf04       0x11 ./rt-thread/src/timer.o
 *fill*         0x0000bf15        0x3 ff
 .rodata        0x0000bf18      0x2ce ./rt-thread/libcpu/arm/cortex-m4/cpuport.o
 *fill*         0x0000c1e6        0x2 ff
 .rodata        0x0000c1e8      0x5d3 ./rt-thread/components/finsh/cmd.o
 *fill*         0x0000c7bb        0x1 ff
 .rodata.name   0x0000c7bc      0x176 ./rt-thread/components/finsh/cmd.o
                0x0000c7bc                __fsym_clear_name
                0x0000c7c4                __fsym_clear_desc
                0x0000c7e0                __fsym_version_name
                0x0000c7e8                __fsym_version_desc
                0x0000c80c                __fsym_list_thread_name
                0x0000c818                __fsym_list_thread_desc
                0x0000c824                __fsym_list_sem_name
                0x0000c830                __fsym_list_sem_desc
                0x0000c84c                __fsym_list_event_name
                0x0000c858                __fsym_list_event_desc
                0x0000c870                __fsym_list_mutex_name
                0x0000c87c                __fsym_list_mutex_desc
                0x0000c894                __fsym_list_mailbox_name
                0x0000c8a4                __fsym_list_mailbox_desc
                0x0000c8bc                __fsym_list_msgqueue_name
                0x0000c8cc                __fsym_list_msgqueue_desc
                0x0000c8ec                __fsym_list_timer_name
                0x0000c8f8                __fsym_list_timer_desc
                0x0000c910                __fsym_list_device_name
                0x0000c91c                __fsym_list_device_desc
 *fill*         0x0000c932        0x2 ff
 .rodata.device_type_str
                0x0000c934       0x64 ./rt-thread/components/finsh/cmd.o
 .rodata        0x0000c998       0xa8 ./rt-thread/components/finsh/msh.o
 .rodata.name   0x0000ca40       0x6d ./rt-thread/components/finsh/msh.o
                0x0000ca40                __fsym_help_name
                0x0000ca48                __fsym_help_desc
                0x0000ca60                __fsym_ps_name
                0x0000ca64                __fsym_ps_desc
                0x0000ca80                __fsym_free_name
                0x0000ca88                __fsym_free_desc
 *fill*         0x0000caad        0x3 ff
 .rodata.__FUNCTION__.0
                0x0000cab0        0xe ./rt-thread/components/finsh/msh.o
 *fill*         0x0000cabe        0x2 ff
 .rodata        0x0000cac0       0x91 ./rt-thread/components/finsh/shell.o
 *fill*         0x0000cb51        0x3 ff
 .rodata.__FUNCTION__.6
                0x0000cb54       0x16 ./rt-thread/components/finsh/shell.o
 *fill*         0x0000cb6a        0x2 ff
 .rodata.__FUNCTION__.5
                0x0000cb6c        0xe ./rt-thread/components/finsh/shell.o
 *fill*         0x0000cb7a        0x2 ff
 .rodata.__FUNCTION__.4
                0x0000cb7c        0xd ./rt-thread/components/finsh/shell.o
 *fill*         0x0000cb89        0x3 ff
 .rodata.__FUNCTION__.3
                0x0000cb8c       0x11 ./rt-thread/components/finsh/shell.o
 *fill*         0x0000cb9d        0x3 ff
 .rodata        0x0000cba0      0x18b ./rt-thread/components/drivers/serial/serial_v2.o
 *fill*         0x0000cd2b        0x1 ff
 .rodata.__FUNCTION__.18
                0x0000cd2c       0x1c ./rt-thread/components/drivers/serial/serial_v2.o
 .rodata.__FUNCTION__.17
                0x0000cd48       0x1c ./rt-thread/components/drivers/serial/serial_v2.o
 .rodata.__FUNCTION__.16
                0x0000cd64       0x1d ./rt-thread/components/drivers/serial/serial_v2.o
 *fill*         0x0000cd81        0x3 ff
 .rodata.__FUNCTION__.15
                0x0000cd84       0x10 ./rt-thread/components/drivers/serial/serial_v2.o
 .rodata.__FUNCTION__.14
                0x0000cd94       0x10 ./rt-thread/components/drivers/serial/serial_v2.o
 .rodata.__FUNCTION__.13
                0x0000cda4       0x10 ./rt-thread/components/drivers/serial/serial_v2.o
 .rodata.__FUNCTION__.12
                0x0000cdb4       0x1e ./rt-thread/components/drivers/serial/serial_v2.o
 *fill*         0x0000cdd2        0x2 ff
 .rodata.__FUNCTION__.11
                0x0000cdd4       0x1d ./rt-thread/components/drivers/serial/serial_v2.o
 *fill*         0x0000cdf1        0x3 ff
 .rodata.__FUNCTION__.10
                0x0000cdf4       0x1c ./rt-thread/components/drivers/serial/serial_v2.o
 .rodata.__FUNCTION__.9
                0x0000ce10       0x14 ./rt-thread/components/drivers/serial/serial_v2.o
 .rodata.__FUNCTION__.8
                0x0000ce24       0x14 ./rt-thread/components/drivers/serial/serial_v2.o
 .rodata.__FUNCTION__.7
                0x0000ce38       0x15 ./rt-thread/components/drivers/serial/serial_v2.o
 *fill*         0x0000ce4d        0x3 ff
 .rodata.__FUNCTION__.6
                0x0000ce50       0x15 ./rt-thread/components/drivers/serial/serial_v2.o
 *fill*         0x0000ce65        0x3 ff
 .rodata.__FUNCTION__.5
                0x0000ce68        0xf ./rt-thread/components/drivers/serial/serial_v2.o
 *fill*         0x0000ce77        0x1 ff
 .rodata.__FUNCTION__.4
                0x0000ce78        0xf ./rt-thread/components/drivers/serial/serial_v2.o
 *fill*         0x0000ce87        0x1 ff
 .rodata.__FUNCTION__.3
                0x0000ce88       0x10 ./rt-thread/components/drivers/serial/serial_v2.o
 .rodata.__FUNCTION__.2
                0x0000ce98       0x12 ./rt-thread/components/drivers/serial/serial_v2.o
 *fill*         0x0000ceaa        0x2 ff
 .rodata.__FUNCTION__.1
                0x0000ceac       0x16 ./rt-thread/components/drivers/serial/serial_v2.o
 *fill*         0x0000cec2        0x2 ff
 .rodata.__FUNCTION__.0
                0x0000cec4       0x11 ./rt-thread/components/drivers/serial/serial_v2.o
 *fill*         0x0000ced5        0x3 ff
 .rodata        0x0000ced8       0x37 ./rt-thread/components/drivers/misc/pin.o
 *fill*         0x0000cf0f        0x1 ff
 .rodata.__FUNCTION__.9
                0x0000cf10        0xa ./rt-thread/components/drivers/misc/pin.o
 *fill*         0x0000cf1a        0x2 ff
 .rodata.__FUNCTION__.8
                0x0000cf1c        0xb ./rt-thread/components/drivers/misc/pin.o
 *fill*         0x0000cf27        0x1 ff
 .rodata.__FUNCTION__.7
                0x0000cf28        0xd ./rt-thread/components/drivers/misc/pin.o
 *fill*         0x0000cf35        0x3 ff
 .rodata.__FUNCTION__.6
                0x0000cf38       0x12 ./rt-thread/components/drivers/misc/pin.o
 *fill*         0x0000cf4a        0x2 ff
 .rodata.__FUNCTION__.4
                0x0000cf4c       0x12 ./rt-thread/components/drivers/misc/pin.o
 *fill*         0x0000cf5e        0x2 ff
 .rodata.__FUNCTION__.2
                0x0000cf60        0xd ./rt-thread/components/drivers/misc/pin.o
 *fill*         0x0000cf6d        0x3 ff
 .rodata.__FUNCTION__.0
                0x0000cf70        0xb ./rt-thread/components/drivers/misc/pin.o
 *fill*         0x0000cf7b        0x1 ff
 .rodata        0x0000cf7c       0xd7 ./rt-thread/components/drivers/ipc/completion.o
 *fill*         0x0000d053        0x1 ff
 .rodata.__FUNCTION__.2
                0x0000d054       0x13 ./rt-thread/components/drivers/ipc/completion.o
 *fill*         0x0000d067        0x1 ff
 .rodata.__FUNCTION__.1
                0x0000d068       0x13 ./rt-thread/components/drivers/ipc/completion.o
 *fill*         0x0000d07b        0x1 ff
 .rodata.__FUNCTION__.0
                0x0000d07c       0x13 ./rt-thread/components/drivers/ipc/completion.o
 *fill*         0x0000d08f        0x1 ff
 .rodata        0x0000d090       0x19 ./rt-thread/components/drivers/ipc/ringbuffer.o
 *fill*         0x0000d0a9        0x3 ff
 .rodata.__FUNCTION__.10
                0x0000d0ac       0x13 ./rt-thread/components/drivers/ipc/ringbuffer.o
 *fill*         0x0000d0bf        0x1 ff
 .rodata.__FUNCTION__.9
                0x0000d0c0       0x12 ./rt-thread/components/drivers/ipc/ringbuffer.o
 *fill*         0x0000d0d2        0x2 ff
 .rodata.__FUNCTION__.7
                0x0000d0d4       0x12 ./rt-thread/components/drivers/ipc/ringbuffer.o
 *fill*         0x0000d0e6        0x2 ff
 .rodata.__FUNCTION__.5
                0x0000d0e8       0x16 ./rt-thread/components/drivers/ipc/ringbuffer.o
 *fill*         0x0000d0fe        0x2 ff
 .rodata.g_ioport
                0x0000d100        0xc ./ra_gen/common_data.o
                0x0000d100                g_ioport
 .rodata.g_external_irq0_cfg
                0x0000d10c       0x14 ./ra_gen/hal_data.o
                0x0000d10c                g_external_irq0_cfg
 .rodata.g_uart7_cfg_extend
                0x0000d120       0x10 ./ra_gen/hal_data.o
                0x0000d120                g_uart7_cfg_extend
 .rodata.g_uart7_cfg
                0x0000d130       0x20 ./ra_gen/hal_data.o
                0x0000d130                g_uart7_cfg
 .rodata.g_bsp_pin_cfg_data
                0x0000d150      0x140 ./ra_gen/pin_data.o
                0x0000d150                g_bsp_pin_cfg_data
 .rodata.g_bsp_pin_cfg
                0x0000d290        0x8 ./ra_gen/pin_data.o
                0x0000d290                g_bsp_pin_cfg
 .rodata.g_interrupt_event_link_select
                0x0000d298       0xc0 ./ra_gen/vector_data.o
                0x0000d298                g_interrupt_event_link_select
 .rodata.g_ioport_on_ioport
                0x0000d358       0x38 ./ra/fsp/src/r_ioport/r_ioport.o
                0x0000d358                g_ioport_on_ioport
 .rodata.g_vbatt_pins_input
                0x0000d390        0x6 ./ra/fsp/src/r_ioport/r_ioport.o
 *fill*         0x0000d396        0x2 ff
 .rodata.g_prcr_masks
                0x0000d398        0x8 ./ra/fsp/src/bsp/mcu/all/bsp_register_protection.o
 .rodata.name   0x0000d3a0       0x16 ./libraries/HAL_Drivers/drv_common.o
                0x0000d3a0                __fsym_reboot_name
                0x0000d3a8                __fsym_reboot_desc
 *fill*         0x0000d3b6        0x2 ff
 .rodata        0x0000d3b8        0x6 ./libraries/HAL_Drivers/drv_common.o
 *fill*         0x0000d3be        0x2 ff
 .rodata        0x0000d3c0      0x170 ./libraries/HAL_Drivers/drv_gpio.o
 .rodata._ra_pin_ops
                0x0000d530       0x1c ./libraries/HAL_Drivers/drv_gpio.o
 .rodata        0x0000d54c       0x6d ./libraries/HAL_Drivers/drv_usart_v2.o
 *fill*         0x0000d5b9        0x3 ff
 .rodata.ra_uart_ops
                0x0000d5bc       0x14 ./libraries/HAL_Drivers/drv_usart_v2.o
 .rodata.__FUNCTION__.3
                0x0000d5d0       0x12 ./libraries/HAL_Drivers/drv_usart_v2.o
 *fill*         0x0000d5e2        0x2 ff
 .rodata.__FUNCTION__.2
                0x0000d5e4        0xd ./libraries/HAL_Drivers/drv_usart_v2.o
 *fill*         0x0000d5f1        0x3 ff
 .rodata.__FUNCTION__.1
                0x0000d5f4       0x14 ./libraries/HAL_Drivers/drv_usart_v2.o
 .rodata.__FUNCTION__.0
                0x0000d608       0x11 ./libraries/HAL_Drivers/drv_usart_v2.o
 *fill*         0x0000d619        0x3 ff
 .rodata._global_impure_ptr
                0x0000d61c        0x4 d:/rt-thread/rt-threadstudio/repo/extract/toolchain_support_packages/arm/gnu_tools_for_arm_embedded_processors/10.2.1/bin/../lib/gcc/arm-none-eabi/10.2.1/../../../../arm-none-eabi/lib/thumb/v8-m.main+fp/hard\libc.a(lib_a-impure.o)
                0x0000d61c                _global_impure_ptr
                0x0000d620                __usb_dev_descriptor_start_fs = .
 *(.usb_device_desc_fs*)
                0x0000d620                __usb_cfg_descriptor_start_fs = .
 *(.usb_config_desc_fs*)
                0x0000d620                __usb_interface_descriptor_start_fs = .
 *(.usb_interface_desc_fs*)
                0x0000d620                __usb_descriptor_end_fs = .
                0x0000d620                __usb_dev_descriptor_start_hs = .
 *(.usb_device_desc_hs*)
                0x0000d620                __usb_cfg_descriptor_start_hs = .
 *(.usb_config_desc_hs*)
                0x0000d620                __usb_interface_descriptor_start_hs = .
 *(.usb_interface_desc_hs*)
                0x0000d620                __usb_descriptor_end_hs = .
 *(.eh_frame*)
 .eh_frame      0x0000d620        0x0 d:/rt-thread/rt-threadstudio/repo/extract/toolchain_support_packages/arm/gnu_tools_for_arm_embedded_processors/10.2.1/bin/../lib/gcc/arm-none-eabi/10.2.1/thumb/v8-m.main+fp/hard/crtbegin.o
 .eh_frame      0x0000d620        0x4 d:/rt-thread/rt-threadstudio/repo/extract/toolchain_support_packages/arm/gnu_tools_for_arm_embedded_processors/10.2.1/bin/../lib/gcc/arm-none-eabi/10.2.1/thumb/v8-m.main+fp/hard/crtend.o
                0x0000d624                __ROM_End = .
                0x000001c0                __Vectors_Size = (__Vectors_End - __Vectors)

.glue_7         0x0000d624        0x0
 .glue_7        0x0000d624        0x0 linker stubs

.glue_7t        0x0000d624        0x0
 .glue_7t       0x0000d624        0x0 linker stubs

.vfp11_veneer   0x0000d624        0x0
 .vfp11_veneer  0x0000d624        0x0 linker stubs

.v4_bx          0x0000d624        0x0
 .v4_bx         0x0000d624        0x0 linker stubs

.iplt           0x0000d624        0x0
 .iplt          0x0000d624        0x0 d:/rt-thread/rt-threadstudio/repo/extract/toolchain_support_packages/arm/gnu_tools_for_arm_embedded_processors/10.2.1/bin/../lib/gcc/arm-none-eabi/10.2.1/thumb/v8-m.main+fp/hard/crtbegin.o

.ARM.extab
 *(.ARM.extab* .gnu.linkonce.armextab.*)
                0x0000d624                __exidx_start = .

.ARM.exidx
 *(.ARM.exidx* .gnu.linkonce.armexidx.*)
                0x0000d624                __exidx_end = .
                0x0000d624                __etext = .
                0x20000000                __tz_RAM_S = ORIGIN (RAM)

.fsp_dtc_vector_table
                0x20000000        0x0
                0x20000000                . = ORIGIN (RAM)
 *(.fsp_dtc_vector_table)

.data           0x20000000      0x4e8 load address 0x0000d624
                0x20000000                __data_start__ = .
                0x20000000                . = ALIGN (0x4)
                0x20000000                __Code_In_RAM_Start = .
 *(.code_in_ram*)
                0x20000000                __Code_In_RAM_End = .
 *(vtable)
 *(.data.*)
 .data._rt_thread_defunct
                0x20000000        0x8 ./rt-thread/src/idle.o
 .data._object_container
                0x20000008       0x90 ./rt-thread/src/object.o
 .data._soft_timer_status
                0x20000098        0x1 ./rt-thread/src/timer.o
 *fill*         0x20000099        0x3 
 .data.g_uart7_baud_setting
                0x2000009c        0x4 ./ra_gen/hal_data.o
                0x2000009c                g_uart7_baud_setting
 .data.uart_config
                0x200000a0        0xc ./libraries/HAL_Drivers/drv_usart_v2.o
 *fill*         0x200000ac        0x4 
 .data.impure_data
                0x200000b0      0x428 d:/rt-thread/rt-threadstudio/repo/extract/toolchain_support_packages/arm/gnu_tools_for_arm_embedded_processors/10.2.1/bin/../lib/gcc/arm-none-eabi/10.2.1/../../../../arm-none-eabi/lib/thumb/v8-m.main+fp/hard\libc.a(lib_a-impure.o)
 .data.__atexit_recursive_mutex
                0x200004d8        0x4 d:/rt-thread/rt-threadstudio/repo/extract/toolchain_support_packages/arm/gnu_tools_for_arm_embedded_processors/10.2.1/bin/../lib/gcc/arm-none-eabi/10.2.1/../../../../arm-none-eabi/lib/thumb/v8-m.main+fp/hard\libc.a(lib_a-__call_atexit.o)
                0x200004d8                __atexit_recursive_mutex
 *(.data)
                0x200004dc                . = ALIGN (0x4)
                [!provide]                PROVIDE (__preinit_array_start = .)
 *(.preinit_array)
                [!provide]                PROVIDE (__preinit_array_end = .)
                0x200004dc                . = ALIGN (0x4)
                0x200004dc                PROVIDE (__init_array_start = .)
 *(SORT_BY_NAME(.init_array.*))
 .init_array.00000
                0x200004dc        0x4 d:/rt-thread/rt-threadstudio/repo/extract/toolchain_support_packages/arm/gnu_tools_for_arm_embedded_processors/10.2.1/bin/../lib/gcc/arm-none-eabi/10.2.1/../../../../arm-none-eabi/lib/thumb/v8-m.main+fp/hard\libc.a(lib_a-__call_atexit.o)
 *(.init_array)
 .init_array    0x200004e0        0x4 d:/rt-thread/rt-threadstudio/repo/extract/toolchain_support_packages/arm/gnu_tools_for_arm_embedded_processors/10.2.1/bin/../lib/gcc/arm-none-eabi/10.2.1/thumb/v8-m.main+fp/hard/crtbegin.o
                0x200004e4                PROVIDE (__init_array_end = .)
                0x200004e4                . = ALIGN (0x4)
                0x200004e4                PROVIDE (__fini_array_start = .)
 *(SORT_BY_NAME(.fini_array.*))
 *(.fini_array)
 .fini_array    0x200004e4        0x4 d:/rt-thread/rt-threadstudio/repo/extract/toolchain_support_packages/arm/gnu_tools_for_arm_embedded_processors/10.2.1/bin/../lib/gcc/arm-none-eabi/10.2.1/thumb/v8-m.main+fp/hard/crtbegin.o
                0x200004e8                PROVIDE (__fini_array_end = .)
 *(.jcr*)
                0x200004e8                . = ALIGN (0x4)
                0x200004e8                __data_end__ = .

.igot.plt       0x200004e8        0x0 load address 0x0000db0c
 .igot.plt      0x200004e8        0x0 d:/rt-thread/rt-threadstudio/repo/extract/toolchain_support_packages/arm/gnu_tools_for_arm_embedded_processors/10.2.1/bin/../lib/gcc/arm-none-eabi/10.2.1/thumb/v8-m.main+fp/hard/crtbegin.o

.gnu.sgstubs    0x0000dc00        0x0
                0x0000dc00                . = (DEFINED (PROJECT_SECURE) && DEFINED (FLASH_NSC_START))?ABSOLUTE (FLASH_NSC_START):ALIGN (0x400)
                0x0000dc00                __tz_FLASH_C = DEFINED (FLASH_NSC_START)?ABSOLUTE (FLASH_NSC_START):__RESERVE_NS_RAM?ABSOLUTE ((FLASH_START + FLASH_LENGTH)):ALIGN (0x400)
                0x0000dc00                _start_sg = .
 *(.gnu.sgstubs*)
                0x0000dc00                . = ALIGN (0x20)
                0x0000dc00                _end_sg = .
                0x00010000                __tz_FLASH_N = DEFINED (FLASH_NS_START)?ABSOLUTE (FLASH_NS_START):__RESERVE_NS_RAM?ABSOLUTE ((FLASH_START + FLASH_LENGTH)):(FLASH_LENGTH < 0x8000)?FLASH_LENGTH:ALIGN (0x8000)
                0x00010000                FLASH_NS_IMAGE_START = DEFINED (FLASH_NS_IMAGE_START)?FLASH_NS_IMAGE_START:__tz_FLASH_N
                0x60000000                __tz_QSPI_FLASH_S = ORIGIN (QSPI_FLASH)

.qspi_flash     0x60000000        0x0
                0x60000000                __qspi_flash_start__ = .
 *(.qspi_flash*)
 *(.code_in_qspi*)
                0x60000000                __qspi_flash_end__ = .
                0x00000000                __qspi_flash_code_size__ = (__qspi_flash_end__ - __qspi_flash_start__)
                0x0000db0c                __qspi_flash_code_addr__ = (__etext + (__data_end__ - __data_start__))

.qspi_non_retentive
                0x60000000        0x0 load address 0x0000db0c
                0x60000000                __qspi_non_retentive_start__ = .
 *(.qspi_non_retentive*)
                0x60000000                __qspi_non_retentive_end__ = .
                0x00000000                __qspi_non_retentive_size__ = (__qspi_non_retentive_end__ - __qspi_non_retentive_start__)
                0x04000000                __qspi_region_max_size__ = 0x4000000
                0x60000000                __qspi_region_start_address__ = __qspi_flash_start__
                0x64000000                __qspi_region_end_address__ = (__qspi_flash_start__ + __qspi_region_max_size__)
                0x60000000                __tz_QSPI_FLASH_N = __qspi_non_retentive_end__

.OSPI_DEVICE_0_NO_LOAD
                0x68000000        0x0
                0x68000000                . = ALIGN (0x4)
                0x68000000                __ospi_device_0_start__ = .
 *(.ospi_device_0_no_load*)
                0x68000000                . = ALIGN (0x4)
                0x68000000                __ospi_device_0_end__ = .

.OSPI_DEVICE_1_NO_LOAD
                0x70000000        0x0
                0x70000000                . = ALIGN (0x4)
                0x70000000                __ospi_device_1_start__ = .
 *(.ospi_device_1_no_load*)
                0x70000000                . = ALIGN (0x4)
                0x70000000                __ospi_device_1_end__ = .
                0x68000000                __tz_OSPI_DEVICE_0_S = ORIGIN (OSPI_DEVICE_0)

.OSPI_DEVICE_0  0x68000000        0x0
                0x68000000                __ospi_device_0_start__ = .
 *(.ospi_device_0*)
 *(.code_in_ospi_device_0*)
                0x68000000                __ospi_device_0_end__ = .
                0x00000000                __ospi_device_0_code_size__ = (__ospi_device_0_end__ - __ospi_device_0_start__)
                0x0000db0c                __ospi_device_0_code_addr__ = (__etext + (__data_end__ - __data_start__))

.ospi_device_0_non_retentive
                0x68000000        0x0 load address 0x0000db0c
                0x68000000                __ospi_device_0_non_retentive_start__ = .
 *(.ospi_device_0_non_retentive*)
                0x68000000                __ospi_device_0_non_retentive_end__ = .
                0x00000000                __ospi_device_0_non_retentive_size__ = (__ospi_device_0_non_retentive_end__ - __ospi_device_0_non_retentive_start__)
                0x08000000                __ospi_device_0_region_max_size__ = 0x8000000
                0x68000000                __ospi_device_0_region_start_address__ = __ospi_device_0_start__
                0x70000000                __ospi_device_0_region_end_address__ = (__ospi_device_0_start__ + __ospi_device_0_region_max_size__)
                0x68000000                __tz_OSPI_DEVICE_0_N = __ospi_device_0_non_retentive_end__
                0x70000000                __tz_OSPI_DEVICE_1_S = ORIGIN (OSPI_DEVICE_1)

.OSPI_DEVICE_1  0x70000000        0x0
                0x70000000                __ospi_device_1_start__ = .
 *(.ospi_device_1*)
 *(.code_in_ospi_device_1*)
                0x70000000                __ospi_device_1_end__ = .
                0x00000000                __ospi_device_1_code_size__ = (__ospi_device_1_end__ - __ospi_device_1_start__)
                0x0000db0c                __ospi_device_1_code_addr__ = (__etext + (__data_end__ - __data_start__))

.ospi_device_1_non_retentive
                0x70000000        0x0 load address 0x0000db0c
                0x70000000                __ospi_device_1_non_retentive_start__ = .
 *(.ospi_device_1_non_retentive*)
                0x70000000                __ospi_device_1_non_retentive_end__ = .
                0x00000000                __ospi_device_1_non_retentive_size__ = (__ospi_device_1_non_retentive_end__ - __ospi_device_1_non_retentive_start__)
                0x10000000                __ospi_device_1_region_max_size__ = 0x10000000
                0x70000000                __ospi_device_1_region_start_address__ = __ospi_device_1_start__
                0x80000000                __ospi_device_1_region_end_address__ = (__ospi_device_1_start__ + __ospi_device_1_region_max_size__)
                0x70000000                __tz_OSPI_DEVICE_1_N = __ospi_device_1_non_retentive_end__

.noinit         0x200004e8       0x20
                0x200004e8                . = ALIGN (0x4)
                0x200004e8                __noinit_start = .
 *(.noinit*)
 .noinit        0x200004e8       0x1c ./ra/fsp/src/bsp/mcu/all/bsp_clocks.o
                0x20000508                . = ALIGN (0x8)
 *fill*         0x20000504        0x4 
 *(.heap.*)
                0x20000508                __noinit_end = .

.bss            0x20000508     0x1378
                0x20000508                . = ALIGN (0x4)
                0x20000508                __bss_start__ = .
 *(.bss*)
 .bss           0x20000508       0x1c d:/rt-thread/rt-threadstudio/repo/extract/toolchain_support_packages/arm/gnu_tools_for_arm_embedded_processors/10.2.1/bin/../lib/gcc/arm-none-eabi/10.2.1/thumb/v8-m.main+fp/hard/crtbegin.o
 *fill*         0x20000524        0x4 
 .bss.static_thread
                0x20000528       0x80 ./src/hal_entry.o
                0x20000528                static_thread
 .bss.static_stack
                0x200005a8      0x800 ./src/hal_entry.o
                0x200005a8                static_stack
 .bss.rt_tick   0x20000da8        0x4 ./rt-thread/src/clock.o
 .bss.rt_tick_hook
                0x20000dac        0x4 ./rt-thread/src/clock.o
 .bss.idle      0x20000db0       0x80 ./rt-thread/src/idle.o
 .bss.rt_thread_stack
                0x20000e30      0x100 ./rt-thread/src/idle.o
 .bss.idle_hook_list
                0x20000f30       0x10 ./rt-thread/src/idle.o
 .bss.rt_interrupt_enter_hook
                0x20000f40        0x4 ./rt-thread/src/irq.o
 .bss.rt_interrupt_leave_hook
                0x20000f44        0x4 ./rt-thread/src/irq.o
 .bss.rt_interrupt_nest
                0x20000f48        0x1 ./rt-thread/src/irq.o
                0x20000f48                rt_interrupt_nest
 *fill*         0x20000f49        0x3 
 .bss.__rt_errno
                0x20000f4c        0x4 ./rt-thread/src/kservice.o
 .bss._console_device
                0x20000f50        0x4 ./rt-thread/src/kservice.o
 .bss.rt_malloc_hook
                0x20000f54        0x4 ./rt-thread/src/kservice.o
 .bss.rt_free_hook